--------- beginning of crash
08-18 00:24:46.642  1575  1575 I libimsma_adapt: mtk-brm-commit-id:none
08-18 00:24:46.642  1575  1575 I libimsma_adapt: mtk-brm-change-id:none
08-18 00:24:46.642  1575  1575 I libimsma_adapt: mtk-brm-merge-id:none
08-18 01:56:28.837   649   649 F libc    : crash_dump helper failed to exec, or was killed
08-18 01:56:28.986   758   758 F libc    : crash_dump helper failed to exec, or was killed
--------- beginning of system
08-18 16:45:46.655  1553  1962 I AppsFilter: interaction: PackageSetting{bc847ee com.example.integra_date/10462} -> PackageSetting{b818169 com.facebook.appmanager/10286} BLOCKED
08-18 16:45:46.846  1553  1875 I DisplayDeviceRepository: Display device changed: DisplayDeviceInfo{"Built-in Screen": uniqueId="local:0", 1080 x 2400, modeId 1, renderFrameRate 60.0, defaultModeId 1, supportedModes [{id=1, width=1080, height=2400, fps=60.0, alternativeRefreshRates=[90.0, 120.00001], supportedHdrTypes=[2, 3, 4]}, {id=2, width=1080, height=2400, fps=120.00001, alternativeRefreshRates=[60.0, 90.0], supportedHdrTypes=[2, 3, 4]}, {id=3, width=1080, height=2400, fps=90.0, alternativeRefreshRates=[60.0, 120.00001], supportedHdrTypes=[2, 3, 4]}], supportedReadyForModes [], colorMode 0, supportedColorModes [0, 7, 9], hdrCapabilities HdrCapabilities{mSupportedHdrTypes=[2, 3, 4], mMaxLuminance=500.0, mMaxAverageLuminance=500.0, mMinLuminance=0.0}, allmSupported false, gameContentTypeSupported false, density 400, 405.103 x 405.103 dpi, appVsyncOff 8400000, presDeadline 28600000, cutout DisplayCutout{insets=Rect(0, 117 - 0, 0) waterfall=Insets{left=0, top=0, right=0, bottom=0} boundingRect={Bounds=[Rect(0, 0 - 0, 0), Rect(500, 0 - 580, 117), Rect(0, 0 - 0, 0), Rect(0, 0 - 0, 0)]} cutoutPathParserInfo={CutoutPathParserInfo{displayWidth=1080 displayHeight=2400 physicalDisplayWidth=1080 physicalDisplayHeight=2400 density={2.5} cutoutSpec={M -40,0 L 40,0 L 40,117 L -40,117 Z} rotation={0} scale={1.0} physicalPixelDisplaySizeRatio={1.0}}}}, touch INTERNAL, rotation 0, type INTERNAL, address {port=0}, deviceProductInfo null, state ON, committedState ON, frameRateOverride , brightnessMinimum 0.0, brightnessMaximum 1.0, brightnessDefault 0.4, hdrSdrRatio 1.0, roundedCorners RoundedCorners{[RoundedCorner{position=TopLeft, radius=95, center=Point(95, 95)}, RoundedCorner{position=TopRight, radius=95, center=Point(985, 95)}, RoundedCorner{position=BottomRight, radius=95, center=Point(985, 2305)}, RoundedCorner{position=BottomLeft, radius=95, center=Point(95, 2305)}]}, FLAG_ALLOWED_TO_BE_DEFAULT_DISPLAY, FLAG_ROTATES_WITH_CONTENT, FLAG_SECURE, FLAG_SUPPORTS_PROTECTED_BUFFERS, FLAG_TRUSTED, installOrientation 0, displayShape DisplayShape{ spec=-1893857183 displayWidth=1080 displayHeight=2400 physicalPixelDisplaySizeRatio=1.0 rotation=0 offsetX=0 offsetY=0 scale=1.0}}
08-18 16:45:46.850  1553  1875 D DisplayManagerService: Ignore redundant display event 0/2 to 10228/16938
08-18 16:45:47.060  1553  1890 W UserManagerService: onPackageModified for another profile 0 from 11
08-18 16:45:47.199  1553  1891 D ActivityManager: unfreezing ProcessRecord{3c548b8 29348:com.google.android.gms/u0a200}, reason = shouldNotFreeze_allowlist, adj = 925, adjType = cch-empty, adjSource = null
08-18 16:45:47.217  1553  1891 D ActivityManager: sync unfroze 29348 com.google.android.gms for 10
08-18 16:45:47.217  1553  1891 D ActivityManager: unfreezing ProcessRecord{5abec20 15808:com.google.process.gapps/u0a200}, reason = shouldNotFreeze_allowlist, adj = 955, adjType = cch-empty, adjSource = null
08-18 16:45:47.218  1553  1891 D ActivityManager: sync unfroze 15808 com.google.process.gapps for 10
08-18 16:45:47.272  1553  1875 I DisplayDeviceRepository: Display device changed: DisplayDeviceInfo{"Built-in Screen": uniqueId="local:0", 1080 x 2400, modeId 2, renderFrameRate 120.00001, defaultModeId 1, supportedModes [{id=1, width=1080, height=2400, fps=60.0, alternativeRefreshRates=[90.0, 120.00001], supportedHdrTypes=[2, 3, 4]}, {id=2, width=1080, height=2400, fps=120.00001, alternativeRefreshRates=[60.0, 90.0], supportedHdrTypes=[2, 3, 4]}, {id=3, width=1080, height=2400, fps=90.0, alternativeRefreshRates=[60.0, 120.00001], supportedHdrTypes=[2, 3, 4]}], supportedReadyForModes [], colorMode 0, supportedColorModes [0, 7, 9], hdrCapabilities HdrCapabilities{mSupportedHdrTypes=[2, 3, 4], mMaxLuminance=500.0, mMaxAverageLuminance=500.0, mMinLuminance=0.0}, allmSupported false, gameContentTypeSupported false, density 400, 405.103 x 405.103 dpi, appVsyncOff -8000000, presDeadline 18388889, cutout DisplayCutout{insets=Rect(0, 117 - 0, 0) waterfall=Insets{left=0, top=0, right=0, bottom=0} boundingRect={Bounds=[Rect(0, 0 - 0, 0), Rect(500, 0 - 580, 117), Rect(0, 0 - 0, 0), Rect(0, 0 - 0, 0)]} cutoutPathParserInfo={CutoutPathParserInfo{displayWidth=1080 displayHeight=2400 physicalDisplayWidth=1080 physicalDisplayHeight=2400 density={2.5} cutoutSpec={M -40,0 L 40,0 L 40,117 L -40,117 Z} rotation={0} scale={1.0} physicalPixelDisplaySizeRatio={1.0}}}}, touch INTERNAL, rotation 0, type INTERNAL, address {port=0}, deviceProductInfo null, state ON, committedState ON, frameRateOverride , brightnessMinimum 0.0, brightnessMaximum 1.0, brightnessDefault 0.4, hdrSdrRatio 1.0, roundedCorners RoundedCorners{[RoundedCorner{position=TopLeft, radius=95, center=Point(95, 95)}, RoundedCorner{position=TopRight, radius=95, center=Point(985, 95)}, RoundedCorner{position=BottomRight, radius=95, center=Point(985, 2305)}, RoundedCorner{position=BottomLeft, radius=95, center=Point(95, 2305)}]}, FLAG_ALLOWED_TO_BE_DEFAULT_DISPLAY, FLAG_ROTATES_WITH_CONTENT, FLAG_SECURE, FLAG_SUPPORTS_PROTECTED_BUFFERS, FLAG_TRUSTED, installOrientation 0, displayShape DisplayShape{ spec=-1893857183 displayWidth=1080 displayHeight=2400 physicalPixelDisplaySizeRatio=1.0 rotation=0 offsetX=0 offsetY=0 scale=1.0}}
08-18 16:45:47.277  1553  1875 D DisplayManagerService: Ignore redundant display event 0/2 to 10228/16938
08-18 16:45:48.427  1553 12761 W ContextImpl: Calling a method in the system process without a qualified user: android.app.ContextImpl.sendBroadcast:1246 com.android.server.location.provider.LocationProviderManager$LocationRegistration$1.test:1006 com.android.server.location.provider.LocationProviderManager$LocationRegistration$1.test:960 android.location.LocationResult.filter:191 com.android.server.location.provider.LocationProviderManager$LocationRegistration.acceptLocationChange:959 
08-18 16:45:48.429  1553 12761 W ContextImpl: Calling a method in the system process without a qualified user: android.app.ContextImpl.sendBroadcast:1246 com.android.server.location.provider.LocationProviderManager$LocationRegistration$1.test:1006 com.android.server.location.provider.LocationProviderManager$LocationRegistration$1.test:960 android.location.LocationResult.filter:191 com.android.server.location.provider.LocationProviderManager$LocationRegistration.acceptLocationChange:959 
08-18 16:45:48.430  1553 12761 W ContextImpl: Calling a method in the system process without a qualified user: android.app.ContextImpl.sendBroadcast:1246 com.android.server.location.provider.LocationProviderManager$LocationRegistration$1.test:1006 com.android.server.location.provider.LocationProviderManager$LocationRegistration$1.test:960 android.location.LocationResult.filter:191 com.android.server.location.provider.LocationProviderManager$LocationRegistration.acceptLocationChange:959 
08-18 16:45:48.432  1553 12761 W ContextImpl: Calling a method in the system process without a qualified user: android.app.ContextImpl.sendBroadcast:1246 com.android.server.location.provider.LocationProviderManager$LocationRegistration$1.test:1006 com.android.server.location.provider.LocationProviderManager$LocationRegistration$1.test:960 android.location.LocationResult.filter:191 com.android.server.location.provider.LocationProviderManager$LocationRegistration.acceptLocationChange:959 
08-18 16:45:48.433  1553 12761 W ContextImpl: Calling a method in the system process without a qualified user: android.app.ContextImpl.sendBroadcast:1246 com.android.server.location.provider.LocationProviderManager$LocationRegistration$1.test:1006 com.android.server.location.provider.LocationProviderManager$LocationRegistration$1.test:960 android.location.LocationResult.filter:191 com.android.server.location.provider.LocationProviderManager$LocationRegistration.acceptLocationChange:959 
08-18 16:45:48.434  1553 12761 W ContextImpl: Calling a method in the system process without a qualified user: android.app.ContextImpl.sendBroadcast:1246 com.android.server.location.provider.LocationProviderManager$LocationRegistration$1.test:1006 com.android.server.location.provider.LocationProviderManager$LocationRegistration$1.test:960 android.location.LocationResult.filter:191 com.android.server.location.provider.LocationProviderManager$LocationRegistration.acceptLocationChange:959 
08-18 16:45:48.436  1553 12761 W ContextImpl: Calling a method in the system process without a qualified user: android.app.ContextImpl.sendBroadcast:1246 com.android.server.location.provider.LocationProviderManager$LocationRegistration$1.test:1006 com.android.server.location.provider.LocationProviderManager$LocationRegistration$1.test:960 android.location.LocationResult.filter:191 com.android.server.location.provider.LocationProviderManager$LocationRegistration.acceptLocationChange:959 
08-18 16:45:48.489  1553  2476 W ContextImpl: Calling a method in the system process without a qualified user: android.app.ContextImpl.sendBroadcast:1246 com.android.server.location.gnss.GnssStatusProvider.onReportStatus:176 com.android.server.location.gnss.hal.GnssNative.lambda$reportStatus$1:1057 com.android.server.location.gnss.hal.GnssNative.$r8$lambda$F6DnFXuQAsM3YqWh-0NCwFi1vMk:0 com.android.server.location.gnss.hal.GnssNative$$ExternalSyntheticLambda21.runOrThrow:0 
08-18 16:45:52.396  1553  1553 V UiModeManager: updateLocked: null action, mDockState=0, category=null
08-18 16:45:52.397  1553  1553 D UiModeManager: updateConfigurationLocked: mDockState=0; mCarMode=false; mNightMode=2; mNightModeCustomType=-1; uiMode=33
08-18 16:45:52.399  2451  3622 D PowerUI : can't show warning due to - plugged: true status unknown: false
08-18 16:45:56.056  1553  2108 D ActivityManager: freezing 17962 com.facebook.appmanager, reason = oom_cached
08-18 16:46:01.765  1553 12217 W ProcessStats: Tracking association SourceState{ea758b3 com.google.android.gms.persistent/10200 BTop #46352} whose proc state 2 is better than process ProcessState{fc6c545 com.google.android.gms.unstable/10200 pkg=com.google.android.gms} proc state 14 (61 skipped)
08-18 16:46:05.633  1553  2059 D BatteryService: uevent={POWER_SUPPLY_VOLTAGE_NOW=4395000, POWER_SUPPLY_VBUS_PRESENT=true, POWER_SUPPLY_TYPE=Battery, POWER_SUPPLY_HEALTH=Good, POWER_SUPPLY_TECHNOLOGY=Li-ion, POWER_SUPPLY_CHARGE_FULL_DESIGN=4945000, POWER_SUPPLY_CONSTANT_CHARGE_VOLTAGE=4710, SEQNUM=12433, POWER_SUPPLY_STATUS=Full, POWER_SUPPLY_CYCLE_COUNT=285, POWER_SUPPLY_CAPACITY=100, DEVPATH=/devices/platform/11b20000.i2c/i2c-5/5-0034/11b20000.i2c:mt6375@34:mtk_gauge/power_supply/battery, POWER_SUPPLY_CHARGE_RATE=Normal, POWER_SUPPLY_CURRENT_AVG=-25300, POWER_SUPPLY_CAPACITY_LEVEL=Full, POWER_SUPPLY_CURRENT_NOW=600, POWER_SUPPLY_PRESENT=1, POWER_SUPPLY_POWER_WATT=2, POWER_SUPPLY_CHARGE_FULL=4833000, POWER_SUPPLY_TIME_TO_FULL_NOW=0, SUBSYSTEM=power_supply, POWER_SUPPLY_TEMP=280, ACTION=change, POWER_SUPPLY_AGE=90, POWER_SUPPLY_NAME=battery, POWER_SUPPLY_LPD_PRESENT=false, POWER_SUPPLY_CHARGE_COUNTER=4833000}
08-18 16:46:05.634  1553  2059 D BatteryService: uevent={POWER_SUPPLY_VOLTAGE_NOW=4395000, POWER_SUPPLY_VBUS_PRESENT=true, POWER_SUPPLY_TYPE=Battery, POWER_SUPPLY_HEALTH=Good, POWER_SUPPLY_TECHNOLOGY=Li-ion, POWER_SUPPLY_CHARGE_FULL_DESIGN=4945000, POWER_SUPPLY_CONSTANT_CHARGE_VOLTAGE=4710, SEQNUM=12433, POWER_SUPPLY_STATUS=Full, POWER_SUPPLY_CYCLE_COUNT=285, POWER_SUPPLY_CAPACITY=100, DEVPATH=/devices/platform/11b20000.i2c/i2c-5/5-0034/11b20000.i2c:mt6375@34:mtk_gauge/power_supply/battery, POWER_SUPPLY_CHARGE_RATE=Normal, POWER_SUPPLY_CURRENT_AVG=-25300, POWER_SUPPLY_CAPACITY_LEVEL=Full, POWER_SUPPLY_CURRENT_NOW=600, POWER_SUPPLY_PRESENT=1, POWER_SUPPLY_POWER_WATT=2, POWER_SUPPLY_CHARGE_FULL=4833000, POWER_SUPPLY_TIME_TO_FULL_NOW=0, SUBSYSTEM=power_supply, POWER_SUPPLY_TEMP=280, ACTION=change, POWER_SUPPLY_AGE=90, POWER_SUPPLY_NAME=battery, POWER_SUPPLY_LPD_PRESENT=false, POWER_SUPPLY_CHARGE_COUNTER=4833000}
08-18 16:46:05.642  2451  3620 D PowerUI : can't show warning due to - plugged: true status unknown: false
08-18 16:46:05.648  1553  1553 V UiModeManager: updateLocked: null action, mDockState=0, category=null
08-18 16:46:05.648  2451  3634 D PowerUI : can't show warning due to - plugged: true status unknown: false
08-18 16:46:05.649  1553  1553 D UiModeManager: updateConfigurationLocked: mDockState=0; mCarMode=false; mNightMode=2; mNightModeCustomType=-1; uiMode=33
08-18 16:46:05.650  1553  1553 V UiModeManager: updateLocked: null action, mDockState=0, category=null
08-18 16:46:05.651  1553  1553 D UiModeManager: updateConfigurationLocked: mDockState=0; mCarMode=false; mNightMode=2; mNightModeCustomType=-1; uiMode=33
08-18 16:46:17.290  1553  2108 D ActivityManager: freezing 29348 com.google.android.gms, reason = oom_cached
08-18 16:46:17.293  1553  2108 D ActivityManager: freezing 15808 com.google.process.gapps, reason = oom_cached
08-18 16:46:25.669  1553  2059 D BatteryService: uevent={POWER_SUPPLY_VOLTAGE_NOW=4395000, POWER_SUPPLY_VBUS_PRESENT=true, POWER_SUPPLY_TYPE=Battery, POWER_SUPPLY_HEALTH=Good, POWER_SUPPLY_TECHNOLOGY=Li-ion, POWER_SUPPLY_CHARGE_FULL_DESIGN=4945000, POWER_SUPPLY_CONSTANT_CHARGE_VOLTAGE=4710, SEQNUM=12434, POWER_SUPPLY_STATUS=Full, POWER_SUPPLY_CYCLE_COUNT=285, POWER_SUPPLY_CAPACITY=100, DEVPATH=/devices/platform/11b20000.i2c/i2c-5/5-0034/11b20000.i2c:mt6375@34:mtk_gauge/power_supply/battery, POWER_SUPPLY_CHARGE_RATE=Normal, POWER_SUPPLY_CURRENT_AVG=-300, POWER_SUPPLY_CAPACITY_LEVEL=Full, POWER_SUPPLY_CURRENT_NOW=600, POWER_SUPPLY_PRESENT=1, POWER_SUPPLY_POWER_WATT=2, POWER_SUPPLY_CHARGE_FULL=4833000, POWER_SUPPLY_TIME_TO_FULL_NOW=0, SUBSYSTEM=power_supply, POWER_SUPPLY_TEMP=280, ACTION=change, POWER_SUPPLY_AGE=90, POWER_SUPPLY_NAME=battery, POWER_SUPPLY_LPD_PRESENT=false, POWER_SUPPLY_CHARGE_COUNTER=4833000}
08-18 16:46:25.670  1553  2059 D BatteryService: uevent={POWER_SUPPLY_VOLTAGE_NOW=4395000, POWER_SUPPLY_VBUS_PRESENT=true, POWER_SUPPLY_TYPE=Battery, POWER_SUPPLY_HEALTH=Good, POWER_SUPPLY_TECHNOLOGY=Li-ion, POWER_SUPPLY_CHARGE_FULL_DESIGN=4945000, POWER_SUPPLY_CONSTANT_CHARGE_VOLTAGE=4710, SEQNUM=12434, POWER_SUPPLY_STATUS=Full, POWER_SUPPLY_CYCLE_COUNT=285, POWER_SUPPLY_CAPACITY=100, DEVPATH=/devices/platform/11b20000.i2c/i2c-5/5-0034/11b20000.i2c:mt6375@34:mtk_gauge/power_supply/battery, POWER_SUPPLY_CHARGE_RATE=Normal, POWER_SUPPLY_CURRENT_AVG=-300, POWER_SUPPLY_CAPACITY_LEVEL=Full, POWER_SUPPLY_CURRENT_NOW=600, POWER_SUPPLY_PRESENT=1, POWER_SUPPLY_POWER_WATT=2, POWER_SUPPLY_CHARGE_FULL=4833000, POWER_SUPPLY_TIME_TO_FULL_NOW=0, SUBSYSTEM=power_supply, POWER_SUPPLY_TEMP=280, ACTION=change, POWER_SUPPLY_AGE=90, POWER_SUPPLY_NAME=battery, POWER_SUPPLY_LPD_PRESENT=false, POWER_SUPPLY_CHARGE_COUNTER=4833000}
08-18 16:46:25.682  2451  3623 D PowerUI : can't show warning due to - plugged: true status unknown: false
08-18 16:46:25.683  1553  1553 V UiModeManager: updateLocked: null action, mDockState=0, category=null
08-18 16:46:25.684  1553  1553 D UiModeManager: updateConfigurationLocked: mDockState=0; mCarMode=false; mNightMode=2; mNightModeCustomType=-1; uiMode=33
08-18 16:46:25.688  1553  1553 V UiModeManager: updateLocked: null action, mDockState=0, category=null
08-18 16:46:25.689  1553  1553 D UiModeManager: updateConfigurationLocked: mDockState=0; mCarMode=false; mNightMode=2; mNightModeCustomType=-1; uiMode=33
08-18 16:46:25.691  2451  3621 D PowerUI : can't show warning due to - plugged: true status unknown: false
08-18 16:46:45.702  1553  2059 D BatteryService: uevent={POWER_SUPPLY_VOLTAGE_NOW=4394000, POWER_SUPPLY_VBUS_PRESENT=true, POWER_SUPPLY_TYPE=Battery, POWER_SUPPLY_HEALTH=Good, POWER_SUPPLY_TECHNOLOGY=Li-ion, POWER_SUPPLY_CHARGE_FULL_DESIGN=4945000, POWER_SUPPLY_CONSTANT_CHARGE_VOLTAGE=4710, SEQNUM=12435, POWER_SUPPLY_STATUS=Full, POWER_SUPPLY_CYCLE_COUNT=285, POWER_SUPPLY_CAPACITY=100, DEVPATH=/devices/platform/11b20000.i2c/i2c-5/5-0034/11b20000.i2c:mt6375@34:mtk_gauge/power_supply/battery, POWER_SUPPLY_CHARGE_RATE=Normal, POWER_SUPPLY_CURRENT_AVG=-300, POWER_SUPPLY_CAPACITY_LEVEL=Full, POWER_SUPPLY_CURRENT_NOW=0, POWER_SUPPLY_PRESENT=1, POWER_SUPPLY_POWER_WATT=2, POWER_SUPPLY_CHARGE_FULL=4833000, POWER_SUPPLY_TIME_TO_FULL_NOW=0, SUBSYSTEM=power_supply, POWER_SUPPLY_TEMP=280, ACTION=change, POWER_SUPPLY_AGE=90, POWER_SUPPLY_NAME=battery, POWER_SUPPLY_LPD_PRESENT=false, POWER_SUPPLY_CHARGE_COUNTER=4833000}
08-18 16:46:45.703  1553  2059 D BatteryService: uevent={POWER_SUPPLY_VOLTAGE_NOW=4394000, POWER_SUPPLY_VBUS_PRESENT=true, POWER_SUPPLY_TYPE=Battery, POWER_SUPPLY_HEALTH=Good, POWER_SUPPLY_TECHNOLOGY=Li-ion, POWER_SUPPLY_CHARGE_FULL_DESIGN=4945000, POWER_SUPPLY_CONSTANT_CHARGE_VOLTAGE=4710, SEQNUM=12435, POWER_SUPPLY_STATUS=Full, POWER_SUPPLY_CYCLE_COUNT=285, POWER_SUPPLY_CAPACITY=100, DEVPATH=/devices/platform/11b20000.i2c/i2c-5/5-0034/11b20000.i2c:mt6375@34:mtk_gauge/power_supply/battery, POWER_SUPPLY_CHARGE_RATE=Normal, POWER_SUPPLY_CURRENT_AVG=-300, POWER_SUPPLY_CAPACITY_LEVEL=Full, POWER_SUPPLY_CURRENT_NOW=0, POWER_SUPPLY_PRESENT=1, POWER_SUPPLY_POWER_WATT=2, POWER_SUPPLY_CHARGE_FULL=4833000, POWER_SUPPLY_TIME_TO_FULL_NOW=0, SUBSYSTEM=power_supply, POWER_SUPPLY_TEMP=280, ACTION=change, POWER_SUPPLY_AGE=90, POWER_SUPPLY_NAME=battery, POWER_SUPPLY_LPD_PRESENT=false, POWER_SUPPLY_CHARGE_COUNTER=4833000}
08-18 16:46:45.714  2451  2872 D PowerUI : can't show warning due to - plugged: true status unknown: false
08-18 16:46:45.716  1553  1553 V UiModeManager: updateLocked: null action, mDockState=0, category=null
08-18 16:46:45.717  1553  1553 D UiModeManager: updateConfigurationLocked: mDockState=0; mCarMode=false; mNightMode=2; mNightModeCustomType=-1; uiMode=33
08-18 16:46:45.721  1553  1553 V UiModeManager: updateLocked: null action, mDockState=0, category=null
08-18 16:46:45.722  1553  1553 D UiModeManager: updateConfigurationLocked: mDockState=0; mCarMode=false; mNightMode=2; mNightModeCustomType=-1; uiMode=33
08-18 16:46:45.723  2451  3624 D PowerUI : can't show warning due to - plugged: true status unknown: false
08-18 16:46:48.402  1553 12199 W ProcessStats: Tracking association SourceState{ea758b3 com.google.android.gms.persistent/10200 BTop #46356} whose proc state 2 is better than process ProcessState{fc6c545 com.google.android.gms.unstable/10200 pkg=com.google.android.gms} proc state 14 (8 skipped)
08-18 16:47:03.484  1553 12199 W ProcessStats: Tracking association SourceState{ea758b3 com.google.android.gms.persistent/10200 BTop #46357} whose proc state 2 is better than process ProcessState{fc6c545 com.google.android.gms.unstable/10200 pkg=com.google.android.gms} proc state 14 (1 skipped)
08-18 16:47:05.738  1553  2059 D BatteryService: uevent={POWER_SUPPLY_VOLTAGE_NOW=4396000, POWER_SUPPLY_VBUS_PRESENT=true, POWER_SUPPLY_TYPE=Battery, POWER_SUPPLY_HEALTH=Good, POWER_SUPPLY_TECHNOLOGY=Li-ion, POWER_SUPPLY_CHARGE_FULL_DESIGN=4945000, POWER_SUPPLY_CONSTANT_CHARGE_VOLTAGE=4710, SEQNUM=12436, POWER_SUPPLY_STATUS=Full, POWER_SUPPLY_CYCLE_COUNT=285, POWER_SUPPLY_CAPACITY=100, DEVPATH=/devices/platform/11b20000.i2c/i2c-5/5-0034/11b20000.i2c:mt6375@34:mtk_gauge/power_supply/battery, POWER_SUPPLY_CHARGE_RATE=Normal, POWER_SUPPLY_CURRENT_AVG=-300, POWER_SUPPLY_CAPACITY_LEVEL=Full, POWER_SUPPLY_CURRENT_NOW=600, POWER_SUPPLY_PRESENT=1, POWER_SUPPLY_POWER_WATT=2, POWER_SUPPLY_CHARGE_FULL=4833000, POWER_SUPPLY_TIME_TO_FULL_NOW=0, SUBSYSTEM=power_supply, POWER_SUPPLY_TEMP=280, ACTION=change, POWER_SUPPLY_AGE=90, POWER_SUPPLY_NAME=battery, POWER_SUPPLY_LPD_PRESENT=false, POWER_SUPPLY_CHARGE_COUNTER=4833000}
08-18 16:47:05.739  1553  2059 D BatteryService: uevent={POWER_SUPPLY_VOLTAGE_NOW=4396000, POWER_SUPPLY_VBUS_PRESENT=true, POWER_SUPPLY_TYPE=Battery, POWER_SUPPLY_HEALTH=Good, POWER_SUPPLY_TECHNOLOGY=Li-ion, POWER_SUPPLY_CHARGE_FULL_DESIGN=4945000, POWER_SUPPLY_CONSTANT_CHARGE_VOLTAGE=4710, SEQNUM=12436, POWER_SUPPLY_STATUS=Full, POWER_SUPPLY_CYCLE_COUNT=285, POWER_SUPPLY_CAPACITY=100, DEVPATH=/devices/platform/11b20000.i2c/i2c-5/5-0034/11b20000.i2c:mt6375@34:mtk_gauge/power_supply/battery, POWER_SUPPLY_CHARGE_RATE=Normal, POWER_SUPPLY_CURRENT_AVG=-300, POWER_SUPPLY_CAPACITY_LEVEL=Full, POWER_SUPPLY_CURRENT_NOW=600, POWER_SUPPLY_PRESENT=1, POWER_SUPPLY_POWER_WATT=2, POWER_SUPPLY_CHARGE_FULL=4833000, POWER_SUPPLY_TIME_TO_FULL_NOW=0, SUBSYSTEM=power_supply, POWER_SUPPLY_TEMP=280, ACTION=change, POWER_SUPPLY_AGE=90, POWER_SUPPLY_NAME=battery, POWER_SUPPLY_LPD_PRESENT=false, POWER_SUPPLY_CHARGE_COUNTER=4833000}
08-18 16:47:05.752  2451  3632 D PowerUI : can't show warning due to - plugged: true status unknown: false
08-18 16:47:05.758  1553  1553 V UiModeManager: updateLocked: null action, mDockState=0, category=null
08-18 16:47:05.758  1553  1553 D UiModeManager: updateConfigurationLocked: mDockState=0; mCarMode=false; mNightMode=2; mNightModeCustomType=-1; uiMode=33
08-18 16:47:05.759  2451  3622 D PowerUI : can't show warning due to - plugged: true status unknown: false
08-18 16:47:05.759  1553  1553 V UiModeManager: updateLocked: null action, mDockState=0, category=null
08-18 16:47:05.760  1553  1553 D UiModeManager: updateConfigurationLocked: mDockState=0; mCarMode=false; mNightMode=2; mNightModeCustomType=-1; uiMode=33
08-18 16:47:25.769  1553  2059 D BatteryService: uevent={POWER_SUPPLY_VOLTAGE_NOW=4396000, POWER_SUPPLY_VBUS_PRESENT=true, POWER_SUPPLY_TYPE=Battery, POWER_SUPPLY_HEALTH=Good, POWER_SUPPLY_TECHNOLOGY=Li-ion, POWER_SUPPLY_CHARGE_FULL_DESIGN=4945000, POWER_SUPPLY_CONSTANT_CHARGE_VOLTAGE=4710, SEQNUM=12437, POWER_SUPPLY_STATUS=Full, POWER_SUPPLY_CYCLE_COUNT=285, POWER_SUPPLY_CAPACITY=100, DEVPATH=/devices/platform/11b20000.i2c/i2c-5/5-0034/11b20000.i2c:mt6375@34:mtk_gauge/power_supply/battery, POWER_SUPPLY_CHARGE_RATE=Normal, POWER_SUPPLY_CURRENT_AVG=-300, POWER_SUPPLY_CAPACITY_LEVEL=Full, POWER_SUPPLY_CURRENT_NOW=0, POWER_SUPPLY_PRESENT=1, POWER_SUPPLY_POWER_WATT=2, POWER_SUPPLY_CHARGE_FULL=4833000, POWER_SUPPLY_TIME_TO_FULL_NOW=0, SUBSYSTEM=power_supply, POWER_SUPPLY_TEMP=280, ACTION=change, POWER_SUPPLY_AGE=90, POWER_SUPPLY_NAME=battery, POWER_SUPPLY_LPD_PRESENT=false, POWER_SUPPLY_CHARGE_COUNTER=4833000}
08-18 16:47:25.770  1553  2059 D BatteryService: uevent={POWER_SUPPLY_VOLTAGE_NOW=4396000, POWER_SUPPLY_VBUS_PRESENT=true, POWER_SUPPLY_TYPE=Battery, POWER_SUPPLY_HEALTH=Good, POWER_SUPPLY_TECHNOLOGY=Li-ion, POWER_SUPPLY_CHARGE_FULL_DESIGN=4945000, POWER_SUPPLY_CONSTANT_CHARGE_VOLTAGE=4710, SEQNUM=12437, POWER_SUPPLY_STATUS=Full, POWER_SUPPLY_CYCLE_COUNT=285, POWER_SUPPLY_CAPACITY=100, DEVPATH=/devices/platform/11b20000.i2c/i2c-5/5-0034/11b20000.i2c:mt6375@34:mtk_gauge/power_supply/battery, POWER_SUPPLY_CHARGE_RATE=Normal, POWER_SUPPLY_CURRENT_AVG=-300, POWER_SUPPLY_CAPACITY_LEVEL=Full, POWER_SUPPLY_CURRENT_NOW=0, POWER_SUPPLY_PRESENT=1, POWER_SUPPLY_POWER_WATT=2, POWER_SUPPLY_CHARGE_FULL=4833000, POWER_SUPPLY_TIME_TO_FULL_NOW=0, SUBSYSTEM=power_supply, POWER_SUPPLY_TEMP=280, ACTION=change, POWER_SUPPLY_AGE=90, POWER_SUPPLY_NAME=battery, POWER_SUPPLY_LPD_PRESENT=false, POWER_SUPPLY_CHARGE_COUNTER=4833000}
08-18 16:47:25.779  2451  3620 D PowerUI : can't show warning due to - plugged: true status unknown: false
08-18 16:47:25.785  1553  1553 V UiModeManager: updateLocked: null action, mDockState=0, category=null
08-18 16:47:25.785  1553  1553 D UiModeManager: updateConfigurationLocked: mDockState=0; mCarMode=false; mNightMode=2; mNightModeCustomType=-1; uiMode=33
08-18 16:47:25.788  2451  3634 D PowerUI : can't show warning due to - plugged: true status unknown: false
08-18 16:47:25.800  1553  1553 V UiModeManager: updateLocked: null action, mDockState=0, category=null
08-18 16:47:25.801  1553  1553 D UiModeManager: updateConfigurationLocked: mDockState=0; mCarMode=false; mNightMode=2; mNightModeCustomType=-1; uiMode=33
08-18 16:47:25.801  2451  3623 D PowerUI : can't show warning due to - plugged: true status unknown: false
08-18 16:47:41.236  1553  2065 D CompatibilityChangeReporter: Compat change id reported: 135634846; UID 10206; state: DISABLED
08-18 16:47:41.237  1553  2065 D CompatibilityChangeReporter: Compat change id reported: 177438394; UID 10206; state: DISABLED
08-18 16:47:41.237  1553  2065 D CompatibilityChangeReporter: Compat change id reported: 135772972; UID 10206; state: DISABLED
08-18 16:47:41.237  1553  2065 D CompatibilityChangeReporter: Compat change id reported: 135754954; UID 10206; state: ENABLED
08-18 16:47:41.240  1553  1892 D CompatibilityChangeReporter: Compat change id reported: 143937733; UID 10206; state: ENABLED
08-18 16:47:41.260  1553  1892 I ActivityManager: Start proc 18052:com.google.android.apps.messaging/u0a206 for service {com.google.android.apps.messaging/androidx.work.impl.background.systemjob.SystemJobService}
08-18 16:47:41.295  1553 12217 D CompatibilityChangeReporter: Compat change id reported: 168419799; UID 10206; state: DISABLED
08-18 16:47:41.296  1553 12217 D CompatibilityChangeReporter: Compat change id reported: 273564678; UID 10206; state: DISABLED
08-18 16:47:41.304  1553 12217 D CompatibilityChangeReporter: Compat change id reported: 170503758; UID 10206; state: ENABLED
08-18 16:47:41.593  1553 12217 I ActivityManager: Flag disabled. Ignoring finishAttachApplication from uid: 10206. pid: 18052
08-18 16:47:41.601  1553 12217 W ProcessStats: Tracking association SourceState{ea758b3 com.google.android.gms.persistent/10200 BTop #46360} whose proc state 2 is better than process ProcessState{fc6c545 com.google.android.gms.unstable/10200 pkg=com.google.android.gms} proc state 14 (1 skipped)
08-18 16:47:41.619  1553 12217 D CompatibilityChangeReporter: Compat change id reported: 161145287; UID 10206; state: ENABLED
08-18 16:47:41.700  1553 12199 D CompatibilityChangeReporter: Compat change id reported: 135634846; UID 10200; state: DISABLED
08-18 16:47:41.701  1553 12199 D CompatibilityChangeReporter: Compat change id reported: 177438394; UID 10200; state: DISABLED
08-18 16:47:41.701  1553 12199 D CompatibilityChangeReporter: Compat change id reported: 135772972; UID 10200; state: DISABLED
08-18 16:47:41.702  1553 12199 D CompatibilityChangeReporter: Compat change id reported: 135754954; UID 10200; state: ENABLED
08-18 16:47:41.703  1553  1892 D CompatibilityChangeReporter: Compat change id reported: 143937733; UID 10200; state: ENABLED
08-18 16:47:41.716  1553  1892 I ActivityManager: Start proc 18088:com.google.process.gservices/u0a200 for content provider {com.google.android.gsf/com.google.android.gsf.gservices.GservicesProvider}
08-18 16:47:41.736  1553 12217 D CompatibilityChangeReporter: Compat change id reported: 168419799; UID 10200; state: DISABLED
08-18 16:47:41.736  1553 12217 D CompatibilityChangeReporter: Compat change id reported: 273564678; UID 10200; state: DISABLED
08-18 16:47:41.744  1553 12217 D CompatibilityChangeReporter: Compat change id reported: 170503758; UID 10200; state: ENABLED
08-18 16:47:41.841  1553 12199 W ActivityManager: Unable to start service Intent { act=com.google.android.gms.gservices.START pkg=com.google.android.gms } U=0: not found
08-18 16:47:41.842  1553 12199 W ActivityManager: Unbind failed: could not find connection for android.os.BinderProxy@8ed9b44
08-18 16:47:41.883  1553 12217 I ActivityManager: Flag disabled. Ignoring finishAttachApplication from uid: 10200. pid: 18088
08-18 16:47:41.970  1553 12199 D CompatibilityChangeReporter: Compat change id reported: 271850009; UID 10206; state: ENABLED
08-18 16:47:41.970  1553 12199 D CompatibilityChangeReporter: Compat change id reported: 253665015; UID 10206; state: ENABLED
08-18 16:47:41.970  1553 12199 D CompatibilityChangeReporter: Compat change id reported: 194532703; UID 10206; state: ENABLED
08-18 16:47:42.096  1553 12217 W JobScheduler: Job didn't exist in JobStore: 593dc78 {androidx.work.systemjobscheduler} #u0a206/2392 @androidx.work.systemjobscheduler@com.google.android.apps.messaging/androidx.work.impl.background.systemjob.SystemJobService
08-18 16:47:42.272  1553 12218 I ActivityManager: Killing 15808:com.google.process.gapps/u0a200 (adj 955, setSvc -10000): empty #13
08-18 16:47:42.273  1553 12218 I ActivityManager: Killing 17167:com.google.android.apps.wellbeing/u0a246 (adj 925, setSvc -10000): empty #14
08-18 16:47:42.315  1553 12761 I ActivityManager: appDiedLocked: app=ProcessRecord{5abec20 15808:com.google.process.gapps/u0a200} thread=android.os.BinderProxy@819db6c fromBinderDied=true isKilledByAm=true reason=null
08-18 16:47:42.315  1553 12761 D RestartModeController: markWaitRestartAppIsSuicided null processName=com.google.process.gapps
08-18 16:47:42.318  1553 12761 D ActivityTaskManager: handleAppDied: uid=10200,diedCount=1,lastDiedTime=18607887,forceStopUids=false
08-18 16:47:42.337  1553 12216 I ActivityManager: appDiedLocked: app=ProcessRecord{3a6d906 17167:com.google.android.apps.wellbeing/u0a246} thread=android.os.BinderProxy@5658535 fromBinderDied=true isKilledByAm=true reason=null
08-18 16:47:42.339  1553 12216 D RestartModeController: markWaitRestartAppIsSuicided null processName=com.google.android.apps.wellbeing
08-18 16:47:42.339  1553  1873 D DisplayManagerService: Drop pending events for gone uid 10246
08-18 16:47:42.344  1553 12216 D ActivityTaskManager: handleAppDied: uid=10246,diedCount=1,lastDiedTime=18390844,forceStopUids=false
08-18 16:47:42.349  1553 12131 W JobScheduler: Job didn't exist in JobStore: 12b4b40 {androidx.work.systemjobscheduler} #u0a206/2392 @androidx.work.systemjobscheduler@com.google.android.apps.messaging/androidx.work.impl.background.systemjob.SystemJobService
08-18 16:47:45.622  1553  1891 D ActivityManager: unfreezing ProcessRecord{9d16850 17962:com.facebook.appmanager/u0a286}, reason = unfreezeTemporarily, adj = 925, adjType = cch-empty, adjSource = null
08-18 16:47:45.627  1553  1891 D ActivityManager: sync unfroze 17962 com.facebook.appmanager for 3
08-18 16:47:45.653  1553 12216 D CompatibilityChangeReporter: Compat change id reported: 271850009; UID 10286; state: ENABLED
08-18 16:47:45.794  1553  2059 D BatteryService: uevent={POWER_SUPPLY_VOLTAGE_NOW=4396000, POWER_SUPPLY_VBUS_PRESENT=true, POWER_SUPPLY_TYPE=Battery, POWER_SUPPLY_HEALTH=Good, POWER_SUPPLY_TECHNOLOGY=Li-ion, POWER_SUPPLY_CHARGE_FULL_DESIGN=4945000, POWER_SUPPLY_CONSTANT_CHARGE_VOLTAGE=4710, SEQNUM=12438, POWER_SUPPLY_STATUS=Full, POWER_SUPPLY_CYCLE_COUNT=285, POWER_SUPPLY_CAPACITY=100, DEVPATH=/devices/platform/11b20000.i2c/i2c-5/5-0034/11b20000.i2c:mt6375@34:mtk_gauge/power_supply/battery, POWER_SUPPLY_CHARGE_RATE=Normal, POWER_SUPPLY_CURRENT_AVG=-2400, POWER_SUPPLY_CAPACITY_LEVEL=Full, POWER_SUPPLY_CURRENT_NOW=0, POWER_SUPPLY_PRESENT=1, POWER_SUPPLY_POWER_WATT=2, POWER_SUPPLY_CHARGE_FULL=4833000, POWER_SUPPLY_TIME_TO_FULL_NOW=0, SUBSYSTEM=power_supply, POWER_SUPPLY_TEMP=280, ACTION=change, POWER_SUPPLY_AGE=90, POWER_SUPPLY_NAME=battery, POWER_SUPPLY_LPD_PRESENT=false, POWER_SUPPLY_CHARGE_COUNTER=4833000}
08-18 16:47:45.795  1553  2059 D BatteryService: uevent={POWER_SUPPLY_VOLTAGE_NOW=4396000, POWER_SUPPLY_VBUS_PRESENT=true, POWER_SUPPLY_TYPE=Battery, POWER_SUPPLY_HEALTH=Good, POWER_SUPPLY_TECHNOLOGY=Li-ion, POWER_SUPPLY_CHARGE_FULL_DESIGN=4945000, POWER_SUPPLY_CONSTANT_CHARGE_VOLTAGE=4710, SEQNUM=12438, POWER_SUPPLY_STATUS=Full, POWER_SUPPLY_CYCLE_COUNT=285, POWER_SUPPLY_CAPACITY=100, DEVPATH=/devices/platform/11b20000.i2c/i2c-5/5-0034/11b20000.i2c:mt6375@34:mtk_gauge/power_supply/battery, POWER_SUPPLY_CHARGE_RATE=Normal, POWER_SUPPLY_CURRENT_AVG=-2400, POWER_SUPPLY_CAPACITY_LEVEL=Full, POWER_SUPPLY_CURRENT_NOW=0, POWER_SUPPLY_PRESENT=1, POWER_SUPPLY_POWER_WATT=2, POWER_SUPPLY_CHARGE_FULL=4833000, POWER_SUPPLY_TIME_TO_FULL_NOW=0, SUBSYSTEM=power_supply, POWER_SUPPLY_TEMP=280, ACTION=change, POWER_SUPPLY_AGE=90, POWER_SUPPLY_NAME=battery, POWER_SUPPLY_LPD_PRESENT=false, POWER_SUPPLY_CHARGE_COUNTER=4833000}
08-18 16:47:45.810  1553  1553 V UiModeManager: updateLocked: null action, mDockState=0, category=null
08-18 16:47:45.811  1553  1553 D UiModeManager: updateConfigurationLocked: mDockState=0; mCarMode=false; mNightMode=2; mNightModeCustomType=-1; uiMode=33
08-18 16:47:45.812  2451  3621 D PowerUI : can't show warning due to - plugged: true status unknown: false
08-18 16:47:45.832  1553  1553 V UiModeManager: updateLocked: null action, mDockState=0, category=null
08-18 16:47:45.833  1553  1553 D UiModeManager: updateConfigurationLocked: mDockState=0; mCarMode=false; mNightMode=2; mNightModeCustomType=-1; uiMode=33
08-18 16:47:45.836  2451  2872 D PowerUI : can't show warning due to - plugged: true status unknown: false
08-18 16:47:52.382  1553  2108 D ActivityManager: freezing 18052 com.google.android.apps.messaging, reason = oom_cached
08-18 16:47:52.384  1553  2108 D ActivityManager: freezing 18088 com.google.process.gservices, reason = oom_cached
08-18 16:47:54.645  1553  1890 W ProcessStats: Tracking association SourceState{ea758b3 com.google.android.gms.persistent/10200 BTop #46398} whose proc state 2 is better than process ProcessState{fc6c545 com.google.android.gms.unstable/10200 pkg=com.google.android.gms} proc state 14 (53 skipped)
08-18 16:47:55.640  1553  2108 D ActivityManager: freezing 17962 com.facebook.appmanager, reason = unfreezeTemporarily
08-18 16:47:55.708  1553 11758 D CompatibilityChangeReporter: Compat change id reported: 171306433; UID 10200; state: ENABLED
08-18 16:47:55.708  1553 11758 D CompatibilityChangeReporter: Compat change id reported: 218533173; UID 10200; state: ENABLED
08-18 16:47:55.736  1553  1891 D CompatibilityChangeReporter: Compat change id reported: 135634846; UID 10276; state: DISABLED
08-18 16:47:55.737  1553  1891 D CompatibilityChangeReporter: Compat change id reported: 177438394; UID 10276; state: DISABLED
08-18 16:47:55.737  1553  1891 D CompatibilityChangeReporter: Compat change id reported: 135772972; UID 10276; state: DISABLED
08-18 16:47:55.738  1553  1891 D CompatibilityChangeReporter: Compat change id reported: 135754954; UID 10276; state: ENABLED
08-18 16:47:55.740  1553  1892 D CompatibilityChangeReporter: Compat change id reported: 143937733; UID 10276; state: ENABLED
08-18 16:47:55.748  1553  1892 I ActivityManager: Start proc 18136:com.handmark.expressweather/u0a276 for broadcast {com.handmark.expressweather/com.google.firebase.iid.FirebaseInstanceIdReceiver}
08-18 16:47:55.776  1553 12216 D CompatibilityChangeReporter: Compat change id reported: 168419799; UID 10276; state: DISABLED
08-18 16:47:55.776  1553 12216 D CompatibilityChangeReporter: Compat change id reported: 273564678; UID 10276; state: DISABLED
08-18 16:47:55.783  1553  2065 D CompatibilityChangeReporter: Compat change id reported: 265195908; UID 10276; state: ENABLED
08-18 16:47:55.786  1553 12216 D CompatibilityChangeReporter: Compat change id reported: 170503758; UID 10276; state: ENABLED
08-18 16:47:56.173  1553 11766 D CompatibilityChangeReporter: Compat change id reported: 261072174; UID 10276; state: ENABLED
08-18 16:47:56.178  1553 11766 D CompatibilityChangeReporter: Compat change id reported: 161145287; UID 10276; state: ENABLED
08-18 16:47:56.316  1553 12216 D CompatibilityChangeReporter: Compat change id reported: 271850009; UID 10276; state: ENABLED
08-18 16:47:56.316  1553 12216 D CompatibilityChangeReporter: Compat change id reported: 253665015; UID 10276; state: ENABLED
08-18 16:47:56.317  1553 12216 D CompatibilityChangeReporter: Compat change id reported: 194532703; UID 10276; state: ENABLED
08-18 16:47:56.365  1553 11758 D ActivityManager: unfreezing ProcessRecord{3c548b8 29348:com.google.android.gms/u0a200}, reason = oom_uncached, adj = 0, adjType = exec-service, adjSource = null
08-18 16:47:56.369  1553 11758 D ActivityManager: sync unfroze 29348 com.google.android.gms for 6
08-18 16:47:56.428  1553 11758 I ActivityManager: Flag disabled. Ignoring finishAttachApplication from uid: 10276. pid: 18136
08-18 16:47:56.459  1553 12200 D CompatibilityChangeReporter: Compat change id reported: 161252188; UID 10228; state: DISABLED
08-18 16:47:56.530  1553 12216 D CompatibilityChangeReporter: Compat change id reported: 319212206; UID 10276; state: ENABLED
08-18 16:47:56.543  1553 11758 I ActivityManager: Killing 17508:com.google.android.apps.wellbeing/u11a246 (adj 995, setSvc -10000): empty #13
08-18 16:47:56.601  1553 11758 D CompatibilityChangeReporter: Compat change id reported: 161252188; UID 10200; state: DISABLED
08-18 16:47:56.611  1553 12216 I ActivityManager: appDiedLocked: app=ProcessRecord{6c380dc 17508:com.google.android.apps.wellbeing/u11a246} thread=android.os.BinderProxy@ef1a754 fromBinderDied=true isKilledByAm=true reason=null
08-18 16:47:56.612  1553 12216 D RestartModeController: markWaitRestartAppIsSuicided null processName=com.google.android.apps.wellbeing
08-18 16:47:56.613  1553  1873 D DisplayManagerService: Drop pending events for gone uid 1110246
08-18 16:47:56.615  1553 12216 D ActivityTaskManager: handleAppDied: uid=1110246,diedCount=1,lastDiedTime=17860880,forceStopUids=false
08-18 16:47:56.779  1553 11760 I ActivityManager: appDiedLocked: app=ProcessRecord{41ac9cf 15484:com.dti.tracfone/u0a232} thread=android.os.BinderProxy@feea797 fromBinderDied=true isKilledByAm=false reason=null
08-18 16:47:56.780  1553 11760 I ActivityManager: Process com.dti.tracfone (pid 15484) has died: svcb SVC 
08-18 16:47:56.780 18136 18136 I ActivityThread: Removing dead content provider:android.content.ContentProviderProxy@afa644e
08-18 16:47:56.782  1553 11760 W ActivityManager: Scheduling restart of crashed service com.dti.tracfone/com.dti.phoenix.core.service.CoreService in 1000ms for start-requested
08-18 16:47:56.783  1553 11760 D RestartModeController: markWaitRestartAppIsSuicided null processName=com.dti.tracfone
08-18 16:47:56.783  1553  1873 D DisplayManagerService: Drop pending events for gone uid 10232
08-18 16:47:56.790  1553 11760 D ActivityTaskManager: handleAppDied: uid=10232,diedCount=1,lastDiedTime=18007173,forceStopUids=false
08-18 16:47:57.180  1553 11760 D CompatibilityChangeReporter: Compat change id reported: 135634846; UID 99012; state: DISABLED
08-18 16:47:57.180  1553 11760 D CompatibilityChangeReporter: Compat change id reported: 177438394; UID 99012; state: DISABLED
08-18 16:47:57.180  1553 11760 D CompatibilityChangeReporter: Compat change id reported: 135772972; UID 99012; state: DISABLED
08-18 16:47:57.181  1553 11760 D CompatibilityChangeReporter: Compat change id reported: 135754954; UID 99012; state: ENABLED
08-18 16:47:57.181  1553  1892 D CompatibilityChangeReporter: Compat change id reported: 143937733; UID 10276; state: ENABLED
08-18 16:47:57.202  1553  1892 I ActivityManager: Start proc 18331:com.google.android.webview:sandboxed_process0:org.chromium.content.app.SandboxedProcessService0:0/u0i12 for  {com.handmark.expressweather/org.chromium.content.app.SandboxedProcessService0:0}
08-18 16:47:57.247  1553 11765 I ActivityManager: Flag disabled. Ignoring finishAttachApplication from uid: 99012. pid: 18331
08-18 16:47:57.306  1553 11765 I ActivityManager: appDiedLocked: app=ProcessRecord{88a0e54 16340:com.google.android.gms/u11a200} thread=android.os.BinderProxy@accf267 fromBinderDied=true isKilledByAm=false reason=null
08-18 16:47:57.306  1553 11765 I ActivityManager: Process com.google.android.gms (pid 16340) has died: cch+55 CEM 
08-18 16:47:57.307  1553 11765 D RestartModeController: markWaitRestartAppIsSuicided null processName=com.google.android.gms
08-18 16:47:57.310  1553 11765 D ActivityTaskManager: handleAppDied: uid=1110200,diedCount=2,lastDiedTime=18543410,forceStopUids=false
08-18 16:47:57.506  1553 11765 D CompatibilityChangeReporter: Compat change id reported: 135634846; UID 10281; state: DISABLED
08-18 16:47:57.506  1553 11765 D CompatibilityChangeReporter: Compat change id reported: 177438394; UID 10281; state: DISABLED
08-18 16:47:57.506  1553 11765 D CompatibilityChangeReporter: Compat change id reported: 135772972; UID 10281; state: DISABLED
08-18 16:47:57.506  1553 11765 D CompatibilityChangeReporter: Compat change id reported: 135754954; UID 10281; state: ENABLED
08-18 16:47:57.507  1553  1892 D CompatibilityChangeReporter: Compat change id reported: 143937733; UID 10281; state: ENABLED
08-18 16:47:57.518  1553  2531 D CompatibilityChangeReporter: Compat change id reported: 161252188; UID 10351; state: DISABLED
08-18 16:47:57.520  1553  2531 D CompatibilityChangeReporter: Compat change id reported: 135634846; UID 10351; state: DISABLED
08-18 16:47:57.521  1553  2531 D CompatibilityChangeReporter: Compat change id reported: 177438394; UID 10351; state: DISABLED
08-18 16:47:57.521  1553  2531 D CompatibilityChangeReporter: Compat change id reported: 135772972; UID 10351; state: DISABLED
08-18 16:47:57.521  1553  2531 D CompatibilityChangeReporter: Compat change id reported: 135754954; UID 10351; state: ENABLED
08-18 16:47:57.527  1553  1892 I ActivityManager: Start proc 18362:com.google.android.webview:webview_service/u0a281 for service {com.google.android.webview/org.chromium.android_webview.services.ComponentsProviderService}
08-18 16:47:57.527  1553  1892 D CompatibilityChangeReporter: Compat change id reported: 143937733; UID 10351; state: ENABLED
08-18 16:47:57.541  1553  1892 I ActivityManager: Start proc 18364:com.google.android.adservices.api/u0a351 for service {com.google.android.adservices.api/com.android.adservices.measurement.MeasurementService}
08-18 16:47:57.554  1553  3806 D CompatibilityChangeReporter: Compat change id reported: 168419799; UID 10281; state: DISABLED
08-18 16:47:57.555  1553  3806 D CompatibilityChangeReporter: Compat change id reported: 273564678; UID 10281; state: DISABLED
08-18 16:47:57.562  1553  2065 D CompatibilityChangeReporter: Compat change id reported: 265195908; UID 10281; state: ENABLED
08-18 16:47:57.568  1553  3806 D CompatibilityChangeReporter: Compat change id reported: 170503758; UID 10281; state: ENABLED
08-18 16:47:57.570  1553 11765 D CompatibilityChangeReporter: Compat change id reported: 168419799; UID 10351; state: DISABLED
08-18 16:47:57.570  1553 11765 D CompatibilityChangeReporter: Compat change id reported: 273564678; UID 10351; state: DISABLED
08-18 16:47:57.578  1553  2065 D CompatibilityChangeReporter: Compat change id reported: 265195908; UID 10351; state: ENABLED
08-18 16:47:57.583  1553  3806 D CompatibilityChangeReporter: Compat change id reported: 170503758; UID 10351; state: ENABLED
08-18 16:47:57.622  1553  3806 I ActivityManager: Flag disabled. Ignoring finishAttachApplication from uid: 10281. pid: 18362
08-18 16:47:57.630  1553 11765 D CompatibilityChangeReporter: Compat change id reported: 261072174; UID 10281; state: ENABLED
08-18 16:47:57.783  1553  1891 I ActivityManager: com.dti.tracfone is exempt from freezer
08-18 16:47:57.784  1553  1891 D CompatibilityChangeReporter: Compat change id reported: 135634846; UID 10232; state: DISABLED
08-18 16:47:57.784  1553  1891 D CompatibilityChangeReporter: Compat change id reported: 177438394; UID 10232; state: DISABLED
08-18 16:47:57.784  1553  1891 D CompatibilityChangeReporter: Compat change id reported: 135772972; UID 10232; state: DISABLED
08-18 16:47:57.784  1553  1891 D CompatibilityChangeReporter: Compat change id reported: 135754954; UID 10232; state: ENABLED
08-18 16:47:57.785  1553  1892 D CompatibilityChangeReporter: Compat change id reported: 143937733; UID 10232; state: ENABLED
08-18 16:47:57.804  1553  1892 I ActivityManager: Start proc 18397:com.dti.tracfone/u0a232 for service {com.dti.tracfone/com.dti.phoenix.core.service.CoreService}
08-18 16:47:57.829  1553  3806 D CompatibilityChangeReporter: Compat change id reported: 168419799; UID 10232; state: DISABLED
08-18 16:47:57.830  1553  3806 D CompatibilityChangeReporter: Compat change id reported: 273564678; UID 10232; state: DISABLED
08-18 16:47:57.848  1553  3806 D CompatibilityChangeReporter: Compat change id reported: 170503758; UID 10232; state: ENABLED
08-18 16:47:58.140  1553 11765 I ActivityManager: Flag disabled. Ignoring finishAttachApplication from uid: 10351. pid: 18364
08-18 16:47:58.177  1553 11765 I ActivityManager: appDiedLocked: app=ProcessRecord{c2ba3df 17042:com.android.vending:background/u0a228} thread=android.os.BinderProxy@c976b1f fromBinderDied=true isKilledByAm=false reason=null
08-18 16:47:58.177  1553 11765 I ActivityManager: Process com.android.vending:background (pid 17042) has died: cch+55 CEM 
08-18 16:47:58.179  1553 11765 D RestartModeController: markWaitRestartAppIsSuicided null processName=com.android.vending:background
08-18 16:47:58.184  1553 11765 D ActivityTaskManager: handleAppDied: uid=10228,diedCount=1,lastDiedTime=18388648,forceStopUids=false
08-18 16:47:58.345  1553 12134 I ActivityManager: appDiedLocked: app=ProcessRecord{97f41c7 17687:com.google.android.cellbroadcastreceiver/u0a343} thread=android.os.BinderProxy@d1f3f64 fromBinderDied=true isKilledByAm=false reason=null
08-18 16:47:58.346  1553 12134 I ActivityManager: Process com.google.android.cellbroadcastreceiver (pid 17687) has died: cch+99 CEM 
08-18 16:47:58.346  1553 12134 D RestartModeController: markWaitRestartAppIsSuicided null processName=com.google.android.cellbroadcastreceiver
08-18 16:47:58.346  1553  1873 D DisplayManagerService: Drop pending events for gone uid 10343
08-18 16:47:58.352  1553 12134 D ActivityTaskManager: handleAppDied: uid=10343,diedCount=1,lastDiedTime=18546804,forceStopUids=false
08-18 16:47:58.361  1553  1875 I DisplayDeviceRepository: Display device changed: DisplayDeviceInfo{"Built-in Screen": uniqueId="local:0", 1080 x 2400, modeId 1, renderFrameRate 60.0, defaultModeId 1, supportedModes [{id=1, width=1080, height=2400, fps=60.0, alternativeRefreshRates=[90.0, 120.00001], supportedHdrTypes=[2, 3, 4]}, {id=2, width=1080, height=2400, fps=120.00001, alternativeRefreshRates=[60.0, 90.0], supportedHdrTypes=[2, 3, 4]}, {id=3, width=1080, height=2400, fps=90.0, alternativeRefreshRates=[60.0, 120.00001], supportedHdrTypes=[2, 3, 4]}], supportedReadyForModes [], colorMode 0, supportedColorModes [0, 7, 9], hdrCapabilities HdrCapabilities{mSupportedHdrTypes=[2, 3, 4], mMaxLuminance=500.0, mMaxAverageLuminance=500.0, mMinLuminance=0.0}, allmSupported false, gameContentTypeSupported false, density 400, 405.103 x 405.103 dpi, appVsyncOff 8400000, presDeadline 28600000, cutout DisplayCutout{insets=Rect(0, 117 - 0, 0) waterfall=Insets{left=0, top=0, right=0, bottom=0} boundingRect={Bounds=[Rect(0, 0 - 0, 0), Rect(500, 0 - 580, 117), Rect(0, 0 - 0, 0), Rect(0, 0 - 0, 0)]} cutoutPathParserInfo={CutoutPathParserInfo{displayWidth=1080 displayHeight=2400 physicalDisplayWidth=1080 physicalDisplayHeight=2400 density={2.5} cutoutSpec={M -40,0 L 40,0 L 40,117 L -40,117 Z} rotation={0} scale={1.0} physicalPixelDisplaySizeRatio={1.0}}}}, touch INTERNAL, rotation 0, type INTERNAL, address {port=0}, deviceProductInfo null, state ON, committedState ON, frameRateOverride , brightnessMinimum 0.0, brightnessMaximum 1.0, brightnessDefault 0.4, hdrSdrRatio 1.0, roundedCorners RoundedCorners{[RoundedCorner{position=TopLeft, radius=95, center=Point(95, 95)}, RoundedCorner{position=TopRight, radius=95, center=Point(985, 95)}, RoundedCorner{position=BottomRight, radius=95, center=Point(985, 2305)}, RoundedCorner{position=BottomLeft, radius=95, center=Point(95, 2305)}]}, FLAG_ALLOWED_TO_BE_DEFAULT_DISPLAY, FLAG_ROTATES_WITH_CONTENT, FLAG_SECURE, FLAG_SUPPORTS_PROTECTED_BUFFERS, FLAG_TRUSTED, installOrientation 0, displayShape DisplayShape{ spec=-1893857183 displayWidth=1080 displayHeight=2400 physicalPixelDisplaySizeRatio=1.0 rotation=0 offsetX=0 offsetY=0 scale=1.0}}
08-18 16:47:58.381  1553 11758 D CompatibilityChangeReporter: Compat change id reported: 261072174; UID 10232; state: ENABLED
08-18 16:47:58.389  1553 12205 I ActivityManager: appDiedLocked: app=ProcessRecord{c444a34 17407:com.google.process.gservices/u11a200} thread=android.os.BinderProxy@3d7a912 fromBinderDied=true isKilledByAm=false reason=null
08-18 16:47:58.389  1553 12205 I ActivityManager: Process com.google.process.gservices (pid 17407) has died: cch+55 CEM 
08-18 16:47:58.389  1553 12205 D RestartModeController: markWaitRestartAppIsSuicided null processName=com.google.process.gservices
08-18 16:47:58.392  1553 12205 D ActivityTaskManager: handleAppDied: uid=1110200,diedCount=1,lastDiedTime=19225873,forceStopUids=false
08-18 16:47:58.401  1553 11765 D CompatibilityChangeReporter: Compat change id reported: 161145287; UID 10232; state: ENABLED
08-18 16:47:58.541  1553 11929 D CompatibilityChangeReporter: Compat change id reported: 168936375; UID 10200; state: ENABLED
08-18 16:47:58.548  1553  1891 D ActivityManager: unfreezing ProcessRecord{12ba2ac 18088:com.google.process.gservices/u0a200}, reason = shouldNotFreeze_allowlist, adj = 920, adjType = cch-empty, adjSource = null
08-18 16:47:58.548  1553  1891 D ActivityManager: sync unfroze 18088 com.google.process.gservices for 10
08-18 16:47:58.551  1553 11929 D CompatibilityChangeReporter: Compat change id reported: 73144566; UID 10200; state: ENABLED
