08-18 16:47:58.563  1553  1875 I DisplayDeviceRepository: Display device changed: DisplayDeviceInfo{"Built-in Screen": uniqueId="local:0", 1080 x 2400, modeId 2, renderFrameRate 120.00001, defaultModeId 1, supportedModes [{id=1, width=1080, height=2400, fps=60.0, alternativeRefreshRates=[90.0, 120.00001], supportedHdrTypes=[2, 3, 4]}, {id=2, width=1080, height=2400, fps=120.00001, alternativeRefreshRates=[60.0, 90.0], supportedHdrTypes=[2, 3, 4]}, {id=3, width=1080, height=2400, fps=90.0, alternativeRefreshRates=[60.0, 120.00001], supportedHdrTypes=[2, 3, 4]}], supportedReadyForModes [], colorMode 0, supportedColorModes [0, 7, 9], hdrCapabilities HdrCapabilities{mSupportedHdrTypes=[2, 3, 4], mMaxLuminance=500.0, mMaxAverageLuminance=500.0, mMinLuminance=0.0}, allmSupported false, gameContentTypeSupported false, density 400, 405.103 x 405.103 dpi, appVsyncOff -8000000, presDeadline 18388889, cutout DisplayCutout{insets=Rect(0, 117 - 0, 0) waterfall=Insets{left=0, top=0, right=0, bottom=0} boundingRect={Bounds=[Rect(0, 0 - 0, 0), Rect(500, 0 - 580, 117), Rect(0, 0 - 0, 0), Rect(0, 0 - 0, 0)]} cutoutPathParserInfo={CutoutPathParserInfo{displayWidth=1080 displayHeight=2400 physicalDisplayWidth=1080 physicalDisplayHeight=2400 density={2.5} cutoutSpec={M -40,0 L 40,0 L 40,117 L -40,117 Z} rotation={0} scale={1.0} physicalPixelDisplaySizeRatio={1.0}}}}, touch INTERNAL, rotation 0, type INTERNAL, address {port=0}, deviceProductInfo null, state ON, committedState ON, frameRateOverride , brightnessMinimum 0.0, brightnessMaximum 1.0, brightnessDefault 0.4, hdrSdrRatio 1.0, roundedCorners RoundedCorners{[RoundedCorner{position=TopLeft, radius=95, center=Point(95, 95)}, RoundedCorner{position=TopRight, radius=95, center=Point(985, 95)}, RoundedCorner{position=BottomRight, radius=95, center=Point(985, 2305)}, RoundedCorner{position=BottomLeft, radius=95, center=Point(95, 2305)}]}, FLAG_ALLOWED_TO_BE_DEFAULT_DISPLAY, FLAG_ROTATES_WITH_CONTENT, FLAG_SECURE, FLAG_SUPPORTS_PROTECTED_BUFFERS, FLAG_TRUSTED, installOrientation 0, displayShape DisplayShape{ spec=-1893857183 displayWidth=1080 displayHeight=2400 physicalPixelDisplaySizeRatio=1.0 rotation=0 offsetX=0 offsetY=0 scale=1.0}}
08-18 16:47:58.566  1553  1875 D DisplayManagerService: Ignore redundant display event 0/2 to 10228/16938
08-18 16:47:58.567  1553  1875 D DisplayManagerService: Ignore redundant display event 0/2 to 10276/18136
08-18 16:47:58.633  1553 12216 D CompatibilityChangeReporter: Compat change id reported: 161145287; UID 10200; state: ENABLED
08-18 16:47:58.870  1553 12135 I ActivityManager: appDiedLocked: app=ProcessRecord{e0d5792 17476:com.google.process.gapps/u11a200} thread=android.os.BinderProxy@b35062b fromBinderDied=true isKilledByAm=false reason=null
08-18 16:47:58.870  1553 12135 I ActivityManager: Process com.google.process.gapps (pid 17476) has died: cch+55 CEM 
08-18 16:47:58.871  1553 12135 D RestartModeController: markWaitRestartAppIsSuicided null processName=com.google.process.gapps
08-18 16:47:58.875  1553 12135 D ActivityTaskManager: handleAppDied: uid=1110200,diedCount=2,lastDiedTime=19225873,forceStopUids=false
08-18 16:47:59.205  1553 12135 I ActivityManager: appDiedLocked: app=ProcessRecord{4a5fc61 17999:com.facebook.system/u0a243} thread=android.os.BinderProxy@79d72d2 fromBinderDied=true isKilledByAm=false reason=null
08-18 16:47:59.205  1553 12135 I ActivityManager: Process com.facebook.system (pid 17999) has died: cch+95 CEM 
08-18 16:47:59.205  1553 12135 D RestartModeController: markWaitRestartAppIsSuicided null processName=com.facebook.system
08-18 16:47:59.205  1553  1873 D DisplayManagerService: Drop pending events for gone uid 10243
08-18 16:47:59.209  1553 12135 D ActivityTaskManager: handleAppDied: uid=10243,diedCount=1,lastDiedTime=18390749,forceStopUids=false
08-18 16:47:59.420  1553 11758 D CompatibilityChangeReporter: Compat change id reported: 183164979; UID 10276; state: ENABLED
08-18 16:47:59.460  1553 11758 I ActivityManager: appDiedLocked: app=ProcessRecord{9d16850 17962:com.facebook.appmanager/u0a286} thread=android.os.BinderProxy@bbea1e fromBinderDied=true isKilledByAm=false reason=null
08-18 16:47:59.460  1553 11758 I ActivityManager: Process com.facebook.appmanager (pid 17962) has died: cch+45 CEM 
08-18 16:47:59.463  1553 11758 D RestartModeController: markWaitRestartAppIsSuicided null processName=com.facebook.appmanager
08-18 16:47:59.463  1553  1873 D DisplayManagerService: Drop pending events for gone uid 10286
08-18 16:47:59.465  1553 11758 D ActivityTaskManager: handleAppDied: uid=10286,diedCount=1,lastDiedTime=18390795,forceStopUids=false
08-18 16:47:59.782  1553 11758 I ActivityManager: appDiedLocked: app=ProcessRecord{12ba2ac 18088:com.google.process.gservices/u0a200} thread=android.os.BinderProxy@ec128cc fromBinderDied=true isKilledByAm=false reason=null
08-18 16:47:59.782  1553 11758 I ActivityManager: Process com.google.process.gservices (pid 18088) has died: cch+20 CEM 
08-18 16:47:59.783  1553 11758 D RestartModeController: markWaitRestartAppIsSuicided null processName=com.google.process.gservices
08-18 16:47:59.785  1553 11758 D ActivityTaskManager: handleAppDied: uid=10200,diedCount=1,lastDiedTime=19210881,forceStopUids=false
08-18 16:47:59.887  1553 12134 W ContextImpl: Calling a method in the system process without a qualified user: android.app.ContextImpl.sendBroadcast:1246 com.android.server.location.provider.LocationProviderManager$LocationRegistration$1.test:1006 com.android.server.location.provider.LocationProviderManager$LocationRegistration$1.test:960 android.location.LocationResult.filter:191 com.android.server.location.provider.LocationProviderManager$LocationRegistration.acceptLocationChange:959 
08-18 16:47:59.891  1553 12134 W ContextImpl: Calling a method in the system process without a qualified user: android.app.ContextImpl.sendBroadcast:1246 com.android.server.location.provider.LocationProviderManager$LocationRegistration$1.test:1006 com.android.server.location.provider.LocationProviderManager$LocationRegistration$1.test:960 android.location.LocationResult.filter:191 com.android.server.location.provider.LocationProviderManager$LocationRegistration.acceptLocationChange:959 
08-18 16:47:59.894  1553 12134 W ContextImpl: Calling a method in the system process without a qualified user: android.app.ContextImpl.sendBroadcast:1246 com.android.server.location.provider.LocationProviderManager$LocationRegistration$1.test:1006 com.android.server.location.provider.LocationProviderManager$LocationRegistration$1.test:960 android.location.LocationResult.filter:191 com.android.server.location.provider.LocationProviderManager$LocationRegistration.acceptLocationChange:959 
08-18 16:47:59.897  1553 12134 W ContextImpl: Calling a method in the system process without a qualified user: android.app.ContextImpl.sendBroadcast:1246 com.android.server.location.provider.LocationProviderManager$LocationRegistration$1.test:1006 com.android.server.location.provider.LocationProviderManager$LocationRegistration$1.test:960 android.location.LocationResult.filter:191 com.android.server.location.provider.LocationProviderManager$LocationRegistration.acceptLocationChange:959 
08-18 16:47:59.899  1553 12134 W ContextImpl: Calling a method in the system process without a qualified user: android.app.ContextImpl.sendBroadcast:1246 com.android.server.location.provider.LocationProviderManager$LocationRegistration$1.test:1006 com.android.server.location.provider.LocationProviderManager$LocationRegistration$1.test:960 android.location.LocationResult.filter:191 com.android.server.location.provider.LocationProviderManager$LocationRegistration.acceptLocationChange:959 
08-18 16:47:59.902  1553 12134 W ContextImpl: Calling a method in the system process without a qualified user: android.app.ContextImpl.sendBroadcast:1246 com.android.server.location.provider.LocationProviderManager$LocationRegistration$1.test:1006 com.android.server.location.provider.LocationProviderManager$LocationRegistration$1.test:960 android.location.LocationResult.filter:191 com.android.server.location.provider.LocationProviderManager$LocationRegistration.acceptLocationChange:959 
08-18 16:47:59.904  1553 12134 W ContextImpl: Calling a method in the system process without a qualified user: android.app.ContextImpl.sendBroadcast:1246 com.android.server.location.provider.LocationProviderManager$LocationRegistration$1.test:1006 com.android.server.location.provider.LocationProviderManager$LocationRegistration$1.test:960 android.location.LocationResult.filter:191 com.android.server.location.provider.LocationProviderManager$LocationRegistration.acceptLocationChange:959 
08-18 16:47:59.952  1553  1957 W ContextImpl: Calling a method in the system process without a qualified user: android.app.ContextImpl.sendBroadcast:1246 com.android.server.location.gnss.GnssStatusProvider.onReportStatus:176 com.android.server.location.gnss.hal.GnssNative.lambda$reportStatus$1:1057 com.android.server.location.gnss.hal.GnssNative.$r8$lambda$F6DnFXuQAsM3YqWh-0NCwFi1vMk:0 com.android.server.location.gnss.hal.GnssNative$$ExternalSyntheticLambda21.runOrThrow:0 
08-18 16:48:00.042  1553 12134 D CompatibilityChangeReporter: Compat change id reported: 161252188; UID 10232; state: DISABLED
08-18 16:48:00.911  1553 11765 I ActivityManager: Flag disabled. Ignoring finishAttachApplication from uid: 10232. pid: 18397
08-18 16:48:01.100  1553 12205 D CompatibilityChangeReporter: Compat change id reported: 171306433; UID 10232; state: ENABLED
08-18 16:48:01.102  1553 12205 D CompatibilityChangeReporter: Compat change id reported: 218533173; UID 10232; state: ENABLED
08-18 16:48:05.821  1553  2059 D BatteryService: uevent={POWER_SUPPLY_VOLTAGE_NOW=4394000, POWER_SUPPLY_VBUS_PRESENT=true, POWER_SUPPLY_TYPE=Battery, POWER_SUPPLY_HEALTH=Good, POWER_SUPPLY_TECHNOLOGY=Li-ion, POWER_SUPPLY_CHARGE_FULL_DESIGN=4945000, POWER_SUPPLY_CONSTANT_CHARGE_VOLTAGE=4710, SEQNUM=12440, POWER_SUPPLY_STATUS=Full, POWER_SUPPLY_CYCLE_COUNT=285, POWER_SUPPLY_CAPACITY=100, DEVPATH=/devices/platform/11b20000.i2c/i2c-5/5-0034/11b20000.i2c:mt6375@34:mtk_gauge/power_supply/battery, POWER_SUPPLY_CHARGE_RATE=Normal, POWER_SUPPLY_CURRENT_AVG=-73800, POWER_SUPPLY_CAPACITY_LEVEL=Full, POWER_SUPPLY_CURRENT_NOW=0, POWER_SUPPLY_PRESENT=1, POWER_SUPPLY_POWER_WATT=2, POWER_SUPPLY_CHARGE_FULL=4833000, POWER_SUPPLY_TIME_TO_FULL_NOW=0, SUBSYSTEM=power_supply, POWER_SUPPLY_TEMP=280, ACTION=change, POWER_SUPPLY_AGE=90, POWER_SUPPLY_NAME=battery, POWER_SUPPLY_LPD_PRESENT=false, POWER_SUPPLY_CHARGE_COUNTER=4833000}
08-18 16:48:05.822  1553  2059 D BatteryService: uevent={POWER_SUPPLY_VOLTAGE_NOW=4394000, POWER_SUPPLY_VBUS_PRESENT=true, POWER_SUPPLY_TYPE=Battery, POWER_SUPPLY_HEALTH=Good, POWER_SUPPLY_TECHNOLOGY=Li-ion, POWER_SUPPLY_CHARGE_FULL_DESIGN=4945000, POWER_SUPPLY_CONSTANT_CHARGE_VOLTAGE=4710, SEQNUM=12440, POWER_SUPPLY_STATUS=Full, POWER_SUPPLY_CYCLE_COUNT=285, POWER_SUPPLY_CAPACITY=100, DEVPATH=/devices/platform/11b20000.i2c/i2c-5/5-0034/11b20000.i2c:mt6375@34:mtk_gauge/power_supply/battery, POWER_SUPPLY_CHARGE_RATE=Normal, POWER_SUPPLY_CURRENT_AVG=-73800, POWER_SUPPLY_CAPACITY_LEVEL=Full, POWER_SUPPLY_CURRENT_NOW=0, POWER_SUPPLY_PRESENT=1, POWER_SUPPLY_POWER_WATT=2, POWER_SUPPLY_CHARGE_FULL=4833000, POWER_SUPPLY_TIME_TO_FULL_NOW=0, SUBSYSTEM=power_supply, POWER_SUPPLY_TEMP=280, ACTION=change, POWER_SUPPLY_AGE=90, POWER_SUPPLY_NAME=battery, POWER_SUPPLY_LPD_PRESENT=false, POWER_SUPPLY_CHARGE_COUNTER=4833000}
08-18 16:48:05.827  2451  3624 D PowerUI : can't show warning due to - plugged: true status unknown: false
08-18 16:48:05.833  1553  1553 V UiModeManager: updateLocked: null action, mDockState=0, category=null
08-18 16:48:05.833  1553  1553 D UiModeManager: updateConfigurationLocked: mDockState=0; mCarMode=false; mNightMode=2; mNightModeCustomType=-1; uiMode=33
08-18 16:48:05.835  2451  3632 D PowerUI : can't show warning due to - plugged: true status unknown: false
08-18 16:48:05.837  1553  1553 V UiModeManager: updateLocked: null action, mDockState=0, category=null
08-18 16:48:05.837  1553  1553 D UiModeManager: updateConfigurationLocked: mDockState=0; mCarMode=false; mNightMode=2; mNightModeCustomType=-1; uiMode=33
08-18 16:48:05.841  1553  1553 V UiModeManager: updateLocked: null action, mDockState=0, category=null
08-18 16:48:05.841  1553  1553 D UiModeManager: updateConfigurationLocked: mDockState=0; mCarMode=false; mNightMode=2; mNightModeCustomType=-1; uiMode=33
08-18 16:48:05.843  2451  3622 D PowerUI : can't show warning due to - plugged: true status unknown: false
08-18 16:48:05.943  1553  1890 W ProcessStats: Tracking association SourceState{ea758b3 com.google.android.gms.persistent/10200 BTop #46571} whose proc state 2 is better than process ProcessState{fc6c545 com.google.android.gms.unstable/10200 pkg=com.google.android.gms} proc state 14 (283 skipped)
08-18 16:48:06.562  1553  2108 D ActivityManager: freezing 18136 com.handmark.expressweather, reason = oom_cached
08-18 16:48:07.254  1553  2108 D ActivityManager: freezing 18331 com.google.android.webview:sandboxed_process0:org.chromium.content.app.SandboxedProcessService0:0, reason = oom_cached
08-18 16:48:08.153  1553  2108 D ActivityManager: freezing 18362 com.google.android.webview:webview_service, reason = oom_cached
08-18 16:48:08.235  1553  2108 D ActivityManager: freezing 18364 com.google.android.adservices.api, reason = oom_cached
08-18 16:48:10.539   758 18490 I keystore2: system/security/keystore2/src/watchdog.rs:319 - Watchdog thread idle -> terminating. Have a great day.
08-18 16:48:16.044  1553 12216 W ProcessStats: Tracking association SourceState{ea758b3 com.google.android.gms.persistent/10200 BTop #46579} whose proc state 2 is better than process ProcessState{fc6c545 com.google.android.gms.unstable/10200 pkg=com.google.android.gms} proc state 14 (19 skipped)
08-18 16:48:25.859  1553  2059 D BatteryService: uevent={POWER_SUPPLY_VOLTAGE_NOW=4394000, POWER_SUPPLY_VBUS_PRESENT=true, POWER_SUPPLY_TYPE=Battery, POWER_SUPPLY_HEALTH=Good, POWER_SUPPLY_TECHNOLOGY=Li-ion, POWER_SUPPLY_CHARGE_FULL_DESIGN=4945000, POWER_SUPPLY_CONSTANT_CHARGE_VOLTAGE=4710, SEQNUM=12441, POWER_SUPPLY_STATUS=Full, POWER_SUPPLY_CYCLE_COUNT=285, POWER_SUPPLY_CAPACITY=100, DEVPATH=/devices/platform/11b20000.i2c/i2c-5/5-0034/11b20000.i2c:mt6375@34:mtk_gauge/power_supply/battery, POWER_SUPPLY_CHARGE_RATE=Normal, POWER_SUPPLY_CURRENT_AVG=-70400, POWER_SUPPLY_CAPACITY_LEVEL=Full, POWER_SUPPLY_CURRENT_NOW=0, POWER_SUPPLY_PRESENT=1, POWER_SUPPLY_POWER_WATT=2, POWER_SUPPLY_CHARGE_FULL=4833000, POWER_SUPPLY_TIME_TO_FULL_NOW=0, SUBSYSTEM=power_supply, POWER_SUPPLY_TEMP=280, ACTION=change, POWER_SUPPLY_AGE=90, POWER_SUPPLY_NAME=battery, POWER_SUPPLY_LPD_PRESENT=false, POWER_SUPPLY_CHARGE_COUNTER=4833000}
08-18 16:48:25.860  1553  2059 D BatteryService: uevent={POWER_SUPPLY_VOLTAGE_NOW=4394000, POWER_SUPPLY_VBUS_PRESENT=true, POWER_SUPPLY_TYPE=Battery, POWER_SUPPLY_HEALTH=Good, POWER_SUPPLY_TECHNOLOGY=Li-ion, POWER_SUPPLY_CHARGE_FULL_DESIGN=4945000, POWER_SUPPLY_CONSTANT_CHARGE_VOLTAGE=4710, SEQNUM=12441, POWER_SUPPLY_STATUS=Full, POWER_SUPPLY_CYCLE_COUNT=285, POWER_SUPPLY_CAPACITY=100, DEVPATH=/devices/platform/11b20000.i2c/i2c-5/5-0034/11b20000.i2c:mt6375@34:mtk_gauge/power_supply/battery, POWER_SUPPLY_CHARGE_RATE=Normal, POWER_SUPPLY_CURRENT_AVG=-70400, POWER_SUPPLY_CAPACITY_LEVEL=Full, POWER_SUPPLY_CURRENT_NOW=0, POWER_SUPPLY_PRESENT=1, POWER_SUPPLY_POWER_WATT=2, POWER_SUPPLY_CHARGE_FULL=4833000, POWER_SUPPLY_TIME_TO_FULL_NOW=0, SUBSYSTEM=power_supply, POWER_SUPPLY_TEMP=280, ACTION=change, POWER_SUPPLY_AGE=90, POWER_SUPPLY_NAME=battery, POWER_SUPPLY_LPD_PRESENT=false, POWER_SUPPLY_CHARGE_COUNTER=4833000}
08-18 16:48:25.871  1553  1553 V UiModeManager: updateLocked: null action, mDockState=0, category=null
08-18 16:48:25.871  1553  1553 D UiModeManager: updateConfigurationLocked: mDockState=0; mCarMode=false; mNightMode=2; mNightModeCustomType=-1; uiMode=33
08-18 16:48:25.873  2451  3620 D PowerUI : can't show warning due to - plugged: true status unknown: false
08-18 16:48:25.891  1553  1553 V UiModeManager: updateLocked: null action, mDockState=0, category=null
08-18 16:48:25.892  1553  1553 D UiModeManager: updateConfigurationLocked: mDockState=0; mCarMode=false; mNightMode=2; mNightModeCustomType=-1; uiMode=33
08-18 16:48:25.892  2451  3634 D PowerUI : can't show warning due to - plugged: true status unknown: false
08-18 16:48:28.173  1553  1890 I UsageStatsService: User[0] Flushing usage stats to disk
08-18 16:48:28.216  1553  1890 I UsageStatsService: User[11] Flushing usage stats to disk
08-18 16:48:28.614  1553  2108 D ActivityManager: freezing 29348 com.google.android.gms, reason = oom_cached
08-18 16:48:45.880  1553  2059 D BatteryService: uevent={POWER_SUPPLY_VOLTAGE_NOW=4391000, POWER_SUPPLY_VBUS_PRESENT=true, POWER_SUPPLY_TYPE=Battery, POWER_SUPPLY_HEALTH=Good, POWER_SUPPLY_TECHNOLOGY=Li-ion, POWER_SUPPLY_CHARGE_FULL_DESIGN=4945000, POWER_SUPPLY_CONSTANT_CHARGE_VOLTAGE=4710, SEQNUM=12442, POWER_SUPPLY_STATUS=Full, POWER_SUPPLY_CYCLE_COUNT=285, POWER_SUPPLY_CAPACITY=100, DEVPATH=/devices/platform/11b20000.i2c/i2c-5/5-0034/11b20000.i2c:mt6375@34:mtk_gauge/power_supply/battery, POWER_SUPPLY_CHARGE_RATE=Normal, POWER_SUPPLY_CURRENT_AVG=-1200, POWER_SUPPLY_CAPACITY_LEVEL=Full, POWER_SUPPLY_CURRENT_NOW=-20700, POWER_SUPPLY_PRESENT=1, POWER_SUPPLY_POWER_WATT=2, POWER_SUPPLY_CHARGE_FULL=4833000, POWER_SUPPLY_TIME_TO_FULL_NOW=0, SUBSYSTEM=power_supply, POWER_SUPPLY_TEMP=280, ACTION=change, POWER_SUPPLY_AGE=90, POWER_SUPPLY_NAME=battery, POWER_SUPPLY_LPD_PRESENT=false, POWER_SUPPLY_CHARGE_COUNTER=4833000}
08-18 16:48:45.881  1553  2059 D BatteryService: uevent={POWER_SUPPLY_VOLTAGE_NOW=4391000, POWER_SUPPLY_VBUS_PRESENT=true, POWER_SUPPLY_TYPE=Battery, POWER_SUPPLY_HEALTH=Good, POWER_SUPPLY_TECHNOLOGY=Li-ion, POWER_SUPPLY_CHARGE_FULL_DESIGN=4945000, POWER_SUPPLY_CONSTANT_CHARGE_VOLTAGE=4710, SEQNUM=12442, POWER_SUPPLY_STATUS=Full, POWER_SUPPLY_CYCLE_COUNT=285, POWER_SUPPLY_CAPACITY=100, DEVPATH=/devices/platform/11b20000.i2c/i2c-5/5-0034/11b20000.i2c:mt6375@34:mtk_gauge/power_supply/battery, POWER_SUPPLY_CHARGE_RATE=Normal, POWER_SUPPLY_CURRENT_AVG=-1200, POWER_SUPPLY_CAPACITY_LEVEL=Full, POWER_SUPPLY_CURRENT_NOW=-20700, POWER_SUPPLY_PRESENT=1, POWER_SUPPLY_POWER_WATT=2, POWER_SUPPLY_CHARGE_FULL=4833000, POWER_SUPPLY_TIME_TO_FULL_NOW=0, SUBSYSTEM=power_supply, POWER_SUPPLY_TEMP=280, ACTION=change, POWER_SUPPLY_AGE=90, POWER_SUPPLY_NAME=battery, POWER_SUPPLY_LPD_PRESENT=false, POWER_SUPPLY_CHARGE_COUNTER=4833000}
08-18 16:48:45.890  2451  3623 D PowerUI : can't show warning due to - plugged: true status unknown: false
08-18 16:48:45.892  1553  1553 V UiModeManager: updateLocked: null action, mDockState=0, category=null
08-18 16:48:45.893  1553  1553 D UiModeManager: updateConfigurationLocked: mDockState=0; mCarMode=false; mNightMode=2; mNightModeCustomType=-1; uiMode=33
08-18 16:48:45.898  1553  1553 V UiModeManager: updateLocked: null action, mDockState=0, category=null
08-18 16:48:45.899  1553  1553 D UiModeManager: updateConfigurationLocked: mDockState=0; mCarMode=false; mNightMode=2; mNightModeCustomType=-1; uiMode=33
08-18 16:48:45.899  2451  3621 D PowerUI : can't show warning due to - plugged: true status unknown: false
08-18 16:48:45.908  1553  1553 V UiModeManager: updateLocked: null action, mDockState=0, category=null
08-18 16:48:45.908  1553  1553 D UiModeManager: updateConfigurationLocked: mDockState=0; mCarMode=false; mNightMode=2; mNightModeCustomType=-1; uiMode=33
08-18 16:48:45.912  2451  2872 D PowerUI : can't show warning due to - plugged: true status unknown: false
08-18 16:48:52.376  1553  1553 V UiModeManager: updateLocked: null action, mDockState=0, category=null
08-18 16:48:52.377  1553  1553 D UiModeManager: updateConfigurationLocked: mDockState=0; mCarMode=false; mNightMode=2; mNightModeCustomType=-1; uiMode=33
08-18 16:48:52.379  2451  3624 D PowerUI : can't show warning due to - plugged: true status unknown: false
08-18 16:48:59.855  1553 11765 W ProcessStats: Tracking association SourceState{ea758b3 com.google.android.gms.persistent/10200 BTop #46581} whose proc state 2 is better than process ProcessState{fc6c545 com.google.android.gms.unstable/10200 pkg=com.google.android.gms} proc state 14 (4 skipped)
08-18 16:49:02.364  1553  1875 I DisplayDeviceRepository: Display device changed: DisplayDeviceInfo{"Built-in Screen": uniqueId="local:0", 1080 x 2400, modeId 1, renderFrameRate 60.0, defaultModeId 1, supportedModes [{id=1, width=1080, height=2400, fps=60.0, alternativeRefreshRates=[90.0, 120.00001], supportedHdrTypes=[2, 3, 4]}, {id=2, width=1080, height=2400, fps=120.00001, alternativeRefreshRates=[60.0, 90.0], supportedHdrTypes=[2, 3, 4]}, {id=3, width=1080, height=2400, fps=90.0, alternativeRefreshRates=[60.0, 120.00001], supportedHdrTypes=[2, 3, 4]}], supportedReadyForModes [], colorMode 0, supportedColorModes [0, 7, 9], hdrCapabilities HdrCapabilities{mSupportedHdrTypes=[2, 3, 4], mMaxLuminance=500.0, mMaxAverageLuminance=500.0, mMinLuminance=0.0}, allmSupported false, gameContentTypeSupported false, density 400, 405.103 x 405.103 dpi, appVsyncOff 8400000, presDeadline 28600000, cutout DisplayCutout{insets=Rect(0, 117 - 0, 0) waterfall=Insets{left=0, top=0, right=0, bottom=0} boundingRect={Bounds=[Rect(0, 0 - 0, 0), Rect(500, 0 - 580, 117), Rect(0, 0 - 0, 0), Rect(0, 0 - 0, 0)]} cutoutPathParserInfo={CutoutPathParserInfo{displayWidth=1080 displayHeight=2400 physicalDisplayWidth=1080 physicalDisplayHeight=2400 density={2.5} cutoutSpec={M -40,0 L 40,0 L 40,117 L -40,117 Z} rotation={0} scale={1.0} physicalPixelDisplaySizeRatio={1.0}}}}, touch INTERNAL, rotation 0, type INTERNAL, address {port=0}, deviceProductInfo null, state ON, committedState ON, frameRateOverride , brightnessMinimum 0.0, brightnessMaximum 1.0, brightnessDefault 0.4, hdrSdrRatio 1.0, roundedCorners RoundedCorners{[RoundedCorner{position=TopLeft, radius=95, center=Point(95, 95)}, RoundedCorner{position=TopRight, radius=95, center=Point(985, 95)}, RoundedCorner{position=BottomRight, radius=95, center=Point(985, 2305)}, RoundedCorner{position=BottomLeft, radius=95, center=Point(95, 2305)}]}, FLAG_ALLOWED_TO_BE_DEFAULT_DISPLAY, FLAG_ROTATES_WITH_CONTENT, FLAG_SECURE, FLAG_SUPPORTS_PROTECTED_BUFFERS, FLAG_TRUSTED, installOrientation 0, displayShape DisplayShape{ spec=-1893857183 displayWidth=1080 displayHeight=2400 physicalPixelDisplaySizeRatio=1.0 rotation=0 offsetX=0 offsetY=0 scale=1.0}}
08-18 16:49:02.370  1553  1875 D DisplayManagerService: Ignore redundant display event 0/2 to 10276/18136
08-18 16:49:02.479  1553  1891 D ActivityManager: unfreezing ProcessRecord{3c548b8 29348:com.google.android.gms/u0a200}, reason = shouldNotFreeze_allowlist, adj = 920, adjType = cch-empty, adjSource = null
08-18 16:49:02.482  1553  1891 D ActivityManager: sync unfroze 29348 com.google.android.gms for 10
08-18 16:49:03.800  1553 11758 W ContextImpl: Calling a method in the system process without a qualified user: android.app.ContextImpl.sendBroadcast:1246 com.android.server.location.provider.LocationProviderManager$LocationRegistration$1.test:1006 com.android.server.location.provider.LocationProviderManager$LocationRegistration$1.test:960 android.location.LocationResult.filter:191 com.android.server.location.provider.LocationProviderManager$LocationRegistration.acceptLocationChange:959 
08-18 16:49:03.801  1553 11758 W ContextImpl: Calling a method in the system process without a qualified user: android.app.ContextImpl.sendBroadcast:1246 com.android.server.location.provider.LocationProviderManager$LocationRegistration$1.test:1006 com.android.server.location.provider.LocationProviderManager$LocationRegistration$1.test:960 android.location.LocationResult.filter:191 com.android.server.location.provider.LocationProviderManager$LocationRegistration.acceptLocationChange:959 
08-18 16:49:03.802  1553 11758 W ContextImpl: Calling a method in the system process without a qualified user: android.app.ContextImpl.sendBroadcast:1246 com.android.server.location.provider.LocationProviderManager$LocationRegistration$1.test:1006 com.android.server.location.provider.LocationProviderManager$LocationRegistration$1.test:960 android.location.LocationResult.filter:191 com.android.server.location.provider.LocationProviderManager$LocationRegistration.acceptLocationChange:959 
08-18 16:49:03.803  1553 11758 W ContextImpl: Calling a method in the system process without a qualified user: android.app.ContextImpl.sendBroadcast:1246 com.android.server.location.provider.LocationProviderManager$LocationRegistration$1.test:1006 com.android.server.location.provider.LocationProviderManager$LocationRegistration$1.test:960 android.location.LocationResult.filter:191 com.android.server.location.provider.LocationProviderManager$LocationRegistration.acceptLocationChange:959 
08-18 16:49:03.805  1553 11758 W ContextImpl: Calling a method in the system process without a qualified user: android.app.ContextImpl.sendBroadcast:1246 com.android.server.location.provider.LocationProviderManager$LocationRegistration$1.test:1006 com.android.server.location.provider.LocationProviderManager$LocationRegistration$1.test:960 android.location.LocationResult.filter:191 com.android.server.location.provider.LocationProviderManager$LocationRegistration.acceptLocationChange:959 
08-18 16:49:03.806  1553 11758 W ContextImpl: Calling a method in the system process without a qualified user: android.app.ContextImpl.sendBroadcast:1246 com.android.server.location.provider.LocationProviderManager$LocationRegistration$1.test:1006 com.android.server.location.provider.LocationProviderManager$LocationRegistration$1.test:960 android.location.LocationResult.filter:191 com.android.server.location.provider.LocationProviderManager$LocationRegistration.acceptLocationChange:959 
08-18 16:49:03.807  1553 11758 W ContextImpl: Calling a method in the system process without a qualified user: android.app.ContextImpl.sendBroadcast:1246 com.android.server.location.provider.LocationProviderManager$LocationRegistration$1.test:1006 com.android.server.location.provider.LocationProviderManager$LocationRegistration$1.test:960 android.location.LocationResult.filter:191 com.android.server.location.provider.LocationProviderManager$LocationRegistration.acceptLocationChange:959 
08-18 16:49:03.854  1553  2476 W ContextImpl: Calling a method in the system process without a qualified user: android.app.ContextImpl.sendBroadcast:1246 com.android.server.location.gnss.GnssStatusProvider.onReportStatus:176 com.android.server.location.gnss.hal.GnssNative.lambda$reportStatus$1:1057 com.android.server.location.gnss.hal.GnssNative.$r8$lambda$F6DnFXuQAsM3YqWh-0NCwFi1vMk:0 com.android.server.location.gnss.hal.GnssNative$$ExternalSyntheticLambda21.runOrThrow:0 
08-18 16:49:05.918  1553  2059 D BatteryService: uevent={POWER_SUPPLY_VOLTAGE_NOW=4395000, POWER_SUPPLY_VBUS_PRESENT=true, POWER_SUPPLY_TYPE=Battery, POWER_SUPPLY_HEALTH=Good, POWER_SUPPLY_TECHNOLOGY=Li-ion, POWER_SUPPLY_CHARGE_FULL_DESIGN=4945000, POWER_SUPPLY_CONSTANT_CHARGE_VOLTAGE=4710, SEQNUM=12444, POWER_SUPPLY_STATUS=Full, POWER_SUPPLY_CYCLE_COUNT=285, POWER_SUPPLY_CAPACITY=100, DEVPATH=/devices/platform/11b20000.i2c/i2c-5/5-0034/11b20000.i2c:mt6375@34:mtk_gauge/power_supply/battery, POWER_SUPPLY_CHARGE_RATE=Normal, POWER_SUPPLY_CURRENT_AVG=-9700, POWER_SUPPLY_CAPACITY_LEVEL=Full, POWER_SUPPLY_CURRENT_NOW=1800, POWER_SUPPLY_PRESENT=1, POWER_SUPPLY_POWER_WATT=2, POWER_SUPPLY_CHARGE_FULL=4833000, POWER_SUPPLY_TIME_TO_FULL_NOW=0, SUBSYSTEM=power_supply, POWER_SUPPLY_TEMP=280, ACTION=change, POWER_SUPPLY_AGE=90, POWER_SUPPLY_NAME=battery, POWER_SUPPLY_LPD_PRESENT=false, POWER_SUPPLY_CHARGE_COUNTER=4833000}
08-18 16:49:05.920  1553  2059 D BatteryService: uevent={POWER_SUPPLY_VOLTAGE_NOW=4395000, POWER_SUPPLY_VBUS_PRESENT=true, POWER_SUPPLY_TYPE=Battery, POWER_SUPPLY_HEALTH=Good, POWER_SUPPLY_TECHNOLOGY=Li-ion, POWER_SUPPLY_CHARGE_FULL_DESIGN=4945000, POWER_SUPPLY_CONSTANT_CHARGE_VOLTAGE=4710, SEQNUM=12444, POWER_SUPPLY_STATUS=Full, POWER_SUPPLY_CYCLE_COUNT=285, POWER_SUPPLY_CAPACITY=100, DEVPATH=/devices/platform/11b20000.i2c/i2c-5/5-0034/11b20000.i2c:mt6375@34:mtk_gauge/power_supply/battery, POWER_SUPPLY_CHARGE_RATE=Normal, POWER_SUPPLY_CURRENT_AVG=-9700, POWER_SUPPLY_CAPACITY_LEVEL=Full, POWER_SUPPLY_CURRENT_NOW=1800, POWER_SUPPLY_PRESENT=1, POWER_SUPPLY_POWER_WATT=2, POWER_SUPPLY_CHARGE_FULL=4833000, POWER_SUPPLY_TIME_TO_FULL_NOW=0, SUBSYSTEM=power_supply, POWER_SUPPLY_TEMP=280, ACTION=change, POWER_SUPPLY_AGE=90, POWER_SUPPLY_NAME=battery, POWER_SUPPLY_LPD_PRESENT=false, POWER_SUPPLY_CHARGE_COUNTER=4833000}
08-18 16:49:05.930  2451  3632 D PowerUI : can't show warning due to - plugged: true status unknown: false
08-18 16:49:05.936  1553  1553 V UiModeManager: updateLocked: null action, mDockState=0, category=null
08-18 16:49:05.937  1553  1553 D UiModeManager: updateConfigurationLocked: mDockState=0; mCarMode=false; mNightMode=2; mNightModeCustomType=-1; uiMode=33
08-18 16:49:05.938  2451  3622 D PowerUI : can't show warning due to - plugged: true status unknown: false
08-18 16:49:07.830  1553  1875 I DisplayDeviceRepository: Display device changed: DisplayDeviceInfo{"Built-in Screen": uniqueId="local:0", 1080 x 2400, modeId 2, renderFrameRate 120.00001, defaultModeId 1, supportedModes [{id=1, width=1080, height=2400, fps=60.0, alternativeRefreshRates=[90.0, 120.00001], supportedHdrTypes=[2, 3, 4]}, {id=2, width=1080, height=2400, fps=120.00001, alternativeRefreshRates=[60.0, 90.0], supportedHdrTypes=[2, 3, 4]}, {id=3, width=1080, height=2400, fps=90.0, alternativeRefreshRates=[60.0, 120.00001], supportedHdrTypes=[2, 3, 4]}], supportedReadyForModes [], colorMode 0, supportedColorModes [0, 7, 9], hdrCapabilities HdrCapabilities{mSupportedHdrTypes=[2, 3, 4], mMaxLuminance=500.0, mMaxAverageLuminance=500.0, mMinLuminance=0.0}, allmSupported false, gameContentTypeSupported false, density 400, 405.103 x 405.103 dpi, appVsyncOff -8000000, presDeadline 18388889, cutout DisplayCutout{insets=Rect(0, 117 - 0, 0) waterfall=Insets{left=0, top=0, right=0, bottom=0} boundingRect={Bounds=[Rect(0, 0 - 0, 0), Rect(500, 0 - 580, 117), Rect(0, 0 - 0, 0), Rect(0, 0 - 0, 0)]} cutoutPathParserInfo={CutoutPathParserInfo{displayWidth=1080 displayHeight=2400 physicalDisplayWidth=1080 physicalDisplayHeight=2400 density={2.5} cutoutSpec={M -40,0 L 40,0 L 40,117 L -40,117 Z} rotation={0} scale={1.0} physicalPixelDisplaySizeRatio={1.0}}}}, touch INTERNAL, rotation 0, type INTERNAL, address {port=0}, deviceProductInfo null, state ON, committedState ON, frameRateOverride , brightnessMinimum 0.0, brightnessMaximum 1.0, brightnessDefault 0.4, hdrSdrRatio 1.0, roundedCorners RoundedCorners{[RoundedCorner{position=TopLeft, radius=95, center=Point(95, 95)}, RoundedCorner{position=TopRight, radius=95, center=Point(985, 95)}, RoundedCorner{position=BottomRight, radius=95, center=Point(985, 2305)}, RoundedCorner{position=BottomLeft, radius=95, center=Point(95, 2305)}]}, FLAG_ALLOWED_TO_BE_DEFAULT_DISPLAY, FLAG_ROTATES_WITH_CONTENT, FLAG_SECURE, FLAG_SUPPORTS_PROTECTED_BUFFERS, FLAG_TRUSTED, installOrientation 0, displayShape DisplayShape{ spec=-1893857183 displayWidth=1080 displayHeight=2400 physicalPixelDisplaySizeRatio=1.0 rotation=0 offsetX=0 offsetY=0 scale=1.0}}
08-18 16:49:07.836  1553  1875 D DisplayManagerService: Ignore redundant display event 0/2 to 10228/16938
08-18 16:49:07.839  1553  1875 D DisplayManagerService: Ignore redundant display event 0/2 to 10276/18136
08-18 16:49:10.808  1553 11765 W ProcessStats: Tracking association SourceState{ea758b3 com.google.android.gms.persistent/10200 BTop #46607} whose proc state 2 is better than process ProcessState{fc6c545 com.google.android.gms.unstable/10200 pkg=com.google.android.gms} proc state 14 (52 skipped)
08-18 16:49:22.504  1553  2065 W ProcessStats: Tracking association SourceState{47ddecb com.google.android.gms.persistent/1110200 Service #46610} whose proc state 8 is better than process ProcessState{1af92d9 com.google.android.gms.unstable/1110200 pkg=com.google.android.gms} proc state 14 (5 skipped)
08-18 16:49:25.951  1553  2059 D BatteryService: uevent={POWER_SUPPLY_VOLTAGE_NOW=4395000, POWER_SUPPLY_VBUS_PRESENT=true, POWER_SUPPLY_TYPE=Battery, POWER_SUPPLY_HEALTH=Good, POWER_SUPPLY_TECHNOLOGY=Li-ion, POWER_SUPPLY_CHARGE_FULL_DESIGN=4945000, POWER_SUPPLY_CONSTANT_CHARGE_VOLTAGE=4710, SEQNUM=12445, POWER_SUPPLY_STATUS=Full, POWER_SUPPLY_CYCLE_COUNT=285, POWER_SUPPLY_CAPACITY=100, DEVPATH=/devices/platform/11b20000.i2c/i2c-5/5-0034/11b20000.i2c:mt6375@34:mtk_gauge/power_supply/battery, POWER_SUPPLY_CHARGE_RATE=Normal, POWER_SUPPLY_CURRENT_AVG=-8200, POWER_SUPPLY_CAPACITY_LEVEL=Full, POWER_SUPPLY_CURRENT_NOW=600, POWER_SUPPLY_PRESENT=1, POWER_SUPPLY_POWER_WATT=2, POWER_SUPPLY_CHARGE_FULL=4833000, POWER_SUPPLY_TIME_TO_FULL_NOW=0, SUBSYSTEM=power_supply, POWER_SUPPLY_TEMP=280, ACTION=change, POWER_SUPPLY_AGE=90, POWER_SUPPLY_NAME=battery, POWER_SUPPLY_LPD_PRESENT=false, POWER_SUPPLY_CHARGE_COUNTER=4833000}
08-18 16:49:25.954  1553  2059 D BatteryService: uevent={POWER_SUPPLY_VOLTAGE_NOW=4395000, POWER_SUPPLY_VBUS_PRESENT=true, POWER_SUPPLY_TYPE=Battery, POWER_SUPPLY_HEALTH=Good, POWER_SUPPLY_TECHNOLOGY=Li-ion, POWER_SUPPLY_CHARGE_FULL_DESIGN=4945000, POWER_SUPPLY_CONSTANT_CHARGE_VOLTAGE=4710, SEQNUM=12445, POWER_SUPPLY_STATUS=Full, POWER_SUPPLY_CYCLE_COUNT=285, POWER_SUPPLY_CAPACITY=100, DEVPATH=/devices/platform/11b20000.i2c/i2c-5/5-0034/11b20000.i2c:mt6375@34:mtk_gauge/power_supply/battery, POWER_SUPPLY_CHARGE_RATE=Normal, POWER_SUPPLY_CURRENT_AVG=-8200, POWER_SUPPLY_CAPACITY_LEVEL=Full, POWER_SUPPLY_CURRENT_NOW=600, POWER_SUPPLY_PRESENT=1, POWER_SUPPLY_POWER_WATT=2, POWER_SUPPLY_CHARGE_FULL=4833000, POWER_SUPPLY_TIME_TO_FULL_NOW=0, SUBSYSTEM=power_supply, POWER_SUPPLY_TEMP=280, ACTION=change, POWER_SUPPLY_AGE=90, POWER_SUPPLY_NAME=battery, POWER_SUPPLY_LPD_PRESENT=false, POWER_SUPPLY_CHARGE_COUNTER=4833000}
08-18 16:49:25.962  1553  1553 V UiModeManager: updateLocked: null action, mDockState=0, category=null
08-18 16:49:25.963  1553  1553 D UiModeManager: updateConfigurationLocked: mDockState=0; mCarMode=false; mNightMode=2; mNightModeCustomType=-1; uiMode=33
08-18 16:49:25.965  2451  3620 D PowerUI : can't show warning due to - plugged: true status unknown: false
08-18 16:49:25.969  1553  1553 V UiModeManager: updateLocked: null action, mDockState=0, category=null
08-18 16:49:25.970  1553  1553 D UiModeManager: updateConfigurationLocked: mDockState=0; mCarMode=false; mNightMode=2; mNightModeCustomType=-1; uiMode=33
08-18 16:49:25.971  2451  3634 D PowerUI : can't show warning due to - plugged: true status unknown: false
08-18 16:49:32.553  1553  2108 D ActivityManager: freezing 29348 com.google.android.gms, reason = oom_cached
08-18 16:49:39.579  1553 11758 W ContextImpl: Calling a method in the system process without a qualified user: android.app.ContextImpl.sendBroadcastMultiplePermissions:1281 android.content.Context.sendBroadcastMultiplePermissions:2476 com.android.server.TelephonyRegistry.broadcastServiceStateChanged:3597 com.android.server.TelephonyRegistry.notifyServiceStateForPhoneId:1734 com.android.internal.telephony.ITelephonyRegistry$Stub.onTransact:550 
08-18 16:49:39.580  1553 11758 W ContextImpl: Calling a method in the system process without a qualified user: android.app.ContextImpl.sendBroadcastMultiplePermissions:1314 com.android.server.TelephonyRegistry.broadcastServiceStateChanged:3602 com.android.server.TelephonyRegistry.notifyServiceStateForPhoneId:1734 com.android.internal.telephony.ITelephonyRegistry$Stub.onTransact:550 android.os.Binder.execTransactInternal:1380 
08-18 16:49:39.581  1553 11758 W ContextImpl: Calling a method in the system process without a qualified user: android.app.ContextImpl.sendBroadcastMultiplePermissions:1314 com.android.server.TelephonyRegistry.broadcastServiceStateChanged:3611 com.android.server.TelephonyRegistry.notifyServiceStateForPhoneId:1734 com.android.internal.telephony.ITelephonyRegistry$Stub.onTransact:550 android.os.Binder.execTransactInternal:1380 
08-18 16:49:39.583  1553 11758 W ContextImpl: Calling a method in the system process without a qualified user: android.app.ContextImpl.sendBroadcastMultiplePermissions:1314 com.android.server.TelephonyRegistry.broadcastServiceStateChanged:3617 com.android.server.TelephonyRegistry.notifyServiceStateForPhoneId:1734 com.android.internal.telephony.ITelephonyRegistry$Stub.onTransact:550 android.os.Binder.execTransactInternal:1380 
08-18 16:49:39.587  1553  1891 D CompatibilityChangeReporter: Compat change id reported: 135634846; UID 10343; state: DISABLED
08-18 16:49:39.587  1553  1891 D CompatibilityChangeReporter: Compat change id reported: 177438394; UID 10343; state: DISABLED
08-18 16:49:39.587  1553  1891 D CompatibilityChangeReporter: Compat change id reported: 135772972; UID 10343; state: DISABLED
08-18 16:49:39.587  1553  1891 D CompatibilityChangeReporter: Compat change id reported: 135754954; UID 10343; state: ENABLED
08-18 16:49:39.589  1553  1892 D CompatibilityChangeReporter: Compat change id reported: 143937733; UID 10343; state: ENABLED
08-18 16:49:39.607  1553  1892 I ActivityManager: Start proc 18677:com.google.android.cellbroadcastreceiver/u0a343 for broadcast {com.google.android.cellbroadcastreceiver/com.android.cellbroadcastreceiver.CellBroadcastReceiver}
08-18 16:49:39.629  1553 12134 D CompatibilityChangeReporter: Compat change id reported: 168419799; UID 10343; state: DISABLED
08-18 16:49:39.629  1553 12134 D CompatibilityChangeReporter: Compat change id reported: 273564678; UID 10343; state: DISABLED
08-18 16:49:39.633  1553  2065 D CompatibilityChangeReporter: Compat change id reported: 265195908; UID 10343; state: ENABLED
08-18 16:49:39.641  1553 12134 D CompatibilityChangeReporter: Compat change id reported: 170503758; UID 10343; state: ENABLED
08-18 16:49:39.735  1553 12134 I ActivityManager: Flag disabled. Ignoring finishAttachApplication from uid: 10343. pid: 18677
08-18 16:49:45.985  1553  2059 D BatteryService: uevent={POWER_SUPPLY_VOLTAGE_NOW=4395000, POWER_SUPPLY_VBUS_PRESENT=true, POWER_SUPPLY_TYPE=Battery, POWER_SUPPLY_HEALTH=Good, POWER_SUPPLY_TECHNOLOGY=Li-ion, POWER_SUPPLY_CHARGE_FULL_DESIGN=4945000, POWER_SUPPLY_CONSTANT_CHARGE_VOLTAGE=4710, SEQNUM=12448, POWER_SUPPLY_STATUS=Full, POWER_SUPPLY_CYCLE_COUNT=285, POWER_SUPPLY_CAPACITY=100, DEVPATH=/devices/platform/11b20000.i2c/i2c-5/5-0034/11b20000.i2c:mt6375@34:mtk_gauge/power_supply/battery, POWER_SUPPLY_CHARGE_RATE=Normal, POWER_SUPPLY_CURRENT_AVG=-1500, POWER_SUPPLY_CAPACITY_LEVEL=Full, POWER_SUPPLY_CURRENT_NOW=600, POWER_SUPPLY_PRESENT=1, POWER_SUPPLY_POWER_WATT=2, POWER_SUPPLY_CHARGE_FULL=4833000, POWER_SUPPLY_TIME_TO_FULL_NOW=0, SUBSYSTEM=power_supply, POWER_SUPPLY_TEMP=280, ACTION=change, POWER_SUPPLY_AGE=90, POWER_SUPPLY_NAME=battery, POWER_SUPPLY_LPD_PRESENT=false, POWER_SUPPLY_CHARGE_COUNTER=4833000}
08-18 16:49:45.986  1553  2059 D BatteryService: uevent={POWER_SUPPLY_VOLTAGE_NOW=4395000, POWER_SUPPLY_VBUS_PRESENT=true, POWER_SUPPLY_TYPE=Battery, POWER_SUPPLY_HEALTH=Good, POWER_SUPPLY_TECHNOLOGY=Li-ion, POWER_SUPPLY_CHARGE_FULL_DESIGN=4945000, POWER_SUPPLY_CONSTANT_CHARGE_VOLTAGE=4710, SEQNUM=12448, POWER_SUPPLY_STATUS=Full, POWER_SUPPLY_CYCLE_COUNT=285, POWER_SUPPLY_CAPACITY=100, DEVPATH=/devices/platform/11b20000.i2c/i2c-5/5-0034/11b20000.i2c:mt6375@34:mtk_gauge/power_supply/battery, POWER_SUPPLY_CHARGE_RATE=Normal, POWER_SUPPLY_CURRENT_AVG=-1500, POWER_SUPPLY_CAPACITY_LEVEL=Full, POWER_SUPPLY_CURRENT_NOW=600, POWER_SUPPLY_PRESENT=1, POWER_SUPPLY_POWER_WATT=2, POWER_SUPPLY_CHARGE_FULL=4833000, POWER_SUPPLY_TIME_TO_FULL_NOW=0, SUBSYSTEM=power_supply, POWER_SUPPLY_TEMP=280, ACTION=change, POWER_SUPPLY_AGE=90, POWER_SUPPLY_NAME=battery, POWER_SUPPLY_LPD_PRESENT=false, POWER_SUPPLY_CHARGE_COUNTER=4833000}
08-18 16:49:45.999  2451  3623 D PowerUI : can't show warning due to - plugged: true status unknown: false
08-18 16:49:45.999  1553  1553 V UiModeManager: updateLocked: null action, mDockState=0, category=null
08-18 16:49:46.002  1553  1553 D UiModeManager: updateConfigurationLocked: mDockState=0; mCarMode=false; mNightMode=2; mNightModeCustomType=-1; uiMode=33
08-18 16:49:46.003  1553  1553 V UiModeManager: updateLocked: null action, mDockState=0, category=null
08-18 16:49:46.004  1553  1553 D UiModeManager: updateConfigurationLocked: mDockState=0; mCarMode=false; mNightMode=2; mNightModeCustomType=-1; uiMode=33
08-18 16:49:46.009  2451  3621 D PowerUI : can't show warning due to - plugged: true status unknown: false
08-18 16:49:46.018  1553  1553 V UiModeManager: updateLocked: null action, mDockState=0, category=null
08-18 16:49:46.018  1553  1553 D UiModeManager: updateConfigurationLocked: mDockState=0; mCarMode=false; mNightMode=2; mNightModeCustomType=-1; uiMode=33
08-18 16:49:46.022  2451  2872 D PowerUI : can't show warning due to - plugged: true status unknown: false
08-18 16:49:49.815  1553  2108 D ActivityManager: freezing 18677 com.google.android.cellbroadcastreceiver, reason = oom_cached
08-18 16:49:52.375  1553  1553 V UiModeManager: updateLocked: null action, mDockState=0, category=null
08-18 16:49:52.377  1553  1553 D UiModeManager: updateConfigurationLocked: mDockState=0; mCarMode=false; mNightMode=2; mNightModeCustomType=-1; uiMode=33
08-18 16:49:52.380  2451  3624 D PowerUI : can't show warning due to - plugged: true status unknown: false
08-18 16:49:59.648  1553 12216 W ContextImpl: Calling a method in the system process without a qualified user: android.app.ContextImpl.sendBroadcastMultiplePermissions:1281 android.content.Context.sendBroadcastMultiplePermissions:2476 com.android.server.TelephonyRegistry.broadcastServiceStateChanged:3597 com.android.server.TelephonyRegistry.notifyServiceStateForPhoneId:1734 com.android.internal.telephony.ITelephonyRegistry$Stub.onTransact:550 
08-18 16:49:59.649  1553 12216 W ContextImpl: Calling a method in the system process without a qualified user: android.app.ContextImpl.sendBroadcastMultiplePermissions:1314 com.android.server.TelephonyRegistry.broadcastServiceStateChanged:3602 com.android.server.TelephonyRegistry.notifyServiceStateForPhoneId:1734 com.android.internal.telephony.ITelephonyRegistry$Stub.onTransact:550 android.os.Binder.execTransactInternal:1380 
08-18 16:49:59.650  1553 12216 W ContextImpl: Calling a method in the system process without a qualified user: android.app.ContextImpl.sendBroadcastMultiplePermissions:1314 com.android.server.TelephonyRegistry.broadcastServiceStateChanged:3611 com.android.server.TelephonyRegistry.notifyServiceStateForPhoneId:1734 com.android.internal.telephony.ITelephonyRegistry$Stub.onTransact:550 android.os.Binder.execTransactInternal:1380 
08-18 16:49:59.651  1553 12216 W ContextImpl: Calling a method in the system process without a qualified user: android.app.ContextImpl.sendBroadcastMultiplePermissions:1314 com.android.server.TelephonyRegistry.broadcastServiceStateChanged:3617 com.android.server.TelephonyRegistry.notifyServiceStateForPhoneId:1734 com.android.internal.telephony.ITelephonyRegistry$Stub.onTransact:550 android.os.Binder.execTransactInternal:1380 
08-18 16:49:59.656  1553  1891 D ActivityManager: unfreezing ProcessRecord{f8114eb 18677:com.google.android.cellbroadcastreceiver/u0a343}, reason = unfreezeTemporarily, adj = 915, adjType = cch-empty, adjSource = null
08-18 16:49:59.658  1553  1891 D ActivityManager: sync unfroze 18677 com.google.android.cellbroadcastreceiver for 3
08-18 16:50:03.773  1553 12216 W ProcessStats: Tracking association SourceState{ea758b3 com.google.android.gms.persistent/10200 BTop #46617} whose proc state 2 is better than process ProcessState{fc6c545 com.google.android.gms.unstable/10200 pkg=com.google.android.gms} proc state 14 (2 skipped)
08-18 16:50:05.374  1553 12134 W ContextImpl: Calling a method in the system process without a qualified user: android.app.ContextImpl.sendBroadcastMultiplePermissions:1281 android.content.Context.sendBroadcastMultiplePermissions:2476 com.android.server.TelephonyRegistry.broadcastServiceStateChanged:3597 com.android.server.TelephonyRegistry.notifyServiceStateForPhoneId:1734 com.android.internal.telephony.ITelephonyRegistry$Stub.onTransact:550 
08-18 16:50:05.376  1553 12134 W ContextImpl: Calling a method in the system process without a qualified user: android.app.ContextImpl.sendBroadcastMultiplePermissions:1314 com.android.server.TelephonyRegistry.broadcastServiceStateChanged:3602 com.android.server.TelephonyRegistry.notifyServiceStateForPhoneId:1734 com.android.internal.telephony.ITelephonyRegistry$Stub.onTransact:550 android.os.Binder.execTransactInternal:1380 
08-18 16:50:05.378  1553 12134 W ContextImpl: Calling a method in the system process without a qualified user: android.app.ContextImpl.sendBroadcastMultiplePermissions:1314 com.android.server.TelephonyRegistry.broadcastServiceStateChanged:3611 com.android.server.TelephonyRegistry.notifyServiceStateForPhoneId:1734 com.android.internal.telephony.ITelephonyRegistry$Stub.onTransact:550 android.os.Binder.execTransactInternal:1380 
08-18 16:50:05.380  1553 12134 W ContextImpl: Calling a method in the system process without a qualified user: android.app.ContextImpl.sendBroadcastMultiplePermissions:1314 com.android.server.TelephonyRegistry.broadcastServiceStateChanged:3617 com.android.server.TelephonyRegistry.notifyServiceStateForPhoneId:1734 com.android.internal.telephony.ITelephonyRegistry$Stub.onTransact:550 android.os.Binder.execTransactInternal:1380 
08-18 16:50:06.021  1553  2059 D BatteryService: uevent={POWER_SUPPLY_VOLTAGE_NOW=4395000, POWER_SUPPLY_VBUS_PRESENT=true, POWER_SUPPLY_TYPE=Battery, POWER_SUPPLY_HEALTH=Good, POWER_SUPPLY_TECHNOLOGY=Li-ion, POWER_SUPPLY_CHARGE_FULL_DESIGN=4945000, POWER_SUPPLY_CONSTANT_CHARGE_VOLTAGE=4710, SEQNUM=12449, POWER_SUPPLY_STATUS=Full, POWER_SUPPLY_CYCLE_COUNT=285, POWER_SUPPLY_CAPACITY=100, DEVPATH=/devices/platform/11b20000.i2c/i2c-5/5-0034/11b20000.i2c:mt6375@34:mtk_gauge/power_supply/battery, POWER_SUPPLY_CHARGE_RATE=Normal, POWER_SUPPLY_CURRENT_AVG=-1800, POWER_SUPPLY_CAPACITY_LEVEL=Full, POWER_SUPPLY_CURRENT_NOW=-600, POWER_SUPPLY_PRESENT=1, POWER_SUPPLY_POWER_WATT=2, POWER_SUPPLY_CHARGE_FULL=4833000, POWER_SUPPLY_TIME_TO_FULL_NOW=0, SUBSYSTEM=power_supply, POWER_SUPPLY_TEMP=280, ACTION=change, POWER_SUPPLY_AGE=90, POWER_SUPPLY_NAME=battery, POWER_SUPPLY_LPD_PRESENT=false, POWER_SUPPLY_CHARGE_COUNTER=4833000}
08-18 16:50:06.022  1553  2059 D BatteryService: uevent={POWER_SUPPLY_VOLTAGE_NOW=4395000, POWER_SUPPLY_VBUS_PRESENT=true, POWER_SUPPLY_TYPE=Battery, POWER_SUPPLY_HEALTH=Good, POWER_SUPPLY_TECHNOLOGY=Li-ion, POWER_SUPPLY_CHARGE_FULL_DESIGN=4945000, POWER_SUPPLY_CONSTANT_CHARGE_VOLTAGE=4710, SEQNUM=12449, POWER_SUPPLY_STATUS=Full, POWER_SUPPLY_CYCLE_COUNT=285, POWER_SUPPLY_CAPACITY=100, DEVPATH=/devices/platform/11b20000.i2c/i2c-5/5-0034/11b20000.i2c:mt6375@34:mtk_gauge/power_supply/battery, POWER_SUPPLY_CHARGE_RATE=Normal, POWER_SUPPLY_CURRENT_AVG=-1800, POWER_SUPPLY_CAPACITY_LEVEL=Full, POWER_SUPPLY_CURRENT_NOW=-600, POWER_SUPPLY_PRESENT=1, POWER_SUPPLY_POWER_WATT=2, POWER_SUPPLY_CHARGE_FULL=4833000, POWER_SUPPLY_TIME_TO_FULL_NOW=0, SUBSYSTEM=power_supply, POWER_SUPPLY_TEMP=280, ACTION=change, POWER_SUPPLY_AGE=90, POWER_SUPPLY_NAME=battery, POWER_SUPPLY_LPD_PRESENT=false, POWER_SUPPLY_CHARGE_COUNTER=4833000}
08-18 16:50:06.033  2451  3632 D PowerUI : can't show warning due to - plugged: true status unknown: false
08-18 16:50:06.034  1553  1553 V UiModeManager: updateLocked: null action, mDockState=0, category=null
08-18 16:50:06.034  1553  1553 D UiModeManager: updateConfigurationLocked: mDockState=0; mCarMode=false; mNightMode=2; mNightModeCustomType=-1; uiMode=33
08-18 16:50:06.038  1553  1553 V UiModeManager: updateLocked: null action, mDockState=0, category=null
08-18 16:50:06.039  1553  1553 D UiModeManager: updateConfigurationLocked: mDockState=0; mCarMode=false; mNightMode=2; mNightModeCustomType=-1; uiMode=33
08-18 16:50:06.041  2451  3622 D PowerUI : can't show warning due to - plugged: true status unknown: false
08-18 16:50:06.058  1553  1553 V UiModeManager: updateLocked: null action, mDockState=0, category=null
08-18 16:50:06.058  1553  1553 D UiModeManager: updateConfigurationLocked: mDockState=0; mCarMode=false; mNightMode=2; mNightModeCustomType=-1; uiMode=33
08-18 16:50:06.058  2451  3620 D PowerUI : can't show warning due to - plugged: true status unknown: false
08-18 16:50:15.442  1553  2108 D ActivityManager: freezing 18677 com.google.android.cellbroadcastreceiver, reason = oom_cached
08-18 16:50:18.858  1553 12216 W ProcessStats: Tracking association SourceState{ea758b3 com.google.android.gms.persistent/10200 BTop #46620} whose proc state 2 is better than process ProcessState{fc6c545 com.google.android.gms.unstable/10200 pkg=com.google.android.gms} proc state 14 (1 skipped)
08-18 16:50:22.054  1553  2065 D CompatibilityChangeReporter: Compat change id reported: 271850009; UID 10247; state: ENABLED
08-18 16:50:22.061  1553  2065 D CompatibilityChangeReporter: Compat change id reported: 135634846; UID 10247; state: DISABLED
08-18 16:50:22.062  1553  2065 D CompatibilityChangeReporter: Compat change id reported: 177438394; UID 10247; state: DISABLED
08-18 16:50:22.062  1553  2065 D CompatibilityChangeReporter: Compat change id reported: 135772972; UID 10247; state: DISABLED
08-18 16:50:22.063  1553  2065 D CompatibilityChangeReporter: Compat change id reported: 135754954; UID 10247; state: ENABLED
08-18 16:50:22.065  1553  1892 D CompatibilityChangeReporter: Compat change id reported: 143937733; UID 10247; state: ENABLED
