08-18 16:50:22.084  1553  1892 I ActivityManager: Start proc 18709:com.google.android.googlequicksearchbox:search/u0a247 for service {com.google.android.googlequicksearchbox/androidx.work.impl.background.systemjob.SystemJobService}
08-18 16:50:22.096  1553 12216 W JobScheduler: Job didn't exist in JobStore: 6eaea60 #u0a306/0 com.motorola.bach.modemstats/.nrcheckin.NRCheckinJobService
08-18 16:50:22.118  1553 12216 D CompatibilityChangeReporter: Compat change id reported: 168419799; UID 10247; state: DISABLED
08-18 16:50:22.118  1553 12216 D CompatibilityChangeReporter: Compat change id reported: 273564678; UID 10247; state: DISABLED
08-18 16:50:22.467  1553 11758 D CompatibilityChangeReporter: Compat change id reported: 161145287; UID 10247; state: ENABLED
08-18 16:50:22.550  1553 11758 I ActivityManager: Flag disabled. Ignoring finishAttachApplication from uid: 10247. pid: 18709
08-18 16:50:22.598  1553 11758 D CompatibilityChangeReporter: Compat change id reported: 135634846; UID 10200; state: DISABLED
08-18 16:50:22.598  1553 11758 D CompatibilityChangeReporter: Compat change id reported: 177438394; UID 10200; state: DISABLED
08-18 16:50:22.599  1553 11758 D CompatibilityChangeReporter: Compat change id reported: 135772972; UID 10200; state: DISABLED
08-18 16:50:22.599  1553 11758 D CompatibilityChangeReporter: Compat change id reported: 135754954; UID 10200; state: ENABLED
08-18 16:50:22.600  1553  1892 D CompatibilityChangeReporter: Compat change id reported: 143937733; UID 10200; state: ENABLED
08-18 16:50:22.614  1553  1892 I ActivityManager: Start proc 18737:com.google.process.gservices/u0a200 for content provider {com.google.android.gsf/com.google.android.gsf.gservices.GservicesProvider}
08-18 16:50:22.645  1553 11758 D CompatibilityChangeReporter: Compat change id reported: 168419799; UID 10200; state: DISABLED
08-18 16:50:22.645  1553 11758 D CompatibilityChangeReporter: Compat change id reported: 273564678; UID 10200; state: DISABLED
08-18 16:50:22.722  1553 11758 W ActivityManager: Unable to start service Intent { act=com.google.android.gms.gservices.START pkg=com.google.android.gms } U=0: not found
08-18 16:50:22.723  1553 12216 W ActivityManager: Unbind failed: could not find connection for android.os.BinderProxy@f31d17c
08-18 16:50:22.763  1553 11758 I ActivityManager: Flag disabled. Ignoring finishAttachApplication from uid: 10200. pid: 18737
08-18 16:50:22.805  1553 12216 D ActivityManager: unfreezing ProcessRecord{3c548b8 29348:com.google.android.gms/u0a200}, reason = shouldNotFreeze_service_1: ProcessRecord{c853363 27085:com.google.android.googlequicksearchbox:googleapp/u0a247}, adj = 250, adjType = service, adjSource = ProcessRecord{c853363 27085:com.google.android.googlequicksearchbox:googleapp/u0a247}
08-18 16:50:22.805  1553 12216 D ActivityManager: sync unfroze 29348 com.google.android.gms for 4
08-18 16:50:23.324  1553 11765 D CompatibilityChangeReporter: Compat change id reported: 319212206; UID 10247; state: ENABLED
08-18 16:50:25.399  1553 11758 W ContextImpl: Calling a method in the system process without a qualified user: android.app.ContextImpl.sendBroadcastMultiplePermissions:1281 android.content.Context.sendBroadcastMultiplePermissions:2476 com.android.server.TelephonyRegistry.broadcastServiceStateChanged:3597 com.android.server.TelephonyRegistry.notifyServiceStateForPhoneId:1734 com.android.internal.telephony.ITelephonyRegistry$Stub.onTransact:550 
08-18 16:50:25.401  1553 11758 W ContextImpl: Calling a method in the system process without a qualified user: android.app.ContextImpl.sendBroadcastMultiplePermissions:1314 com.android.server.TelephonyRegistry.broadcastServiceStateChanged:3602 com.android.server.TelephonyRegistry.notifyServiceStateForPhoneId:1734 com.android.internal.telephony.ITelephonyRegistry$Stub.onTransact:550 android.os.Binder.execTransactInternal:1380 
08-18 16:50:25.403  1553 11758 W ContextImpl: Calling a method in the system process without a qualified user: android.app.ContextImpl.sendBroadcastMultiplePermissions:1314 com.android.server.TelephonyRegistry.broadcastServiceStateChanged:3611 com.android.server.TelephonyRegistry.notifyServiceStateForPhoneId:1734 com.android.internal.telephony.ITelephonyRegistry$Stub.onTransact:550 android.os.Binder.execTransactInternal:1380 
08-18 16:50:25.404  1553 11758 W ContextImpl: Calling a method in the system process without a qualified user: android.app.ContextImpl.sendBroadcastMultiplePermissions:1314 com.android.server.TelephonyRegistry.broadcastServiceStateChanged:3617 com.android.server.TelephonyRegistry.notifyServiceStateForPhoneId:1734 com.android.internal.telephony.ITelephonyRegistry$Stub.onTransact:550 android.os.Binder.execTransactInternal:1380 
08-18 16:50:25.409  1553  1891 D ActivityManager: unfreezing ProcessRecord{f8114eb 18677:com.google.android.cellbroadcastreceiver/u0a343}, reason = unfreezeTemporarily, adj = 920, adjType = cch-empty, adjSource = null
08-18 16:50:25.411  1553  1891 D ActivityManager: sync unfroze 18677 com.google.android.cellbroadcastreceiver for 3
08-18 16:50:25.784  1553 11765 W JobScheduler: Job didn't exist in JobStore: 8519c41 {androidx.work.systemjobscheduler} #u0a247/48225 @androidx.work.systemjobscheduler@com.google.android.googlequicksearchbox/androidx.work.impl.background.systemjob.SystemJobService
08-18 16:50:25.815  1553 11765 D CompatibilityChangeReporter: Compat change id reported: 253665015; UID 10247; state: ENABLED
08-18 16:50:25.815  1553 11765 D CompatibilityChangeReporter: Compat change id reported: 194532703; UID 10247; state: ENABLED
08-18 16:50:26.045  1553  2059 D BatteryService: uevent={POWER_SUPPLY_VOLTAGE_NOW=4393000, POWER_SUPPLY_VBUS_PRESENT=true, POWER_SUPPLY_TYPE=Battery, POWER_SUPPLY_HEALTH=Good, POWER_SUPPLY_TECHNOLOGY=Li-ion, POWER_SUPPLY_CHARGE_FULL_DESIGN=4945000, POWER_SUPPLY_CONSTANT_CHARGE_VOLTAGE=4710, SEQNUM=12450, POWER_SUPPLY_STATUS=Full, POWER_SUPPLY_CYCLE_COUNT=285, POWER_SUPPLY_CAPACITY=100, DEVPATH=/devices/platform/11b20000.i2c/i2c-5/5-0034/11b20000.i2c:mt6375@34:mtk_gauge/power_supply/battery, POWER_SUPPLY_CHARGE_RATE=Normal, POWER_SUPPLY_CURRENT_AVG=-3600, POWER_SUPPLY_CAPACITY_LEVEL=Full, POWER_SUPPLY_CURRENT_NOW=1200, POWER_SUPPLY_PRESENT=1, POWER_SUPPLY_POWER_WATT=2, POWER_SUPPLY_CHARGE_FULL=4833000, POWER_SUPPLY_TIME_TO_FULL_NOW=0, SUBSYSTEM=power_supply, POWER_SUPPLY_TEMP=280, ACTION=change, POWER_SUPPLY_AGE=90, POWER_SUPPLY_NAME=battery, POWER_SUPPLY_LPD_PRESENT=false, POWER_SUPPLY_CHARGE_COUNTER=4833000}
08-18 16:50:26.045  1553  2059 D BatteryService: uevent={POWER_SUPPLY_VOLTAGE_NOW=4393000, POWER_SUPPLY_VBUS_PRESENT=true, POWER_SUPPLY_TYPE=Battery, POWER_SUPPLY_HEALTH=Good, POWER_SUPPLY_TECHNOLOGY=Li-ion, POWER_SUPPLY_CHARGE_FULL_DESIGN=4945000, POWER_SUPPLY_CONSTANT_CHARGE_VOLTAGE=4710, SEQNUM=12450, POWER_SUPPLY_STATUS=Full, POWER_SUPPLY_CYCLE_COUNT=285, POWER_SUPPLY_CAPACITY=100, DEVPATH=/devices/platform/11b20000.i2c/i2c-5/5-0034/11b20000.i2c:mt6375@34:mtk_gauge/power_supply/battery, POWER_SUPPLY_CHARGE_RATE=Normal, POWER_SUPPLY_CURRENT_AVG=-3600, POWER_SUPPLY_CAPACITY_LEVEL=Full, POWER_SUPPLY_CURRENT_NOW=1200, POWER_SUPPLY_PRESENT=1, POWER_SUPPLY_POWER_WATT=2, POWER_SUPPLY_CHARGE_FULL=4833000, POWER_SUPPLY_TIME_TO_FULL_NOW=0, SUBSYSTEM=power_supply, POWER_SUPPLY_TEMP=280, ACTION=change, POWER_SUPPLY_AGE=90, POWER_SUPPLY_NAME=battery, POWER_SUPPLY_LPD_PRESENT=false, POWER_SUPPLY_CHARGE_COUNTER=4833000}
08-18 16:50:26.052  2451  3634 D PowerUI : can't show warning due to - plugged: true status unknown: false
08-18 16:50:26.052  1553  1553 V UiModeManager: updateLocked: null action, mDockState=0, category=null
08-18 16:50:26.052  1553  1553 D UiModeManager: updateConfigurationLocked: mDockState=0; mCarMode=false; mNightMode=2; mNightModeCustomType=-1; uiMode=33
08-18 16:50:26.057  1553  1553 V UiModeManager: updateLocked: null action, mDockState=0, category=null
08-18 16:50:26.057  1553  1553 D UiModeManager: updateConfigurationLocked: mDockState=0; mCarMode=false; mNightMode=2; mNightModeCustomType=-1; uiMode=33
08-18 16:50:26.058  2451  3623 D PowerUI : can't show warning due to - plugged: true status unknown: false
08-18 16:50:26.066  1553  1553 V UiModeManager: updateLocked: null action, mDockState=0, category=null
08-18 16:50:26.066  1553  1553 D UiModeManager: updateConfigurationLocked: mDockState=0; mCarMode=false; mNightMode=2; mNightModeCustomType=-1; uiMode=33
08-18 16:50:26.068  2451  3621 D PowerUI : can't show warning due to - plugged: true status unknown: false
08-18 16:50:29.249  1553  1890 W ProcessStats: Tracking association SourceState{ea758b3 com.google.android.gms.persistent/10200 BTop #46656} whose proc state 2 is better than process ProcessState{fc6c545 com.google.android.gms.unstable/10200 pkg=com.google.android.gms} proc state 14 (54 skipped)
08-18 16:50:29.418  1553  2065 I JobServiceContext: Letting 7ebd9ad #1000/10 com.motorola.android.providers.settings/.WriteFallbackMotorolaSettingsFilesJobService continue to run past min execution time
08-18 16:50:35.474  1553  2108 D ActivityManager: freezing 18677 com.google.android.cellbroadcastreceiver, reason = oom_cached
08-18 16:50:35.787  1553  2108 D ActivityManager: freezing 18709 com.google.android.googlequicksearchbox:search, reason = oom_cached
08-18 16:50:35.790  1553  2108 D ActivityManager: freezing 18737 com.google.process.gservices, reason = oom_cached
08-18 16:50:38.767  1553  1875 I DisplayDeviceRepository: Display device changed: DisplayDeviceInfo{"Built-in Screen": uniqueId="local:0", 1080 x 2400, modeId 3, renderFrameRate 90.0, defaultModeId 1, supportedModes [{id=1, width=1080, height=2400, fps=60.0, alternativeRefreshRates=[90.0, 120.00001], supportedHdrTypes=[2, 3, 4]}, {id=2, width=1080, height=2400, fps=120.00001, alternativeRefreshRates=[60.0, 90.0], supportedHdrTypes=[2, 3, 4]}, {id=3, width=1080, height=2400, fps=90.0, alternativeRefreshRates=[60.0, 120.00001], supportedHdrTypes=[2, 3, 4]}], supportedReadyForModes [], colorMode 0, supportedColorModes [0, 7, 9], hdrCapabilities HdrCapabilities{mSupportedHdrTypes=[2, 3, 4], mMaxLuminance=500.0, mMaxAverageLuminance=500.0, mMinLuminance=0.0}, allmSupported false, gameContentTypeSupported false, density 400, 405.103 x 405.103 dpi, appVsyncOff -8000000, presDeadline 21166667, cutout DisplayCutout{insets=Rect(0, 117 - 0, 0) waterfall=Insets{left=0, top=0, right=0, bottom=0} boundingRect={Bounds=[Rect(0, 0 - 0, 0), Rect(500, 0 - 580, 117), Rect(0, 0 - 0, 0), Rect(0, 0 - 0, 0)]} cutoutPathParserInfo={CutoutPathParserInfo{displayWidth=1080 displayHeight=2400 physicalDisplayWidth=1080 physicalDisplayHeight=2400 density={2.5} cutoutSpec={M -40,0 L 40,0 L 40,117 L -40,117 Z} rotation={0} scale={1.0} physicalPixelDisplaySizeRatio={1.0}}}}, touch INTERNAL, rotation 0, type INTERNAL, address {port=0}, deviceProductInfo null, state ON, committedState ON, frameRateOverride , brightnessMinimum 0.0, brightnessMaximum 1.0, brightnessDefault 0.4, hdrSdrRatio 1.0, roundedCorners RoundedCorners{[RoundedCorner{position=TopLeft, radius=95, center=Point(95, 95)}, RoundedCorner{position=TopRight, radius=95, center=Point(985, 95)}, RoundedCorner{position=BottomRight, radius=95, center=Point(985, 2305)}, RoundedCorner{position=BottomLeft, radius=95, center=Point(95, 2305)}]}, FLAG_ALLOWED_TO_BE_DEFAULT_DISPLAY, FLAG_ROTATES_WITH_CONTENT, FLAG_SECURE, FLAG_SUPPORTS_PROTECTED_BUFFERS, FLAG_TRUSTED, installOrientation 0, displayShape DisplayShape{ spec=-1893857183 displayWidth=1080 displayHeight=2400 physicalPixelDisplaySizeRatio=1.0 rotation=0 offsetX=0 offsetY=0 scale=1.0}}
08-18 16:50:38.769  1553  1875 D DisplayManagerService: Ignore redundant display event 0/2 to 10276/18136
08-18 16:50:46.082  1553  2059 D BatteryService: uevent={POWER_SUPPLY_VOLTAGE_NOW=4395000, POWER_SUPPLY_VBUS_PRESENT=true, POWER_SUPPLY_TYPE=Battery, POWER_SUPPLY_HEALTH=Good, POWER_SUPPLY_TECHNOLOGY=Li-ion, POWER_SUPPLY_CHARGE_FULL_DESIGN=4945000, POWER_SUPPLY_CONSTANT_CHARGE_VOLTAGE=4710, SEQNUM=12451, POWER_SUPPLY_STATUS=Full, POWER_SUPPLY_CYCLE_COUNT=285, POWER_SUPPLY_CAPACITY=100, DEVPATH=/devices/platform/11b20000.i2c/i2c-5/5-0034/11b20000.i2c:mt6375@34:mtk_gauge/power_supply/battery, POWER_SUPPLY_CHARGE_RATE=Normal, POWER_SUPPLY_CURRENT_AVG=-9700, POWER_SUPPLY_CAPACITY_LEVEL=Full, POWER_SUPPLY_CURRENT_NOW=600, POWER_SUPPLY_PRESENT=1, POWER_SUPPLY_POWER_WATT=2, POWER_SUPPLY_CHARGE_FULL=4833000, POWER_SUPPLY_TIME_TO_FULL_NOW=0, SUBSYSTEM=power_supply, POWER_SUPPLY_TEMP=280, ACTION=change, POWER_SUPPLY_AGE=90, POWER_SUPPLY_NAME=battery, POWER_SUPPLY_LPD_PRESENT=false, POWER_SUPPLY_CHARGE_COUNTER=4833000}
08-18 16:50:46.083  1553  2059 D BatteryService: uevent={POWER_SUPPLY_VOLTAGE_NOW=4395000, POWER_SUPPLY_VBUS_PRESENT=true, POWER_SUPPLY_TYPE=Battery, POWER_SUPPLY_HEALTH=Good, POWER_SUPPLY_TECHNOLOGY=Li-ion, POWER_SUPPLY_CHARGE_FULL_DESIGN=4945000, POWER_SUPPLY_CONSTANT_CHARGE_VOLTAGE=4710, SEQNUM=12451, POWER_SUPPLY_STATUS=Full, POWER_SUPPLY_CYCLE_COUNT=285, POWER_SUPPLY_CAPACITY=100, DEVPATH=/devices/platform/11b20000.i2c/i2c-5/5-0034/11b20000.i2c:mt6375@34:mtk_gauge/power_supply/battery, POWER_SUPPLY_CHARGE_RATE=Normal, POWER_SUPPLY_CURRENT_AVG=-9700, POWER_SUPPLY_CAPACITY_LEVEL=Full, POWER_SUPPLY_CURRENT_NOW=600, POWER_SUPPLY_PRESENT=1, POWER_SUPPLY_POWER_WATT=2, POWER_SUPPLY_CHARGE_FULL=4833000, POWER_SUPPLY_TIME_TO_FULL_NOW=0, SUBSYSTEM=power_supply, POWER_SUPPLY_TEMP=280, ACTION=change, POWER_SUPPLY_AGE=90, POWER_SUPPLY_NAME=battery, POWER_SUPPLY_LPD_PRESENT=false, POWER_SUPPLY_CHARGE_COUNTER=4833000}
08-18 16:50:46.097  1553  1553 V UiModeManager: updateLocked: null action, mDockState=0, category=null
08-18 16:50:46.098  1553  1553 D UiModeManager: updateConfigurationLocked: mDockState=0; mCarMode=false; mNightMode=2; mNightModeCustomType=-1; uiMode=33
08-18 16:50:46.101  2451  2872 D PowerUI : can't show warning due to - plugged: true status unknown: false
08-18 16:50:46.124  1553  1553 V UiModeManager: updateLocked: null action, mDockState=0, category=null
08-18 16:50:46.125  1553  1553 D UiModeManager: updateConfigurationLocked: mDockState=0; mCarMode=false; mNightMode=2; mNightModeCustomType=-1; uiMode=33
08-18 16:50:46.131  2451  3624 D PowerUI : can't show warning due to - plugged: true status unknown: false
08-18 16:50:48.758  1553  2142 I WindowManager: ANR at Window{e6db6fa u0 com.example.integra_date/com.example.integra_date.MainActivity}. Reason:Input dispatching timed out (e6db6fa com.example.integra_date/com.example.integra_date.MainActivity (server) is not responding. Waited 10011ms for MotionEvent)
08-18 16:50:48.768  1553 18821 D ActivityManager: created ANR temporary file:/data/anr/temp_anr_1211143696096331894.txt
08-18 16:50:48.769  1553 18821 I ActivityManager: Collecting stacks for pid 17210 into temporary file temp_anr_1211143696096331894.txt
08-18 16:50:48.876  1553 18822 I ActivityManager: dumpStackTraces pids={2667=true, 2698=true, 2728=true, 2731=true, 2916=true, 3074=true, 3305=true, 11723=true, 11733=true, 11746=true, 11779=true, 12044=true, 12061=true, 12287=true, 12420=true, 12457=true, 12470=true, 12500=true, 13664=true, 15700=true, 16319=true, 16800=true, 16855=true, 16938=true, 17284=true, 17349=true, 17575=true, 18052=true, 18136=true, 18331=true, 18362=true, 18364=true, 18397=true, 18677=true, 18709=true, 18737=true, 21097=true, 26541=true, 27085=true, 27297=true, 29348=true, 29410=true, 31684=true}
08-18 16:50:48.879  1553 18822 I ActivityManager: Dumping to /data/anr/anr_2025-08-18-16-50-48-876
08-18 16:50:49.195  1553 18822 I ActivityManager: Collecting stacks for pid 1553
08-18 16:50:49.340  1553 18823 I ActivityManager: Skipping next CPU consuming process, not a java proc: 1553
08-18 16:50:49.340  1553 18823 I ActivityManager: Skipping next CPU consuming process, not a java proc: 17210
08-18 16:50:49.340  1553 18823 I ActivityManager: Skipping next CPU consuming process, not a java proc: 14834
08-18 16:50:49.340  1553 18823 I ActivityManager: Skipping next CPU consuming process, not a java proc: 1655
08-18 16:50:49.340  1553 18823 I ActivityManager: Skipping next CPU consuming process, not a java proc: 143
08-18 16:50:49.340  1553 18823 I ActivityManager: Skipping next CPU consuming process, not a java proc: 1457
08-18 16:50:49.340  1553 18823 I ActivityManager: Skipping next CPU consuming process, not a java proc: 2
08-18 16:50:49.340  1553 18823 I ActivityManager: Skipping next CPU consuming process, not a java proc: 225
08-18 16:50:49.340  1553 18823 I ActivityManager: Skipping next CPU consuming process, not a java proc: 632
08-18 16:50:49.341  1553 18823 I ActivityManager: Skipping next CPU consuming process, not a java proc: 1272
08-18 16:50:49.341  1553 18823 I ActivityManager: Skipping next CPU consuming process, not a java proc: 8261
08-18 16:50:49.341  1553 18823 I ActivityManager: Skipping next CPU consuming process, not a java proc: 14837
08-18 16:50:49.341  1553 18823 I ActivityManager: Skipping next CPU consuming process, not a java proc: 17871
08-18 16:50:49.341  1553 18823 I ActivityManager: Skipping next CPU consuming process, not a java proc: 18563
08-18 16:50:49.341  1553 18823 I ActivityManager: Skipping next CPU consuming process, not a java proc: 27533
08-18 16:50:49.341  1553 18823 I ActivityManager: Skipping next CPU consuming process, not a java proc: 18824
08-18 16:50:49.341  1553 18823 I ActivityManager: Skipping next CPU consuming process, not a java proc: 18825
08-18 16:50:49.717  1553 18822 I ActivityManager: Collecting stacks for pid 17208
08-18 16:50:50.038  1553 18822 I ActivityManager: Collecting stacks for pid 11846
08-18 16:50:50.123  1553 18822 I ActivityManager: Collecting stacks for pid 11833
08-18 16:50:50.189  1553 18822 I ActivityManager: Collecting stacks for pid 11832
08-18 16:50:50.272  1553 18822 I ActivityManager: Collecting stacks for pid 11835
08-18 16:50:50.336  1553 18822 I ActivityManager: Collecting stacks for pid 11816
08-18 16:50:50.402  1553 18822 I ActivityManager: Collecting stacks for pid 11809
08-18 16:50:50.472  1553 18822 I ActivityManager: Collecting stacks for pid 2660
08-18 16:50:50.634  1553 18822 I ActivityManager: Collecting stacks for pid 2623
08-18 16:50:50.689  1553 18822 I ActivityManager: Collecting stacks for pid 2640
08-18 16:50:50.733  1553 18822 I ActivityManager: Collecting stacks for pid 2638
08-18 16:50:50.770  1553 18822 I ActivityManager: Collecting stacks for pid 2622
08-18 16:50:50.824  1553 18822 I ActivityManager: Collecting stacks for pid 2611
08-18 16:50:50.862  1553 18822 I ActivityManager: Collecting stacks for pid 2557
08-18 16:50:50.914  1553 18822 I ActivityManager: Collecting stacks for pid 2451
08-18 16:50:51.144  1553 18822 I ActivityManager: dumpStackTraces nativepids=null
08-18 16:50:51.144  1553 18822 I ActivityManager: dumpStackTraces extraPids=[]
08-18 16:50:51.144  1553 18822 I ActivityManager: Done dumping
08-18 16:50:51.150  1553 18822 W ActivityManager: Unable to prune stale trace file: /data/anr/SF_RTT
08-18 16:50:51.150  1553 18822 W Watchdog: logMainLooperInSystemServer : start.
08-18 16:50:51.152  1553 18822 W Watchdog: logMainLooperInSystemServer : end.
08-18 16:50:51.160  1553 18822 E ActivityManager: ANR in com.example.integra_date (com.example.integra_date/.MainActivity)
08-18 16:50:51.160  1553 18822 E ActivityManager: PID: 17210
08-18 16:50:51.160  1553 18822 E ActivityManager: Reason: Input dispatching timed out (e6db6fa com.example.integra_date/com.example.integra_date.MainActivity (server) is not responding. Waited 10011ms for MotionEvent)
08-18 16:50:51.160  1553 18822 E ActivityManager: Parent: com.example.integra_date/.MainActivity
08-18 16:50:51.160  1553 18822 E ActivityManager: ErrorId: dc894f08-b11e-4c3b-8de7-a157dd1aaf25
08-18 16:50:51.160  1553 18822 E ActivityManager: Frozen: false
08-18 16:50:51.160  1553 18822 E ActivityManager: Load: 12.36 / 12.63 / 12.77
08-18 16:50:51.160  1553 18822 E ActivityManager: ----- Output from /proc/pressure/memory -----
08-18 16:50:51.160  1553 18822 E ActivityManager: some avg10=0.11 avg60=0.17 avg300=0.14 total=121613993
08-18 16:50:51.160  1553 18822 E ActivityManager: full avg10=0.04 avg60=0.07 avg300=0.03 total=25805454
08-18 16:50:51.160  1553 18822 E ActivityManager: ----- End output from /proc/pressure/memory -----
08-18 16:50:51.160  1553 18822 E ActivityManager: ----- Output from /proc/pressure/cpu -----
08-18 16:50:51.160  1553 18822 E ActivityManager: some avg10=4.48 avg60=4.61 avg300=4.76 total=1252917318
08-18 16:50:51.160  1553 18822 E ActivityManager: ----- End output from /proc/pressure/cpu -----
08-18 16:50:51.160  1553 18822 E ActivityManager: ----- Output from /proc/pressure/io -----
08-18 16:50:51.160  1553 18822 E ActivityManager: some avg10=0.29 avg60=0.20 avg300=0.13 total=76084927
08-18 16:50:51.160  1553 18822 E ActivityManager: full avg10=0.24 avg60=0.13 avg300=0.05 total=41455745
08-18 16:50:51.160  1553 18822 E ActivityManager: ----- End output from /proc/pressure/io -----
08-18 16:50:51.160  1553 18822 E ActivityManager: 
08-18 16:50:51.160  1553 18822 E ActivityManager: CPU usage from 120152ms to -2ms ago (2025-08-18 16:48:48.693 to 2025-08-18 16:50:48.847):
08-18 16:50:51.160  1553 18822 E ActivityManager: 12% TOTAL: 6.2% user + 5.2% kernel + 0% iowait + 1.1% irq + 0.3% softirq
08-18 16:50:51.160  1553 18822 E ActivityManager:   29% 14834/app_process: 18% user + 11% kernel / faults: 6766 minor 5 major
08-18 16:50:51.160  1553 18822 E ActivityManager:   19% 1655/media.swcodec: 15% user + 4% kernel / faults: 6001 minor
08-18 16:50:51.160  1553 18822 E ActivityManager:   9.7% 1457/adbd: 4% user + 5.6% kernel / faults: 14142 minor
08-18 16:50:51.160  1553 18822 E ActivityManager:   4.1% 1553/system_server: 2.3% user + 1.8% kernel / faults: 3084 minor 214 major
08-18 16:50:51.160  1553 18822 E ActivityManager:   3.9% 1208/android.hardware.audio.service.mediatek: 1.1% user + 2.7% kernel
08-18 16:50:51.160  1553 18822 E ActivityManager:   3.7% 1272/audioserver: 2.6% user + 1% kernel
08-18 16:50:51.160  1553 18822 E ActivityManager:   3.5% 17210/com.example.integra_date: 2.7% user + 0.7% kernel / faults: 24926 minor 250 major
08-18 16:50:51.160  1553 18822 E ActivityManager:   2.7% 27533/kworker/0:0-events: 0% user + 2.7% kernel
08-18 16:50:51.160  1553 18822 E ActivityManager:   0.5% 27085/com.google.android.googlequicksearchbox:googleapp: 0.4% user + 0.1% kernel / faults: 14346 minor 6484 major
08-18 16:50:51.160  1553 18822 E ActivityManager:   1.5% 225/irq/160-musb-hd: 0% user + 1.5% kernel
08-18 16:50:51.160  1553 18822 E ActivityManager: CPU usage from 49ms to 432ms later (2025-08-18 16:50:48.894 to 2025-08-18 16:50:49.276):
08-18 16:50:51.160  1553 18822 E ActivityManager: 28% TOTAL: 9.2% user + 16% kernel + 0.6% iowait + 1.3% irq + 0.3% softirq
08-18 16:50:51.160  1553 18822 E ActivityManager:   69% 1553/system_server: 25% user + 43% kernel / faults: 1624 minor 228 major
08-18 16:50:51.160  1553 18822 E ActivityManager:     34% 18823/AnrAuxiliaryTas: 11% user + 23% kernel
08-18 16:50:51.160  1553 18822 E ActivityManager:     20% 1559/Signal Catcher: 14% user + 5.7% kernel
08-18 16:50:51.160  1553 18822 E ActivityManager:     5.7% 18822/AnrConsumer: 2.8% user + 2.8% kernel
08-18 16:50:51.160  1553 18822 E ActivityManager:     2.8% 1877/android.anim.lf: 2.8% user + 0% kernel
08-18 16:50:51.160  1553 18822 E ActivityManager:   41% 17210/com.example.integra_date: 24% user + 17% kernel / faults: 831 minor 181 major
08-18 16:50:51.160  1553 18822 E ActivityManager:     41% 17236/Signal Catcher: 20% user + 20% kernel
08-18 16:50:51.160  1553 18822 E ActivityManager:     3.4% 17381/dart:io EventHa: 0% user + 3.4% kernel
08-18 16:50:51.160  1553 18822 E ActivityManager:   19% 14834/app_process: 6.6% user + 13% kernel / faults: 18 minor
08-18 16:50:51.160  1553 18822 E ActivityManager:     9.9% 14871/MediaCodec_loop: 3.3% user + 6.6% kernel
08-18 16:50:51.160  1553 18822 E ActivityManager:     6.6% 14900/audio-in: 3.3% user + 3.3% kernel
08-18 16:50:51.160  1553 18822 E ActivityManager:     3.3% 14887/media-codec: 0% user + 3.3% kernel
08-18 16:50:51.160  1553 18822 E ActivityManager:   14% 1655/media.swcodec: 5.8% user + 8.8% kernel / faults: 17 minor
08-18 16:50:51.160  1553 18822 E ActivityManager:     5.8% 14886/id.opus.encoder: 2.9% user + 2.9% kernel
08-18 16:50:51.160  1553 18822 E ActivityManager:   10% 143/kswapd0: 0% user + 10% kernel
08-18 16:50:51.160  1553 18822 E ActivityManager:   5.7% 1457/adbd: 0% user + 5.7% kernel / faults: 257 minor
08-18 16:50:51.160  1553 18822 E ActivityManager:     2.8% 1457/adbd: 0% user + 2.8% kernel
08-18 16:50:51.160  1553 18822 E ActivityManager:     2.8% 14478/UsbFfs-worker: 0% user + 2.8% kernel
08-18 16:50:51.160  1553 18822 E ActivityManager:   2.5% 2/kthreadd: 0% user + 2.5% kernel
08-18 16:50:51.160  1553 18822 E ActivityManager:   2.6% 225/irq/160-musb-hd: 0% user + 2.6% kernel
08-18 16:50:51.160  1553 18822 E ActivityManager:   2.6% 632/logd: 0% user + 2.6% kernel
08-18 16:50:51.160  1553 18822 E ActivityManager:   2.8% 1272/audioserver: 2.8% user + 0% kernel
08-18 16:50:51.160  1553 18822 E ActivityManager:     2.8% 14890/AudioIn_66: 2.8% user + 0% kernel
08-18 16:50:51.160  1553 18822 E ActivityManager:   3.1% 8261/kworker/1:1H-kverityd: 0% user + 3.1% kernel
08-18 16:50:51.160  1553 18822 E ActivityManager:   3.3% 14837/kworker/7:5H-kverityd: 0% user + 3.3% kernel
08-18 16:50:51.160  1553 18822 E ActivityManager:   3.4% 17871/kworker/u17:2-ufs_clk_gating_0: 0% user + 3.4% kernel
08-18 16:50:51.160  1553 18822 E ActivityManager:   3.6% 18563/kworker/6:1H-kverityd: 0% user + 3.6% kernel
08-18 16:50:51.160  1553 18822 E ActivityManager:   3.7% 27533/kworker/0:0-events: 0% user + 3.7% kernel
08-18 16:50:51.160  1553 18822 E ActivityManager:  +0% 18824/kworker/7:0H-kblockd: 0% user + 0% kernel
08-18 16:50:51.160  1553 18822 E ActivityManager:  +0% 18825/kworker/7:1H-kblockd: 0% user + 0% kernel
08-18 16:50:51.170  1553 18822 D ActivityManager: Completed ANR of com.example.integra_date in 2402ms, latency 2ms
08-18 16:50:51.178  1553 18826 I DropBoxManagerService: add tag=data_app_anr isTagEnabled=true flags=0x6
08-18 16:50:51.226  1553  1873 D ViewRootImpl: update {(0,0)(wrapxwrap) gr=CENTER sim={adjust=pan forwardNavigation} ty=SYSTEM_ALERT fmt=TRANSLUCENT wanim=0x10302ff
08-18 16:50:51.226  1553  1873 D ViewRootImpl:   fl=DIM_BEHIND ALT_FOCUSABLE_IM SPLIT_TOUCH HARDWARE_ACCELERATED
08-18 16:50:51.226  1553  1873 D ViewRootImpl:   pfl=SHOW_FOR_ALL_USERS SYSTEM_ERROR
08-18 16:50:51.226  1553  1873 D ViewRootImpl:   bhv=DEFAULT
08-18 16:50:51.226  1553  1873 D ViewRootImpl:   fitTypes=STATUS_BARS NAVIGATION_BARS CAPTION_BAR} by setView
08-18 16:50:51.260  1553  1873 D CoreBackPreview: Window{f049a42 u0 Application Not Responding: com.example.integra_date}: Setting back callback OnBackInvokedCallbackInfo{mCallback=android.window.WindowOnBackInvokedDispatcher$OnBackInvokedCallbackWrapper@6a7e8af, mPriority=0, mIsAnimationCallback=false}
08-18 16:50:51.270  1553  1875 I DisplayDeviceRepository: Display device changed: DisplayDeviceInfo{"Built-in Screen": uniqueId="local:0", 1080 x 2400, modeId 2, renderFrameRate 120.00001, defaultModeId 1, supportedModes [{id=1, width=1080, height=2400, fps=60.0, alternativeRefreshRates=[90.0, 120.00001], supportedHdrTypes=[2, 3, 4]}, {id=2, width=1080, height=2400, fps=120.00001, alternativeRefreshRates=[60.0, 90.0], supportedHdrTypes=[2, 3, 4]}, {id=3, width=1080, height=2400, fps=90.0, alternativeRefreshRates=[60.0, 120.00001], supportedHdrTypes=[2, 3, 4]}], supportedReadyForModes [], colorMode 0, supportedColorModes [0, 7, 9], hdrCapabilities HdrCapabilities{mSupportedHdrTypes=[2, 3, 4], mMaxLuminance=500.0, mMaxAverageLuminance=500.0, mMinLuminance=0.0}, allmSupported false, gameContentTypeSupported false, density 400, 405.103 x 405.103 dpi, appVsyncOff -8000000, presDeadline 18388889, cutout DisplayCutout{insets=Rect(0, 117 - 0, 0) waterfall=Insets{left=0, top=0, right=0, bottom=0} boundingRect={Bounds=[Rect(0, 0 - 0, 0), Rect(500, 0 - 580, 117), Rect(0, 0 - 0, 0), Rect(0, 0 - 0, 0)]} cutoutPathParserInfo={CutoutPathParserInfo{displayWidth=1080 displayHeight=2400 physicalDisplayWidth=1080 physicalDisplayHeight=2400 density={2.5} cutoutSpec={M -40,0 L 40,0 L 40,117 L -40,117 Z} rotation={0} scale={1.0} physicalPixelDisplaySizeRatio={1.0}}}}, touch INTERNAL, rotation 0, type INTERNAL, address {port=0}, deviceProductInfo null, state ON, committedState ON, frameRateOverride , brightnessMinimum 0.0, brightnessMaximum 1.0, brightnessDefault 0.4, hdrSdrRatio 1.0, roundedCorners RoundedCorners{[RoundedCorner{position=TopLeft, radius=95, center=Point(95, 95)}, RoundedCorner{position=TopRight, radius=95, center=Point(985, 95)}, RoundedCorner{position=BottomRight, radius=95, center=Point(985, 2305)}, RoundedCorner{position=BottomLeft, radius=95, center=Point(95, 2305)}]}, FLAG_ALLOWED_TO_BE_DEFAULT_DISPLAY, FLAG_ROTATES_WITH_CONTENT, FLAG_SECURE, FLAG_SUPPORTS_PROTECTED_BUFFERS, FLAG_TRUSTED, installOrientation 0, displayShape DisplayShape{ spec=-1893857183 displayWidth=1080 displayHeight=2400 physicalPixelDisplaySizeRatio=1.0 rotation=0 offsetX=0 offsetY=0 scale=1.0}}
08-18 16:50:51.279  1553  1875 D DisplayManagerService: Ignore redundant display event 0/2 to 10228/16938
08-18 16:50:51.280  1553  1875 D DisplayManagerService: Ignore redundant display event 0/2 to 10276/18136
08-18 16:50:51.356  1553  1873 W Looper  : Slow dispatch took 100ms android.ui h=android.view.Choreographer$FrameHandler c=android.view.Choreographer$FrameDisplayEventReceiver@dc8ef8b m=0
08-18 16:50:51.386  1553  1875 I DisplayDeviceRepository: Display device changed: DisplayDeviceInfo{"Built-in Screen": uniqueId="local:0", 1080 x 2400, modeId 3, renderFrameRate 90.0, defaultModeId 1, supportedModes [{id=1, width=1080, height=2400, fps=60.0, alternativeRefreshRates=[90.0, 120.00001], supportedHdrTypes=[2, 3, 4]}, {id=2, width=1080, height=2400, fps=120.00001, alternativeRefreshRates=[60.0, 90.0], supportedHdrTypes=[2, 3, 4]}, {id=3, width=1080, height=2400, fps=90.0, alternativeRefreshRates=[60.0, 120.00001], supportedHdrTypes=[2, 3, 4]}], supportedReadyForModes [], colorMode 0, supportedColorModes [0, 7, 9], hdrCapabilities HdrCapabilities{mSupportedHdrTypes=[2, 3, 4], mMaxLuminance=500.0, mMaxAverageLuminance=500.0, mMinLuminance=0.0}, allmSupported false, gameContentTypeSupported false, density 400, 405.103 x 405.103 dpi, appVsyncOff -8000000, presDeadline 21166667, cutout DisplayCutout{insets=Rect(0, 117 - 0, 0) waterfall=Insets{left=0, top=0, right=0, bottom=0} boundingRect={Bounds=[Rect(0, 0 - 0, 0), Rect(500, 0 - 580, 117), Rect(0, 0 - 0, 0), Rect(0, 0 - 0, 0)]} cutoutPathParserInfo={CutoutPathParserInfo{displayWidth=1080 displayHeight=2400 physicalDisplayWidth=1080 physicalDisplayHeight=2400 density={2.5} cutoutSpec={M -40,0 L 40,0 L 40,117 L -40,117 Z} rotation={0} scale={1.0} physicalPixelDisplaySizeRatio={1.0}}}}, touch INTERNAL, rotation 0, type INTERNAL, address {port=0}, deviceProductInfo null, state ON, committedState ON, frameRateOverride , brightnessMinimum 0.0, brightnessMaximum 1.0, brightnessDefault 0.4, hdrSdrRatio 1.0, roundedCorners RoundedCorners{[RoundedCorner{position=TopLeft, radius=95, center=Point(95, 95)}, RoundedCorner{position=TopRight, radius=95, center=Point(985, 95)}, RoundedCorner{position=BottomRight, radius=95, center=Point(985, 2305)}, RoundedCorner{position=BottomLeft, radius=95, center=Point(95, 2305)}]}, FLAG_ALLOWED_TO_BE_DEFAULT_DISPLAY, FLAG_ROTATES_WITH_CONTENT, FLAG_SECURE, FLAG_SUPPORTS_PROTECTED_BUFFERS, FLAG_TRUSTED, installOrientation 0, displayShape DisplayShape{ spec=-1893857183 displayWidth=1080 displayHeight=2400 physicalPixelDisplaySizeRatio=1.0 rotation=0 offsetX=0 offsetY=0 scale=1.0}}
08-18 16:50:51.388  1553  1875 D DisplayManagerService: Ignore redundant display event 0/2 to 10228/16938
08-18 16:50:51.389  1553  1875 D DisplayManagerService: Ignore redundant display event 0/2 to 10276/18136
08-18 16:50:51.698  1553 12216 W ProcessStats: Tracking association SourceState{ea758b3 com.google.android.gms.persistent/10200 BTop #46666} whose proc state 2 is better than process ProcessState{fc6c545 com.google.android.gms.unstable/10200 pkg=com.google.android.gms} proc state 14 (15 skipped)
08-18 16:50:52.371  1553  1553 V UiModeManager: updateLocked: null action, mDockState=0, category=null
08-18 16:50:52.371  1553  1553 D UiModeManager: updateConfigurationLocked: mDockState=0; mCarMode=false; mNightMode=2; mNightModeCustomType=-1; uiMode=33
08-18 16:50:52.373  2451  3632 D PowerUI : can't show warning due to - plugged: true status unknown: false
08-18 16:51:02.955  1553  2108 D ActivityManager: freezing 29348 com.google.android.gms, reason = oom_cached
08-18 16:51:06.117  1553  2059 D BatteryService: uevent={POWER_SUPPLY_VOLTAGE_NOW=4395000, POWER_SUPPLY_VBUS_PRESENT=true, POWER_SUPPLY_TYPE=Battery, POWER_SUPPLY_HEALTH=Good, POWER_SUPPLY_TECHNOLOGY=Li-ion, POWER_SUPPLY_CHARGE_FULL_DESIGN=4945000, POWER_SUPPLY_CONSTANT_CHARGE_VOLTAGE=4710, SEQNUM=12452, POWER_SUPPLY_STATUS=Full, POWER_SUPPLY_CYCLE_COUNT=285, POWER_SUPPLY_CAPACITY=100, DEVPATH=/devices/platform/11b20000.i2c/i2c-5/5-0034/11b20000.i2c:mt6375@34:mtk_gauge/power_supply/battery, POWER_SUPPLY_CHARGE_RATE=Normal, POWER_SUPPLY_CURRENT_AVG=-7900, POWER_SUPPLY_CAPACITY_LEVEL=Full, POWER_SUPPLY_CURRENT_NOW=600, POWER_SUPPLY_PRESENT=1, POWER_SUPPLY_POWER_WATT=2, POWER_SUPPLY_CHARGE_FULL=4833000, POWER_SUPPLY_TIME_TO_FULL_NOW=0, SUBSYSTEM=power_supply, POWER_SUPPLY_TEMP=280, ACTION=change, POWER_SUPPLY_AGE=90, POWER_SUPPLY_NAME=battery, POWER_SUPPLY_LPD_PRESENT=false, POWER_SUPPLY_CHARGE_COUNTER=4833000}
08-18 16:51:06.119  1553  2059 D BatteryService: uevent={POWER_SUPPLY_VOLTAGE_NOW=4395000, POWER_SUPPLY_VBUS_PRESENT=true, POWER_SUPPLY_TYPE=Battery, POWER_SUPPLY_HEALTH=Good, POWER_SUPPLY_TECHNOLOGY=Li-ion, POWER_SUPPLY_CHARGE_FULL_DESIGN=4945000, POWER_SUPPLY_CONSTANT_CHARGE_VOLTAGE=4710, SEQNUM=12452, POWER_SUPPLY_STATUS=Full, POWER_SUPPLY_CYCLE_COUNT=285, POWER_SUPPLY_CAPACITY=100, DEVPATH=/devices/platform/11b20000.i2c/i2c-5/5-0034/11b20000.i2c:mt6375@34:mtk_gauge/power_supply/battery, POWER_SUPPLY_CHARGE_RATE=Normal, POWER_SUPPLY_CURRENT_AVG=-7900, POWER_SUPPLY_CAPACITY_LEVEL=Full, POWER_SUPPLY_CURRENT_NOW=600, POWER_SUPPLY_PRESENT=1, POWER_SUPPLY_POWER_WATT=2, POWER_SUPPLY_CHARGE_FULL=4833000, POWER_SUPPLY_TIME_TO_FULL_NOW=0, SUBSYSTEM=power_supply, POWER_SUPPLY_TEMP=280, ACTION=change, POWER_SUPPLY_AGE=90, POWER_SUPPLY_NAME=battery, POWER_SUPPLY_LPD_PRESENT=false, POWER_SUPPLY_CHARGE_COUNTER=4833000}
08-18 16:51:06.132  1553  1553 V UiModeManager: updateLocked: null action, mDockState=0, category=null
08-18 16:51:06.132  2451  3622 D PowerUI : can't show warning due to - plugged: true status unknown: false
08-18 16:51:06.133  1553  1553 D UiModeManager: updateConfigurationLocked: mDockState=0; mCarMode=false; mNightMode=2; mNightModeCustomType=-1; uiMode=33
08-18 16:51:06.138  1553  1553 V UiModeManager: updateLocked: null action, mDockState=0, category=null
08-18 16:51:06.138  1553  1553 D UiModeManager: updateConfigurationLocked: mDockState=0; mCarMode=false; mNightMode=2; mNightModeCustomType=-1; uiMode=33
08-18 16:51:06.142  2451  3620 D PowerUI : can't show warning due to - plugged: true status unknown: false
08-18 16:51:06.151  1553  1553 V UiModeManager: updateLocked: null action, mDockState=0, category=null
08-18 16:51:06.151  1553  1553 D UiModeManager: updateConfigurationLocked: mDockState=0; mCarMode=false; mNightMode=2; mNightModeCustomType=-1; uiMode=33
08-18 16:51:06.152  2451  3634 D PowerUI : can't show warning due to - plugged: true status unknown: false
08-18 16:51:06.771  1553 12218 W ProcessStats: Tracking association SourceState{ea758b3 com.google.android.gms.persistent/10200 BTop #46680} whose proc state 2 is better than process ProcessState{fc6c545 com.google.android.gms.unstable/10200 pkg=com.google.android.gms} proc state 14 (23 skipped)
08-18 16:51:23.037  1553 12218 D ActivityManager: unfreezing ProcessRecord{dac2238 18737:com.google.process.gservices/u0a200}, reason = shouldNotFreeze_provider: ProcessRecord{c853363 27085:com.google.android.googlequicksearchbox:googleapp/u0a247}, adj = 920, adjType = cch-empty, adjSource = null
08-18 16:51:23.038  1553 12218 D ActivityManager: sync unfroze 18737 com.google.process.gservices for 7
08-18 16:51:26.144  1553  2059 D BatteryService: uevent={POWER_SUPPLY_VOLTAGE_NOW=4395000, POWER_SUPPLY_VBUS_PRESENT=true, POWER_SUPPLY_TYPE=Battery, POWER_SUPPLY_HEALTH=Good, POWER_SUPPLY_TECHNOLOGY=Li-ion, POWER_SUPPLY_CHARGE_FULL_DESIGN=4945000, POWER_SUPPLY_CONSTANT_CHARGE_VOLTAGE=4710, SEQNUM=12453, POWER_SUPPLY_STATUS=Full, POWER_SUPPLY_CYCLE_COUNT=285, POWER_SUPPLY_CAPACITY=100, DEVPATH=/devices/platform/11b20000.i2c/i2c-5/5-0034/11b20000.i2c:mt6375@34:mtk_gauge/power_supply/battery, POWER_SUPPLY_CHARGE_RATE=Normal, POWER_SUPPLY_CURRENT_AVG=-4500, POWER_SUPPLY_CAPACITY_LEVEL=Full, POWER_SUPPLY_CURRENT_NOW=0, POWER_SUPPLY_PRESENT=1, POWER_SUPPLY_POWER_WATT=2, POWER_SUPPLY_CHARGE_FULL=4833000, POWER_SUPPLY_TIME_TO_FULL_NOW=0, SUBSYSTEM=power_supply, POWER_SUPPLY_TEMP=280, ACTION=change, POWER_SUPPLY_AGE=90, POWER_SUPPLY_NAME=battery, POWER_SUPPLY_LPD_PRESENT=false, POWER_SUPPLY_CHARGE_COUNTER=4833000}
08-18 16:51:26.145  1553  2059 D BatteryService: uevent={POWER_SUPPLY_VOLTAGE_NOW=4395000, POWER_SUPPLY_VBUS_PRESENT=true, POWER_SUPPLY_TYPE=Battery, POWER_SUPPLY_HEALTH=Good, POWER_SUPPLY_TECHNOLOGY=Li-ion, POWER_SUPPLY_CHARGE_FULL_DESIGN=4945000, POWER_SUPPLY_CONSTANT_CHARGE_VOLTAGE=4710, SEQNUM=12453, POWER_SUPPLY_STATUS=Full, POWER_SUPPLY_CYCLE_COUNT=285, POWER_SUPPLY_CAPACITY=100, DEVPATH=/devices/platform/11b20000.i2c/i2c-5/5-0034/11b20000.i2c:mt6375@34:mtk_gauge/power_supply/battery, POWER_SUPPLY_CHARGE_RATE=Normal, POWER_SUPPLY_CURRENT_AVG=-4500, POWER_SUPPLY_CAPACITY_LEVEL=Full, POWER_SUPPLY_CURRENT_NOW=0, POWER_SUPPLY_PRESENT=1, POWER_SUPPLY_POWER_WATT=2, POWER_SUPPLY_CHARGE_FULL=4833000, POWER_SUPPLY_TIME_TO_FULL_NOW=0, SUBSYSTEM=power_supply, POWER_SUPPLY_TEMP=280, ACTION=change, POWER_SUPPLY_AGE=90, POWER_SUPPLY_NAME=battery, POWER_SUPPLY_LPD_PRESENT=false, POWER_SUPPLY_CHARGE_COUNTER=4833000}
08-18 16:51:26.156  1553  1553 V UiModeManager: updateLocked: null action, mDockState=0, category=null
08-18 16:51:26.156  1553  1553 D UiModeManager: updateConfigurationLocked: mDockState=0; mCarMode=false; mNightMode=2; mNightModeCustomType=-1; uiMode=33
08-18 16:51:26.161  2451  3623 D PowerUI : can't show warning due to - plugged: true status unknown: false
08-18 16:51:26.178  1553  1553 V UiModeManager: updateLocked: null action, mDockState=0, category=null
08-18 16:51:26.178  1553  1553 D UiModeManager: updateConfigurationLocked: mDockState=0; mCarMode=false; mNightMode=2; mNightModeCustomType=-1; uiMode=33
08-18 16:51:26.179  2451  3621 D PowerUI : can't show warning due to - plugged: true status unknown: false
08-18 16:51:39.134  1553  2108 D ActivityManager: freezing 18737 com.google.process.gservices, reason = oom_cached
08-18 16:51:40.760  1553  2065 D CompatibilityChangeReporter: Compat change id reported: 218533173; UID 10247; state: ENABLED
08-18 16:51:40.761  1553  2065 D CompatibilityChangeReporter: Compat change id reported: 262645982; UID 10247; state: ENABLED
08-18 16:51:46.175  1553  2059 D BatteryService: uevent={POWER_SUPPLY_VOLTAGE_NOW=4394000, POWER_SUPPLY_VBUS_PRESENT=true, POWER_SUPPLY_TYPE=Battery, POWER_SUPPLY_HEALTH=Good, POWER_SUPPLY_TECHNOLOGY=Li-ion, POWER_SUPPLY_CHARGE_FULL_DESIGN=4945000, POWER_SUPPLY_CONSTANT_CHARGE_VOLTAGE=4710, SEQNUM=12454, POWER_SUPPLY_STATUS=Full, POWER_SUPPLY_CYCLE_COUNT=285, POWER_SUPPLY_CAPACITY=100, DEVPATH=/devices/platform/11b20000.i2c/i2c-5/5-0034/11b20000.i2c:mt6375@34:mtk_gauge/power_supply/battery, POWER_SUPPLY_CHARGE_RATE=Normal, POWER_SUPPLY_CURRENT_AVG=-300, POWER_SUPPLY_CAPACITY_LEVEL=Full, POWER_SUPPLY_CURRENT_NOW=0, POWER_SUPPLY_PRESENT=1, POWER_SUPPLY_POWER_WATT=2, POWER_SUPPLY_CHARGE_FULL=4833000, POWER_SUPPLY_TIME_TO_FULL_NOW=0, SUBSYSTEM=power_supply, POWER_SUPPLY_TEMP=280, ACTION=change, POWER_SUPPLY_AGE=90, POWER_SUPPLY_NAME=battery, POWER_SUPPLY_LPD_PRESENT=false, POWER_SUPPLY_CHARGE_COUNTER=4833000}
08-18 16:51:46.176  1553  2059 D BatteryService: uevent={POWER_SUPPLY_VOLTAGE_NOW=4394000, POWER_SUPPLY_VBUS_PRESENT=true, POWER_SUPPLY_TYPE=Battery, POWER_SUPPLY_HEALTH=Good, POWER_SUPPLY_TECHNOLOGY=Li-ion, POWER_SUPPLY_CHARGE_FULL_DESIGN=4945000, POWER_SUPPLY_CONSTANT_CHARGE_VOLTAGE=4710, SEQNUM=12454, POWER_SUPPLY_STATUS=Full, POWER_SUPPLY_CYCLE_COUNT=285, POWER_SUPPLY_CAPACITY=100, DEVPATH=/devices/platform/11b20000.i2c/i2c-5/5-0034/11b20000.i2c:mt6375@34:mtk_gauge/power_supply/battery, POWER_SUPPLY_CHARGE_RATE=Normal, POWER_SUPPLY_CURRENT_AVG=-300, POWER_SUPPLY_CAPACITY_LEVEL=Full, POWER_SUPPLY_CURRENT_NOW=0, POWER_SUPPLY_PRESENT=1, POWER_SUPPLY_POWER_WATT=2, POWER_SUPPLY_CHARGE_FULL=4833000, POWER_SUPPLY_TIME_TO_FULL_NOW=0, SUBSYSTEM=power_supply, POWER_SUPPLY_TEMP=280, ACTION=change, POWER_SUPPLY_AGE=90, POWER_SUPPLY_NAME=battery, POWER_SUPPLY_LPD_PRESENT=false, POWER_SUPPLY_CHARGE_COUNTER=4833000}
08-18 16:51:46.186  2451  2872 D PowerUI : can't show warning due to - plugged: true status unknown: false
08-18 16:51:46.190  1553  1553 V UiModeManager: updateLocked: null action, mDockState=0, category=null
08-18 16:51:46.191  1553  1553 D UiModeManager: updateConfigurationLocked: mDockState=0; mCarMode=false; mNightMode=2; mNightModeCustomType=-1; uiMode=33
08-18 16:51:46.194  1553  1553 V UiModeManager: updateLocked: null action, mDockState=0, category=null
08-18 16:51:46.195  2451  3624 D PowerUI : can't show warning due to - plugged: true status unknown: false
08-18 16:51:46.195  1553  1553 D UiModeManager: updateConfigurationLocked: mDockState=0; mCarMode=false; mNightMode=2; mNightModeCustomType=-1; uiMode=33
08-18 16:51:46.214  1553  1553 V UiModeManager: updateLocked: null action, mDockState=0, category=null
08-18 16:51:46.214  1553  1553 D UiModeManager: updateConfigurationLocked: mDockState=0; mCarMode=false; mNightMode=2; mNightModeCustomType=-1; uiMode=33
08-18 16:51:46.216  2451  3632 D PowerUI : can't show warning due to - plugged: true status unknown: false
08-18 16:52:06.215  1553  2059 D BatteryService: uevent={POWER_SUPPLY_VOLTAGE_NOW=4395000, POWER_SUPPLY_VBUS_PRESENT=true, POWER_SUPPLY_TYPE=Battery, POWER_SUPPLY_HEALTH=Good, POWER_SUPPLY_TECHNOLOGY=Li-ion, POWER_SUPPLY_CHARGE_FULL_DESIGN=4945000, POWER_SUPPLY_CONSTANT_CHARGE_VOLTAGE=4710, SEQNUM=12455, POWER_SUPPLY_STATUS=Full, POWER_SUPPLY_CYCLE_COUNT=285, POWER_SUPPLY_CAPACITY=100, DEVPATH=/devices/platform/11b20000.i2c/i2c-5/5-0034/11b20000.i2c:mt6375@34:mtk_gauge/power_supply/battery, POWER_SUPPLY_CHARGE_RATE=Normal, POWER_SUPPLY_CURRENT_AVG=-300, POWER_SUPPLY_CAPACITY_LEVEL=Full, POWER_SUPPLY_CURRENT_NOW=1200, POWER_SUPPLY_PRESENT=1, POWER_SUPPLY_POWER_WATT=2, POWER_SUPPLY_CHARGE_FULL=4833000, POWER_SUPPLY_TIME_TO_FULL_NOW=0, SUBSYSTEM=power_supply, POWER_SUPPLY_TEMP=280, ACTION=change, POWER_SUPPLY_AGE=90, POWER_SUPPLY_NAME=battery, POWER_SUPPLY_LPD_PRESENT=false, POWER_SUPPLY_CHARGE_COUNTER=4833000}
08-18 16:52:06.216  1553  2059 D BatteryService: uevent={POWER_SUPPLY_VOLTAGE_NOW=4395000, POWER_SUPPLY_VBUS_PRESENT=true, POWER_SUPPLY_TYPE=Battery, POWER_SUPPLY_HEALTH=Good, POWER_SUPPLY_TECHNOLOGY=Li-ion, POWER_SUPPLY_CHARGE_FULL_DESIGN=4945000, POWER_SUPPLY_CONSTANT_CHARGE_VOLTAGE=4710, SEQNUM=12455, POWER_SUPPLY_STATUS=Full, POWER_SUPPLY_CYCLE_COUNT=285, POWER_SUPPLY_CAPACITY=100, DEVPATH=/devices/platform/11b20000.i2c/i2c-5/5-0034/11b20000.i2c:mt6375@34:mtk_gauge/power_supply/battery, POWER_SUPPLY_CHARGE_RATE=Normal, POWER_SUPPLY_CURRENT_AVG=-300, POWER_SUPPLY_CAPACITY_LEVEL=Full, POWER_SUPPLY_CURRENT_NOW=1200, POWER_SUPPLY_PRESENT=1, POWER_SUPPLY_POWER_WATT=2, POWER_SUPPLY_CHARGE_FULL=4833000, POWER_SUPPLY_TIME_TO_FULL_NOW=0, SUBSYSTEM=power_supply, POWER_SUPPLY_TEMP=280, ACTION=change, POWER_SUPPLY_AGE=90, POWER_SUPPLY_NAME=battery, POWER_SUPPLY_LPD_PRESENT=false, POWER_SUPPLY_CHARGE_COUNTER=4833000}
08-18 16:52:06.228  2451  3622 D PowerUI : can't show warning due to - plugged: true status unknown: false
08-18 16:52:06.229  1553  1553 V UiModeManager: updateLocked: null action, mDockState=0, category=null
08-18 16:52:06.230  1553  1553 D UiModeManager: updateConfigurationLocked: mDockState=0; mCarMode=false; mNightMode=2; mNightModeCustomType=-1; uiMode=33
08-18 16:52:06.234  1553  1553 V UiModeManager: updateLocked: null action, mDockState=0, category=null
08-18 16:52:06.234  1553  1553 D UiModeManager: updateConfigurationLocked: mDockState=0; mCarMode=false; mNightMode=2; mNightModeCustomType=-1; uiMode=33
08-18 16:52:06.236  2451  3620 D PowerUI : can't show warning due to - plugged: true status unknown: false
08-18 16:52:26.252  1553  2059 D BatteryService: uevent={POWER_SUPPLY_VOLTAGE_NOW=4395000, POWER_SUPPLY_VBUS_PRESENT=true, POWER_SUPPLY_TYPE=Battery, POWER_SUPPLY_HEALTH=Good, POWER_SUPPLY_TECHNOLOGY=Li-ion, POWER_SUPPLY_CHARGE_FULL_DESIGN=4945000, POWER_SUPPLY_CONSTANT_CHARGE_VOLTAGE=4710, SEQNUM=12456, POWER_SUPPLY_STATUS=Full, POWER_SUPPLY_CYCLE_COUNT=285, POWER_SUPPLY_CAPACITY=100, DEVPATH=/devices/platform/11b20000.i2c/i2c-5/5-0034/11b20000.i2c:mt6375@34:mtk_gauge/power_supply/battery, POWER_SUPPLY_CHARGE_RATE=Normal, POWER_SUPPLY_CURRENT_AVG=-300, POWER_SUPPLY_CAPACITY_LEVEL=Full, POWER_SUPPLY_CURRENT_NOW=0, POWER_SUPPLY_PRESENT=1, POWER_SUPPLY_POWER_WATT=2, POWER_SUPPLY_CHARGE_FULL=4833000, POWER_SUPPLY_TIME_TO_FULL_NOW=0, SUBSYSTEM=power_supply, POWER_SUPPLY_TEMP=280, ACTION=change, POWER_SUPPLY_AGE=90, POWER_SUPPLY_NAME=battery, POWER_SUPPLY_LPD_PRESENT=false, POWER_SUPPLY_CHARGE_COUNTER=4833000}
08-18 16:52:26.254  1553  2059 D BatteryService: uevent={POWER_SUPPLY_VOLTAGE_NOW=4395000, POWER_SUPPLY_VBUS_PRESENT=true, POWER_SUPPLY_TYPE=Battery, POWER_SUPPLY_HEALTH=Good, POWER_SUPPLY_TECHNOLOGY=Li-ion, POWER_SUPPLY_CHARGE_FULL_DESIGN=4945000, POWER_SUPPLY_CONSTANT_CHARGE_VOLTAGE=4710, SEQNUM=12456, POWER_SUPPLY_STATUS=Full, POWER_SUPPLY_CYCLE_COUNT=285, POWER_SUPPLY_CAPACITY=100, DEVPATH=/devices/platform/11b20000.i2c/i2c-5/5-0034/11b20000.i2c:mt6375@34:mtk_gauge/power_supply/battery, POWER_SUPPLY_CHARGE_RATE=Normal, POWER_SUPPLY_CURRENT_AVG=-300, POWER_SUPPLY_CAPACITY_LEVEL=Full, POWER_SUPPLY_CURRENT_NOW=0, POWER_SUPPLY_PRESENT=1, POWER_SUPPLY_POWER_WATT=2, POWER_SUPPLY_CHARGE_FULL=4833000, POWER_SUPPLY_TIME_TO_FULL_NOW=0, SUBSYSTEM=power_supply, POWER_SUPPLY_TEMP=280, ACTION=change, POWER_SUPPLY_AGE=90, POWER_SUPPLY_NAME=battery, POWER_SUPPLY_LPD_PRESENT=false, POWER_SUPPLY_CHARGE_COUNTER=4833000}
08-18 16:52:26.268  1553  1553 V UiModeManager: updateLocked: null action, mDockState=0, category=null
08-18 16:52:26.268  2451  3634 D PowerUI : can't show warning due to - plugged: true status unknown: false
08-18 16:52:26.268  1553  1553 D UiModeManager: updateConfigurationLocked: mDockState=0; mCarMode=false; mNightMode=2; mNightModeCustomType=-1; uiMode=33
08-18 16:52:26.271  1553  1553 V UiModeManager: updateLocked: null action, mDockState=0, category=null
08-18 16:52:26.272  1553  1553 D UiModeManager: updateConfigurationLocked: mDockState=0; mCarMode=false; mNightMode=2; mNightModeCustomType=-1; uiMode=33
08-18 16:52:26.277  2451  3623 D PowerUI : can't show warning due to - plugged: true status unknown: false
08-18 16:52:26.291  1553  1553 V UiModeManager: updateLocked: null action, mDockState=0, category=null
08-18 16:52:26.292  1553  1553 D UiModeManager: updateConfigurationLocked: mDockState=0; mCarMode=false; mNightMode=2; mNightModeCustomType=-1; uiMode=33
08-18 16:52:26.294  2451  3621 D PowerUI : can't show warning due to - plugged: true status unknown: false
08-18 16:52:46.283  1553  2059 D BatteryService: uevent={POWER_SUPPLY_VOLTAGE_NOW=4396000, POWER_SUPPLY_VBUS_PRESENT=true, POWER_SUPPLY_TYPE=Battery, POWER_SUPPLY_HEALTH=Good, POWER_SUPPLY_TECHNOLOGY=Li-ion, POWER_SUPPLY_CHARGE_FULL_DESIGN=4945000, POWER_SUPPLY_CONSTANT_CHARGE_VOLTAGE=4710, SEQNUM=12458, POWER_SUPPLY_STATUS=Full, POWER_SUPPLY_CYCLE_COUNT=285, POWER_SUPPLY_CAPACITY=100, DEVPATH=/devices/platform/11b20000.i2c/i2c-5/5-0034/11b20000.i2c:mt6375@34:mtk_gauge/power_supply/battery, POWER_SUPPLY_CHARGE_RATE=Normal, POWER_SUPPLY_CURRENT_AVG=-300, POWER_SUPPLY_CAPACITY_LEVEL=Full, POWER_SUPPLY_CURRENT_NOW=0, POWER_SUPPLY_PRESENT=1, POWER_SUPPLY_POWER_WATT=2, POWER_SUPPLY_CHARGE_FULL=4833000, POWER_SUPPLY_TIME_TO_FULL_NOW=0, SUBSYSTEM=power_supply, POWER_SUPPLY_TEMP=280, ACTION=change, POWER_SUPPLY_AGE=90, POWER_SUPPLY_NAME=battery, POWER_SUPPLY_LPD_PRESENT=false, POWER_SUPPLY_CHARGE_COUNTER=4833000}
08-18 16:52:46.285  1553  2059 D BatteryService: uevent={POWER_SUPPLY_VOLTAGE_NOW=4396000, POWER_SUPPLY_VBUS_PRESENT=true, POWER_SUPPLY_TYPE=Battery, POWER_SUPPLY_HEALTH=Good, POWER_SUPPLY_TECHNOLOGY=Li-ion, POWER_SUPPLY_CHARGE_FULL_DESIGN=4945000, POWER_SUPPLY_CONSTANT_CHARGE_VOLTAGE=4710, SEQNUM=12458, POWER_SUPPLY_STATUS=Full, POWER_SUPPLY_CYCLE_COUNT=285, POWER_SUPPLY_CAPACITY=100, DEVPATH=/devices/platform/11b20000.i2c/i2c-5/5-0034/11b20000.i2c:mt6375@34:mtk_gauge/power_supply/battery, POWER_SUPPLY_CHARGE_RATE=Normal, POWER_SUPPLY_CURRENT_AVG=-300, POWER_SUPPLY_CAPACITY_LEVEL=Full, POWER_SUPPLY_CURRENT_NOW=0, POWER_SUPPLY_PRESENT=1, POWER_SUPPLY_POWER_WATT=2, POWER_SUPPLY_CHARGE_FULL=4833000, POWER_SUPPLY_TIME_TO_FULL_NOW=0, SUBSYSTEM=power_supply, POWER_SUPPLY_TEMP=280, ACTION=change, POWER_SUPPLY_AGE=90, POWER_SUPPLY_NAME=battery, POWER_SUPPLY_LPD_PRESENT=false, POWER_SUPPLY_CHARGE_COUNTER=4833000}
08-18 16:52:46.297  2451  2872 D PowerUI : can't show warning due to - plugged: true status unknown: false
08-18 16:52:46.306  1553  1553 V UiModeManager: updateLocked: null action, mDockState=0, category=null
08-18 16:52:46.307  2451  3624 D PowerUI : can't show warning due to - plugged: true status unknown: false
