08-18 16:52:46.309  1553  1553 D UiModeManager: updateConfigurationLocked: mDockState=0; mCarMode=false; mNightMode=2; mNightModeCustomType=-1; uiMode=33
08-18 16:52:46.310  1553  1553 V UiModeManager: updateLocked: null action, mDockState=0, category=null
08-18 16:52:46.311  1553  1553 D UiModeManager: updateConfigurationLocked: mDockState=0; mCarMode=false; mNightMode=2; mNightModeCustomType=-1; uiMode=33
08-18 16:52:46.320  1553  1553 V UiModeManager: updateLocked: null action, mDockState=0, category=null
08-18 16:52:46.321  1553  1553 D UiModeManager: updateConfigurationLocked: mDockState=0; mCarMode=false; mNightMode=2; mNightModeCustomType=-1; uiMode=33
08-18 16:52:46.323  2451  3632 D PowerUI : can't show warning due to - plugged: true status unknown: false
08-18 16:53:06.314  1553  2059 D BatteryService: uevent={POWER_SUPPLY_VOLTAGE_NOW=4395000, POWER_SUPPLY_VBUS_PRESENT=true, POWER_SUPPLY_TYPE=Battery, POWER_SUPPLY_HEALTH=Good, POWER_SUPPLY_TECHNOLOGY=Li-ion, POWER_SUPPLY_CHARGE_FULL_DESIGN=4945000, POWER_SUPPLY_CONSTANT_CHARGE_VOLTAGE=4710, SEQNUM=12460, POWER_SUPPLY_STATUS=Full, POWER_SUPPLY_CYCLE_COUNT=285, POWER_SUPPLY_CAPACITY=100, DEVPATH=/devices/platform/11b20000.i2c/i2c-5/5-0034/11b20000.i2c:mt6375@34:mtk_gauge/power_supply/battery, POWER_SUPPLY_CHARGE_RATE=Normal, POWER_SUPPLY_CURRENT_AVG=-600, POWER_SUPPLY_CAPACITY_LEVEL=Full, POWER_SUPPLY_CURRENT_NOW=0, POWER_SUPPLY_PRESENT=1, POWER_SUPPLY_POWER_WATT=2, POWER_SUPPLY_CHARGE_FULL=4833000, POWER_SUPPLY_TIME_TO_FULL_NOW=0, SUBSYSTEM=power_supply, POWER_SUPPLY_TEMP=280, ACTION=change, POWER_SUPPLY_AGE=90, POWER_SUPPLY_NAME=battery, POWER_SUPPLY_LPD_PRESENT=false, POWER_SUPPLY_CHARGE_COUNTER=4833000}
08-18 16:53:06.315  1553  2059 D BatteryService: uevent={POWER_SUPPLY_VOLTAGE_NOW=4395000, POWER_SUPPLY_VBUS_PRESENT=true, POWER_SUPPLY_TYPE=Battery, POWER_SUPPLY_HEALTH=Good, POWER_SUPPLY_TECHNOLOGY=Li-ion, POWER_SUPPLY_CHARGE_FULL_DESIGN=4945000, POWER_SUPPLY_CONSTANT_CHARGE_VOLTAGE=4710, SEQNUM=12460, POWER_SUPPLY_STATUS=Full, POWER_SUPPLY_CYCLE_COUNT=285, POWER_SUPPLY_CAPACITY=100, DEVPATH=/devices/platform/11b20000.i2c/i2c-5/5-0034/11b20000.i2c:mt6375@34:mtk_gauge/power_supply/battery, POWER_SUPPLY_CHARGE_RATE=Normal, POWER_SUPPLY_CURRENT_AVG=-600, POWER_SUPPLY_CAPACITY_LEVEL=Full, POWER_SUPPLY_CURRENT_NOW=0, POWER_SUPPLY_PRESENT=1, POWER_SUPPLY_POWER_WATT=2, POWER_SUPPLY_CHARGE_FULL=4833000, POWER_SUPPLY_TIME_TO_FULL_NOW=0, SUBSYSTEM=power_supply, POWER_SUPPLY_TEMP=280, ACTION=change, POWER_SUPPLY_AGE=90, POWER_SUPPLY_NAME=battery, POWER_SUPPLY_LPD_PRESENT=false, POWER_SUPPLY_CHARGE_COUNTER=4833000}
08-18 16:53:06.325  2451  3622 D PowerUI : can't show warning due to - plugged: true status unknown: false
08-18 16:53:06.332  1553  1553 V UiModeManager: updateLocked: null action, mDockState=0, category=null
08-18 16:53:06.333  1553  1553 D UiModeManager: updateConfigurationLocked: mDockState=0; mCarMode=false; mNightMode=2; mNightModeCustomType=-1; uiMode=33
08-18 16:53:06.334  2451  3620 D PowerUI : can't show warning due to - plugged: true status unknown: false
08-18 16:53:06.343  1553  1553 V UiModeManager: updateLocked: null action, mDockState=0, category=null
08-18 16:53:06.344  1553  1553 D UiModeManager: updateConfigurationLocked: mDockState=0; mCarMode=false; mNightMode=2; mNightModeCustomType=-1; uiMode=33
08-18 16:53:06.347  2451  3634 D PowerUI : can't show warning due to - plugged: true status unknown: false
08-18 16:53:26.348  1553  2059 D BatteryService: uevent={POWER_SUPPLY_VOLTAGE_NOW=4395000, POWER_SUPPLY_VBUS_PRESENT=true, POWER_SUPPLY_TYPE=Battery, POWER_SUPPLY_HEALTH=Good, POWER_SUPPLY_TECHNOLOGY=Li-ion, POWER_SUPPLY_CHARGE_FULL_DESIGN=4945000, POWER_SUPPLY_CONSTANT_CHARGE_VOLTAGE=4710, SEQNUM=12462, POWER_SUPPLY_STATUS=Full, POWER_SUPPLY_CYCLE_COUNT=285, POWER_SUPPLY_CAPACITY=100, DEVPATH=/devices/platform/11b20000.i2c/i2c-5/5-0034/11b20000.i2c:mt6375@34:mtk_gauge/power_supply/battery, POWER_SUPPLY_CHARGE_RATE=Normal, POWER_SUPPLY_CURRENT_AVG=-600, POWER_SUPPLY_CAPACITY_LEVEL=Full, POWER_SUPPLY_CURRENT_NOW=1200, POWER_SUPPLY_PRESENT=1, POWER_SUPPLY_POWER_WATT=2, POWER_SUPPLY_CHARGE_FULL=4833000, POWER_SUPPLY_TIME_TO_FULL_NOW=0, SUBSYSTEM=power_supply, POWER_SUPPLY_TEMP=280, ACTION=change, POWER_SUPPLY_AGE=90, POWER_SUPPLY_NAME=battery, POWER_SUPPLY_LPD_PRESENT=false, POWER_SUPPLY_CHARGE_COUNTER=4833000}
08-18 16:53:26.349  1553  2059 D BatteryService: uevent={POWER_SUPPLY_VOLTAGE_NOW=4395000, POWER_SUPPLY_VBUS_PRESENT=true, POWER_SUPPLY_TYPE=Battery, POWER_SUPPLY_HEALTH=Good, POWER_SUPPLY_TECHNOLOGY=Li-ion, POWER_SUPPLY_CHARGE_FULL_DESIGN=4945000, POWER_SUPPLY_CONSTANT_CHARGE_VOLTAGE=4710, SEQNUM=12462, POWER_SUPPLY_STATUS=Full, POWER_SUPPLY_CYCLE_COUNT=285, POWER_SUPPLY_CAPACITY=100, DEVPATH=/devices/platform/11b20000.i2c/i2c-5/5-0034/11b20000.i2c:mt6375@34:mtk_gauge/power_supply/battery, POWER_SUPPLY_CHARGE_RATE=Normal, POWER_SUPPLY_CURRENT_AVG=-600, POWER_SUPPLY_CAPACITY_LEVEL=Full, POWER_SUPPLY_CURRENT_NOW=1200, POWER_SUPPLY_PRESENT=1, POWER_SUPPLY_POWER_WATT=2, POWER_SUPPLY_CHARGE_FULL=4833000, POWER_SUPPLY_TIME_TO_FULL_NOW=0, SUBSYSTEM=power_supply, POWER_SUPPLY_TEMP=280, ACTION=change, POWER_SUPPLY_AGE=90, POWER_SUPPLY_NAME=battery, POWER_SUPPLY_LPD_PRESENT=false, POWER_SUPPLY_CHARGE_COUNTER=4833000}
08-18 16:53:26.364  1553  1553 V UiModeManager: updateLocked: null action, mDockState=0, category=null
08-18 16:53:26.365  1553  1553 D UiModeManager: updateConfigurationLocked: mDockState=0; mCarMode=false; mNightMode=2; mNightModeCustomType=-1; uiMode=33
08-18 16:53:26.366  2451  3623 D PowerUI : can't show warning due to - plugged: true status unknown: false
08-18 16:53:26.391  1553  1553 V UiModeManager: updateLocked: null action, mDockState=0, category=null
08-18 16:53:26.391  1553  1553 D UiModeManager: updateConfigurationLocked: mDockState=0; mCarMode=false; mNightMode=2; mNightModeCustomType=-1; uiMode=33
08-18 16:53:26.395  2451  3621 D PowerUI : can't show warning due to - plugged: true status unknown: false
08-18 16:53:46.381  1553  2059 D BatteryService: uevent={POWER_SUPPLY_VOLTAGE_NOW=4396000, POWER_SUPPLY_VBUS_PRESENT=true, POWER_SUPPLY_TYPE=Battery, POWER_SUPPLY_HEALTH=Good, POWER_SUPPLY_TECHNOLOGY=Li-ion, POWER_SUPPLY_CHARGE_FULL_DESIGN=4945000, POWER_SUPPLY_CONSTANT_CHARGE_VOLTAGE=4710, SEQNUM=12464, POWER_SUPPLY_STATUS=Full, POWER_SUPPLY_CYCLE_COUNT=285, POWER_SUPPLY_CAPACITY=100, DEVPATH=/devices/platform/11b20000.i2c/i2c-5/5-0034/11b20000.i2c:mt6375@34:mtk_gauge/power_supply/battery, POWER_SUPPLY_CHARGE_RATE=Normal, POWER_SUPPLY_CURRENT_AVG=-900, POWER_SUPPLY_CAPACITY_LEVEL=Full, POWER_SUPPLY_CURRENT_NOW=0, POWER_SUPPLY_PRESENT=1, POWER_SUPPLY_POWER_WATT=2, POWER_SUPPLY_CHARGE_FULL=4833000, POWER_SUPPLY_TIME_TO_FULL_NOW=0, SUBSYSTEM=power_supply, POWER_SUPPLY_TEMP=280, ACTION=change, POWER_SUPPLY_AGE=90, POWER_SUPPLY_NAME=battery, POWER_SUPPLY_LPD_PRESENT=false, POWER_SUPPLY_CHARGE_COUNTER=4833000}
08-18 16:53:46.381  1553  2059 D BatteryService: uevent={POWER_SUPPLY_VOLTAGE_NOW=4396000, POWER_SUPPLY_VBUS_PRESENT=true, POWER_SUPPLY_TYPE=Battery, POWER_SUPPLY_HEALTH=Good, POWER_SUPPLY_TECHNOLOGY=Li-ion, POWER_SUPPLY_CHARGE_FULL_DESIGN=4945000, POWER_SUPPLY_CONSTANT_CHARGE_VOLTAGE=4710, SEQNUM=12464, POWER_SUPPLY_STATUS=Full, POWER_SUPPLY_CYCLE_COUNT=285, POWER_SUPPLY_CAPACITY=100, DEVPATH=/devices/platform/11b20000.i2c/i2c-5/5-0034/11b20000.i2c:mt6375@34:mtk_gauge/power_supply/battery, POWER_SUPPLY_CHARGE_RATE=Normal, POWER_SUPPLY_CURRENT_AVG=-900, POWER_SUPPLY_CAPACITY_LEVEL=Full, POWER_SUPPLY_CURRENT_NOW=0, POWER_SUPPLY_PRESENT=1, POWER_SUPPLY_POWER_WATT=2, POWER_SUPPLY_CHARGE_FULL=4833000, POWER_SUPPLY_TIME_TO_FULL_NOW=0, SUBSYSTEM=power_supply, POWER_SUPPLY_TEMP=280, ACTION=change, POWER_SUPPLY_AGE=90, POWER_SUPPLY_NAME=battery, POWER_SUPPLY_LPD_PRESENT=false, POWER_SUPPLY_CHARGE_COUNTER=4833000}
08-18 16:53:46.393  2451  2872 D PowerUI : can't show warning due to - plugged: true status unknown: false
08-18 16:53:46.396  1553  1553 V UiModeManager: updateLocked: null action, mDockState=0, category=null
08-18 16:53:46.397  1553  1553 D UiModeManager: updateConfigurationLocked: mDockState=0; mCarMode=false; mNightMode=2; mNightModeCustomType=-1; uiMode=33
08-18 16:53:46.400  2451  3624 D PowerUI : can't show warning due to - plugged: true status unknown: false
08-18 16:53:46.416  1553  1553 V UiModeManager: updateLocked: null action, mDockState=0, category=null
08-18 16:53:46.417  1553  1553 D UiModeManager: updateConfigurationLocked: mDockState=0; mCarMode=false; mNightMode=2; mNightModeCustomType=-1; uiMode=33
08-18 16:53:46.423  2451  3632 D PowerUI : can't show warning due to - plugged: true status unknown: false
08-18 16:54:06.412  1553  2059 D BatteryService: uevent={POWER_SUPPLY_VOLTAGE_NOW=4395000, POWER_SUPPLY_VBUS_PRESENT=true, POWER_SUPPLY_TYPE=Battery, POWER_SUPPLY_HEALTH=Good, POWER_SUPPLY_TECHNOLOGY=Li-ion, POWER_SUPPLY_CHARGE_FULL_DESIGN=4945000, POWER_SUPPLY_CONSTANT_CHARGE_VOLTAGE=4710, SEQNUM=12465, POWER_SUPPLY_STATUS=Full, POWER_SUPPLY_CYCLE_COUNT=285, POWER_SUPPLY_CAPACITY=100, DEVPATH=/devices/platform/11b20000.i2c/i2c-5/5-0034/11b20000.i2c:mt6375@34:mtk_gauge/power_supply/battery, POWER_SUPPLY_CHARGE_RATE=Normal, POWER_SUPPLY_CURRENT_AVG=-900, POWER_SUPPLY_CAPACITY_LEVEL=Full, POWER_SUPPLY_CURRENT_NOW=600, POWER_SUPPLY_PRESENT=1, POWER_SUPPLY_POWER_WATT=2, POWER_SUPPLY_CHARGE_FULL=4833000, POWER_SUPPLY_TIME_TO_FULL_NOW=0, SUBSYSTEM=power_supply, POWER_SUPPLY_TEMP=280, ACTION=change, POWER_SUPPLY_AGE=90, POWER_SUPPLY_NAME=battery, POWER_SUPPLY_LPD_PRESENT=false, POWER_SUPPLY_CHARGE_COUNTER=4833000}
08-18 16:54:06.414  1553  2059 D BatteryService: uevent={POWER_SUPPLY_VOLTAGE_NOW=4395000, POWER_SUPPLY_VBUS_PRESENT=true, POWER_SUPPLY_TYPE=Battery, POWER_SUPPLY_HEALTH=Good, POWER_SUPPLY_TECHNOLOGY=Li-ion, POWER_SUPPLY_CHARGE_FULL_DESIGN=4945000, POWER_SUPPLY_CONSTANT_CHARGE_VOLTAGE=4710, SEQNUM=12465, POWER_SUPPLY_STATUS=Full, POWER_SUPPLY_CYCLE_COUNT=285, POWER_SUPPLY_CAPACITY=100, DEVPATH=/devices/platform/11b20000.i2c/i2c-5/5-0034/11b20000.i2c:mt6375@34:mtk_gauge/power_supply/battery, POWER_SUPPLY_CHARGE_RATE=Normal, POWER_SUPPLY_CURRENT_AVG=-900, POWER_SUPPLY_CAPACITY_LEVEL=Full, POWER_SUPPLY_CURRENT_NOW=600, POWER_SUPPLY_PRESENT=1, POWER_SUPPLY_POWER_WATT=2, POWER_SUPPLY_CHARGE_FULL=4833000, POWER_SUPPLY_TIME_TO_FULL_NOW=0, SUBSYSTEM=power_supply, POWER_SUPPLY_TEMP=280, ACTION=change, POWER_SUPPLY_AGE=90, POWER_SUPPLY_NAME=battery, POWER_SUPPLY_LPD_PRESENT=false, POWER_SUPPLY_CHARGE_COUNTER=4833000}
08-18 16:54:06.424  1553  1553 V UiModeManager: updateLocked: null action, mDockState=0, category=null
08-18 16:54:06.425  1553  1553 D UiModeManager: updateConfigurationLocked: mDockState=0; mCarMode=false; mNightMode=2; mNightModeCustomType=-1; uiMode=33
08-18 16:54:06.428  2451  3622 D PowerUI : can't show warning due to - plugged: true status unknown: false
08-18 16:54:06.442  1553  1553 V UiModeManager: updateLocked: null action, mDockState=0, category=null
08-18 16:54:06.443  1553  1553 D UiModeManager: updateConfigurationLocked: mDockState=0; mCarMode=false; mNightMode=2; mNightModeCustomType=-1; uiMode=33
08-18 16:54:06.447  2451  3620 D PowerUI : can't show warning due to - plugged: true status unknown: false
08-18 16:54:26.442  1553  2059 D BatteryService: uevent={POWER_SUPPLY_VOLTAGE_NOW=4395000, POWER_SUPPLY_VBUS_PRESENT=true, POWER_SUPPLY_TYPE=Battery, POWER_SUPPLY_HEALTH=Good, POWER_SUPPLY_TECHNOLOGY=Li-ion, POWER_SUPPLY_CHARGE_FULL_DESIGN=4945000, POWER_SUPPLY_CONSTANT_CHARGE_VOLTAGE=4710, SEQNUM=12468, POWER_SUPPLY_STATUS=Full, POWER_SUPPLY_CYCLE_COUNT=285, POWER_SUPPLY_CAPACITY=100, DEVPATH=/devices/platform/11b20000.i2c/i2c-5/5-0034/11b20000.i2c:mt6375@34:mtk_gauge/power_supply/battery, POWER_SUPPLY_CHARGE_RATE=Normal, POWER_SUPPLY_CURRENT_AVG=-300, POWER_SUPPLY_CAPACITY_LEVEL=Full, POWER_SUPPLY_CURRENT_NOW=600, POWER_SUPPLY_PRESENT=1, POWER_SUPPLY_POWER_WATT=2, POWER_SUPPLY_CHARGE_FULL=4833000, POWER_SUPPLY_TIME_TO_FULL_NOW=0, SUBSYSTEM=power_supply, POWER_SUPPLY_TEMP=280, ACTION=change, POWER_SUPPLY_AGE=90, POWER_SUPPLY_NAME=battery, POWER_SUPPLY_LPD_PRESENT=false, POWER_SUPPLY_CHARGE_COUNTER=4833000}
08-18 16:54:26.443  1553  2059 D BatteryService: uevent={POWER_SUPPLY_VOLTAGE_NOW=4395000, POWER_SUPPLY_VBUS_PRESENT=true, POWER_SUPPLY_TYPE=Battery, POWER_SUPPLY_HEALTH=Good, POWER_SUPPLY_TECHNOLOGY=Li-ion, POWER_SUPPLY_CHARGE_FULL_DESIGN=4945000, POWER_SUPPLY_CONSTANT_CHARGE_VOLTAGE=4710, SEQNUM=12468, POWER_SUPPLY_STATUS=Full, POWER_SUPPLY_CYCLE_COUNT=285, POWER_SUPPLY_CAPACITY=100, DEVPATH=/devices/platform/11b20000.i2c/i2c-5/5-0034/11b20000.i2c:mt6375@34:mtk_gauge/power_supply/battery, POWER_SUPPLY_CHARGE_RATE=Normal, POWER_SUPPLY_CURRENT_AVG=-300, POWER_SUPPLY_CAPACITY_LEVEL=Full, POWER_SUPPLY_CURRENT_NOW=600, POWER_SUPPLY_PRESENT=1, POWER_SUPPLY_POWER_WATT=2, POWER_SUPPLY_CHARGE_FULL=4833000, POWER_SUPPLY_TIME_TO_FULL_NOW=0, SUBSYSTEM=power_supply, POWER_SUPPLY_TEMP=280, ACTION=change, POWER_SUPPLY_AGE=90, POWER_SUPPLY_NAME=battery, POWER_SUPPLY_LPD_PRESENT=false, POWER_SUPPLY_CHARGE_COUNTER=4833000}
08-18 16:54:26.455  2451  3634 D PowerUI : can't show warning due to - plugged: true status unknown: false
08-18 16:54:26.456  1553  1553 V UiModeManager: updateLocked: null action, mDockState=0, category=null
08-18 16:54:26.456  1553  1553 D UiModeManager: updateConfigurationLocked: mDockState=0; mCarMode=false; mNightMode=2; mNightModeCustomType=-1; uiMode=33
08-18 16:54:26.460  1553  1553 V UiModeManager: updateLocked: null action, mDockState=0, category=null
08-18 16:54:26.462  1553  1553 D UiModeManager: updateConfigurationLocked: mDockState=0; mCarMode=false; mNightMode=2; mNightModeCustomType=-1; uiMode=33
08-18 16:54:26.463  2451  3623 D PowerUI : can't show warning due to - plugged: true status unknown: false
08-18 16:54:26.470  1553  1553 V UiModeManager: updateLocked: null action, mDockState=0, category=null
08-18 16:54:26.471  1553  1553 D UiModeManager: updateConfigurationLocked: mDockState=0; mCarMode=false; mNightMode=2; mNightModeCustomType=-1; uiMode=33
08-18 16:54:26.474  2451  3621 D PowerUI : can't show warning due to - plugged: true status unknown: false
08-18 16:54:46.470  1553  2059 D BatteryService: uevent={POWER_SUPPLY_VOLTAGE_NOW=4396000, POWER_SUPPLY_VBUS_PRESENT=true, POWER_SUPPLY_TYPE=Battery, POWER_SUPPLY_HEALTH=Good, POWER_SUPPLY_TECHNOLOGY=Li-ion, POWER_SUPPLY_CHARGE_FULL_DESIGN=4945000, POWER_SUPPLY_CONSTANT_CHARGE_VOLTAGE=4710, SEQNUM=12470, POWER_SUPPLY_STATUS=Full, POWER_SUPPLY_CYCLE_COUNT=285, POWER_SUPPLY_CAPACITY=100, DEVPATH=/devices/platform/11b20000.i2c/i2c-5/5-0034/11b20000.i2c:mt6375@34:mtk_gauge/power_supply/battery, POWER_SUPPLY_CHARGE_RATE=Normal, POWER_SUPPLY_CURRENT_AVG=300, POWER_SUPPLY_CAPACITY_LEVEL=Full, POWER_SUPPLY_CURRENT_NOW=1800, POWER_SUPPLY_PRESENT=1, POWER_SUPPLY_POWER_WATT=2, POWER_SUPPLY_CHARGE_FULL=4833000, POWER_SUPPLY_TIME_TO_FULL_NOW=0, SUBSYSTEM=power_supply, POWER_SUPPLY_TEMP=280, ACTION=change, POWER_SUPPLY_AGE=90, POWER_SUPPLY_NAME=battery, POWER_SUPPLY_LPD_PRESENT=false, POWER_SUPPLY_CHARGE_COUNTER=4833000}
08-18 16:54:46.471  1553  2059 D BatteryService: uevent={POWER_SUPPLY_VOLTAGE_NOW=4396000, POWER_SUPPLY_VBUS_PRESENT=true, POWER_SUPPLY_TYPE=Battery, POWER_SUPPLY_HEALTH=Good, POWER_SUPPLY_TECHNOLOGY=Li-ion, POWER_SUPPLY_CHARGE_FULL_DESIGN=4945000, POWER_SUPPLY_CONSTANT_CHARGE_VOLTAGE=4710, SEQNUM=12470, POWER_SUPPLY_STATUS=Full, POWER_SUPPLY_CYCLE_COUNT=285, POWER_SUPPLY_CAPACITY=100, DEVPATH=/devices/platform/11b20000.i2c/i2c-5/5-0034/11b20000.i2c:mt6375@34:mtk_gauge/power_supply/battery, POWER_SUPPLY_CHARGE_RATE=Normal, POWER_SUPPLY_CURRENT_AVG=300, POWER_SUPPLY_CAPACITY_LEVEL=Full, POWER_SUPPLY_CURRENT_NOW=1800, POWER_SUPPLY_PRESENT=1, POWER_SUPPLY_POWER_WATT=2, POWER_SUPPLY_CHARGE_FULL=4833000, POWER_SUPPLY_TIME_TO_FULL_NOW=0, SUBSYSTEM=power_supply, POWER_SUPPLY_TEMP=280, ACTION=change, POWER_SUPPLY_AGE=90, POWER_SUPPLY_NAME=battery, POWER_SUPPLY_LPD_PRESENT=false, POWER_SUPPLY_CHARGE_COUNTER=4833000}
08-18 16:54:46.485  1553  1553 V UiModeManager: updateLocked: null action, mDockState=0, category=null
08-18 16:54:46.486  1553  1553 D UiModeManager: updateConfigurationLocked: mDockState=0; mCarMode=false; mNightMode=2; mNightModeCustomType=-1; uiMode=33
08-18 16:54:46.490  2451  2872 D PowerUI : can't show warning due to - plugged: true status unknown: false
08-18 16:54:46.498  1553  1553 V UiModeManager: updateLocked: null action, mDockState=0, category=null
08-18 16:54:46.499  1553  1553 D UiModeManager: updateConfigurationLocked: mDockState=0; mCarMode=false; mNightMode=2; mNightModeCustomType=-1; uiMode=33
08-18 16:54:46.501  2451  3624 D PowerUI : can't show warning due to - plugged: true status unknown: false
08-18 16:54:52.379  1553  1553 V UiModeManager: updateLocked: null action, mDockState=0, category=null
08-18 16:54:52.380  1553  1553 D UiModeManager: updateConfigurationLocked: mDockState=0; mCarMode=false; mNightMode=2; mNightModeCustomType=-1; uiMode=33
08-18 16:54:52.381  2451  3632 D PowerUI : can't show warning due to - plugged: true status unknown: false
08-18 16:54:54.634  1553 12216 D CompatibilityChangeReporter: Compat change id reported: 161252188; UID 10200; state: DISABLED
08-18 16:55:06.498  1553  2059 D BatteryService: uevent={POWER_SUPPLY_VOLTAGE_NOW=4396000, POWER_SUPPLY_VBUS_PRESENT=true, POWER_SUPPLY_TYPE=Battery, POWER_SUPPLY_HEALTH=Good, POWER_SUPPLY_TECHNOLOGY=Li-ion, POWER_SUPPLY_CHARGE_FULL_DESIGN=4945000, POWER_SUPPLY_CONSTANT_CHARGE_VOLTAGE=4710, SEQNUM=12471, POWER_SUPPLY_STATUS=Full, POWER_SUPPLY_CYCLE_COUNT=285, POWER_SUPPLY_CAPACITY=100, DEVPATH=/devices/platform/11b20000.i2c/i2c-5/5-0034/11b20000.i2c:mt6375@34:mtk_gauge/power_supply/battery, POWER_SUPPLY_CHARGE_RATE=Normal, POWER_SUPPLY_CURRENT_AVG=300, POWER_SUPPLY_CAPACITY_LEVEL=Full, POWER_SUPPLY_CURRENT_NOW=600, POWER_SUPPLY_PRESENT=1, POWER_SUPPLY_POWER_WATT=2, POWER_SUPPLY_CHARGE_FULL=4833000, POWER_SUPPLY_TIME_TO_FULL_NOW=0, SUBSYSTEM=power_supply, POWER_SUPPLY_TEMP=280, ACTION=change, POWER_SUPPLY_AGE=90, POWER_SUPPLY_NAME=battery, POWER_SUPPLY_LPD_PRESENT=false, POWER_SUPPLY_CHARGE_COUNTER=4833000}
08-18 16:55:06.500  1553  2059 D BatteryService: uevent={POWER_SUPPLY_VOLTAGE_NOW=4396000, POWER_SUPPLY_VBUS_PRESENT=true, POWER_SUPPLY_TYPE=Battery, POWER_SUPPLY_HEALTH=Good, POWER_SUPPLY_TECHNOLOGY=Li-ion, POWER_SUPPLY_CHARGE_FULL_DESIGN=4945000, POWER_SUPPLY_CONSTANT_CHARGE_VOLTAGE=4710, SEQNUM=12471, POWER_SUPPLY_STATUS=Full, POWER_SUPPLY_CYCLE_COUNT=285, POWER_SUPPLY_CAPACITY=100, DEVPATH=/devices/platform/11b20000.i2c/i2c-5/5-0034/11b20000.i2c:mt6375@34:mtk_gauge/power_supply/battery, POWER_SUPPLY_CHARGE_RATE=Normal, POWER_SUPPLY_CURRENT_AVG=300, POWER_SUPPLY_CAPACITY_LEVEL=Full, POWER_SUPPLY_CURRENT_NOW=600, POWER_SUPPLY_PRESENT=1, POWER_SUPPLY_POWER_WATT=2, POWER_SUPPLY_CHARGE_FULL=4833000, POWER_SUPPLY_TIME_TO_FULL_NOW=0, SUBSYSTEM=power_supply, POWER_SUPPLY_TEMP=280, ACTION=change, POWER_SUPPLY_AGE=90, POWER_SUPPLY_NAME=battery, POWER_SUPPLY_LPD_PRESENT=false, POWER_SUPPLY_CHARGE_COUNTER=4833000}
08-18 16:55:06.512  2451  3622 D PowerUI : can't show warning due to - plugged: true status unknown: false
08-18 16:55:06.514  1553  1553 V UiModeManager: updateLocked: null action, mDockState=0, category=null
08-18 16:55:06.515  1553  1553 D UiModeManager: updateConfigurationLocked: mDockState=0; mCarMode=false; mNightMode=2; mNightModeCustomType=-1; uiMode=33
08-18 16:55:06.517  1553  1553 V UiModeManager: updateLocked: null action, mDockState=0, category=null
08-18 16:55:06.518  1553  1553 D UiModeManager: updateConfigurationLocked: mDockState=0; mCarMode=false; mNightMode=2; mNightModeCustomType=-1; uiMode=33
08-18 16:55:06.520  2451  3620 D PowerUI : can't show warning due to - plugged: true status unknown: false
08-18 16:55:06.533  1553  1553 V UiModeManager: updateLocked: null action, mDockState=0, category=null
08-18 16:55:06.533  1553  1553 D UiModeManager: updateConfigurationLocked: mDockState=0; mCarMode=false; mNightMode=2; mNightModeCustomType=-1; uiMode=33
08-18 16:55:06.535  2451  3634 D PowerUI : can't show warning due to - plugged: true status unknown: false
08-18 16:55:26.532  1553  2059 D BatteryService: uevent={POWER_SUPPLY_VOLTAGE_NOW=4396000, POWER_SUPPLY_VBUS_PRESENT=true, POWER_SUPPLY_TYPE=Battery, POWER_SUPPLY_HEALTH=Good, POWER_SUPPLY_TECHNOLOGY=Li-ion, POWER_SUPPLY_CHARGE_FULL_DESIGN=4945000, POWER_SUPPLY_CONSTANT_CHARGE_VOLTAGE=4710, SEQNUM=12474, POWER_SUPPLY_STATUS=Full, POWER_SUPPLY_CYCLE_COUNT=285, POWER_SUPPLY_CAPACITY=100, DEVPATH=/devices/platform/11b20000.i2c/i2c-5/5-0034/11b20000.i2c:mt6375@34:mtk_gauge/power_supply/battery, POWER_SUPPLY_CHARGE_RATE=Normal, POWER_SUPPLY_CURRENT_AVG=0, POWER_SUPPLY_CAPACITY_LEVEL=Full, POWER_SUPPLY_CURRENT_NOW=600, POWER_SUPPLY_PRESENT=1, POWER_SUPPLY_POWER_WATT=2, POWER_SUPPLY_CHARGE_FULL=4833000, POWER_SUPPLY_TIME_TO_FULL_NOW=0, SUBSYSTEM=power_supply, POWER_SUPPLY_TEMP=280, ACTION=change, POWER_SUPPLY_AGE=90, POWER_SUPPLY_NAME=battery, POWER_SUPPLY_LPD_PRESENT=false, POWER_SUPPLY_CHARGE_COUNTER=4833000}
08-18 16:55:26.534  1553  2059 D BatteryService: uevent={POWER_SUPPLY_VOLTAGE_NOW=4396000, POWER_SUPPLY_VBUS_PRESENT=true, POWER_SUPPLY_TYPE=Battery, POWER_SUPPLY_HEALTH=Good, POWER_SUPPLY_TECHNOLOGY=Li-ion, POWER_SUPPLY_CHARGE_FULL_DESIGN=4945000, POWER_SUPPLY_CONSTANT_CHARGE_VOLTAGE=4710, SEQNUM=12474, POWER_SUPPLY_STATUS=Full, POWER_SUPPLY_CYCLE_COUNT=285, POWER_SUPPLY_CAPACITY=100, DEVPATH=/devices/platform/11b20000.i2c/i2c-5/5-0034/11b20000.i2c:mt6375@34:mtk_gauge/power_supply/battery, POWER_SUPPLY_CHARGE_RATE=Normal, POWER_SUPPLY_CURRENT_AVG=0, POWER_SUPPLY_CAPACITY_LEVEL=Full, POWER_SUPPLY_CURRENT_NOW=600, POWER_SUPPLY_PRESENT=1, POWER_SUPPLY_POWER_WATT=2, POWER_SUPPLY_CHARGE_FULL=4833000, POWER_SUPPLY_TIME_TO_FULL_NOW=0, SUBSYSTEM=power_supply, POWER_SUPPLY_TEMP=280, ACTION=change, POWER_SUPPLY_AGE=90, POWER_SUPPLY_NAME=battery, POWER_SUPPLY_LPD_PRESENT=false, POWER_SUPPLY_CHARGE_COUNTER=4833000}
08-18 16:55:26.548  1553  1553 V UiModeManager: updateLocked: null action, mDockState=0, category=null
08-18 16:55:26.549  1553  1553 D UiModeManager: updateConfigurationLocked: mDockState=0; mCarMode=false; mNightMode=2; mNightModeCustomType=-1; uiMode=33
08-18 16:55:26.550  2451  3623 D PowerUI : can't show warning due to - plugged: true status unknown: false
08-18 16:55:29.518  1553  2065 I JobServiceContext: Letting 7ebd9ad #1000/10 com.motorola.android.providers.settings/.WriteFallbackMotorolaSettingsFilesJobService continue to run past min execution time
08-18 16:55:46.572  1553  2059 D BatteryService: uevent={POWER_SUPPLY_VOLTAGE_NOW=4395000, POWER_SUPPLY_VBUS_PRESENT=true, POWER_SUPPLY_TYPE=Battery, POWER_SUPPLY_HEALTH=Good, POWER_SUPPLY_TECHNOLOGY=Li-ion, POWER_SUPPLY_CHARGE_FULL_DESIGN=4945000, POWER_SUPPLY_CONSTANT_CHARGE_VOLTAGE=4710, SEQNUM=12476, POWER_SUPPLY_STATUS=Full, POWER_SUPPLY_CYCLE_COUNT=285, POWER_SUPPLY_CAPACITY=100, DEVPATH=/devices/platform/11b20000.i2c/i2c-5/5-0034/11b20000.i2c:mt6375@34:mtk_gauge/power_supply/battery, POWER_SUPPLY_CHARGE_RATE=Normal, POWER_SUPPLY_CURRENT_AVG=-300, POWER_SUPPLY_CAPACITY_LEVEL=Full, POWER_SUPPLY_CURRENT_NOW=0, POWER_SUPPLY_PRESENT=1, POWER_SUPPLY_POWER_WATT=2, POWER_SUPPLY_CHARGE_FULL=4833000, POWER_SUPPLY_TIME_TO_FULL_NOW=0, SUBSYSTEM=power_supply, POWER_SUPPLY_TEMP=280, ACTION=change, POWER_SUPPLY_AGE=90, POWER_SUPPLY_NAME=battery, POWER_SUPPLY_LPD_PRESENT=false, POWER_SUPPLY_CHARGE_COUNTER=4833000}
08-18 16:55:46.574  1553  2059 D BatteryService: uevent={POWER_SUPPLY_VOLTAGE_NOW=4395000, POWER_SUPPLY_VBUS_PRESENT=true, POWER_SUPPLY_TYPE=Battery, POWER_SUPPLY_HEALTH=Good, POWER_SUPPLY_TECHNOLOGY=Li-ion, POWER_SUPPLY_CHARGE_FULL_DESIGN=4945000, POWER_SUPPLY_CONSTANT_CHARGE_VOLTAGE=4710, SEQNUM=12476, POWER_SUPPLY_STATUS=Full, POWER_SUPPLY_CYCLE_COUNT=285, POWER_SUPPLY_CAPACITY=100, DEVPATH=/devices/platform/11b20000.i2c/i2c-5/5-0034/11b20000.i2c:mt6375@34:mtk_gauge/power_supply/battery, POWER_SUPPLY_CHARGE_RATE=Normal, POWER_SUPPLY_CURRENT_AVG=-300, POWER_SUPPLY_CAPACITY_LEVEL=Full, POWER_SUPPLY_CURRENT_NOW=0, POWER_SUPPLY_PRESENT=1, POWER_SUPPLY_POWER_WATT=2, POWER_SUPPLY_CHARGE_FULL=4833000, POWER_SUPPLY_TIME_TO_FULL_NOW=0, SUBSYSTEM=power_supply, POWER_SUPPLY_TEMP=280, ACTION=change, POWER_SUPPLY_AGE=90, POWER_SUPPLY_NAME=battery, POWER_SUPPLY_LPD_PRESENT=false, POWER_SUPPLY_CHARGE_COUNTER=4833000}
08-18 16:55:46.588  2451  3621 D PowerUI : can't show warning due to - plugged: true status unknown: false
08-18 16:55:46.588  1553  1553 V UiModeManager: updateLocked: null action, mDockState=0, category=null
08-18 16:55:46.589  1553  1553 D UiModeManager: updateConfigurationLocked: mDockState=0; mCarMode=false; mNightMode=2; mNightModeCustomType=-1; uiMode=33
08-18 16:55:46.592  1553  1553 V UiModeManager: updateLocked: null action, mDockState=0, category=null
08-18 16:55:46.594  1553  1553 D UiModeManager: updateConfigurationLocked: mDockState=0; mCarMode=false; mNightMode=2; mNightModeCustomType=-1; uiMode=33
08-18 16:55:46.594  2451  2872 D PowerUI : can't show warning due to - plugged: true status unknown: false
08-18 16:55:46.609  1553  1553 V UiModeManager: updateLocked: null action, mDockState=0, category=null
08-18 16:55:46.610  1553  1553 D UiModeManager: updateConfigurationLocked: mDockState=0; mCarMode=false; mNightMode=2; mNightModeCustomType=-1; uiMode=33
08-18 16:55:46.612  2451  3624 D PowerUI : can't show warning due to - plugged: true status unknown: false
08-18 16:56:06.602  1553  2059 D BatteryService: uevent={POWER_SUPPLY_VOLTAGE_NOW=4395000, POWER_SUPPLY_VBUS_PRESENT=true, POWER_SUPPLY_TYPE=Battery, POWER_SUPPLY_HEALTH=Good, POWER_SUPPLY_TECHNOLOGY=Li-ion, POWER_SUPPLY_CHARGE_FULL_DESIGN=4945000, POWER_SUPPLY_CONSTANT_CHARGE_VOLTAGE=4710, SEQNUM=12477, POWER_SUPPLY_STATUS=Full, POWER_SUPPLY_CYCLE_COUNT=285, POWER_SUPPLY_CAPACITY=100, DEVPATH=/devices/platform/11b20000.i2c/i2c-5/5-0034/11b20000.i2c:mt6375@34:mtk_gauge/power_supply/battery, POWER_SUPPLY_CHARGE_RATE=Normal, POWER_SUPPLY_CURRENT_AVG=-300, POWER_SUPPLY_CAPACITY_LEVEL=Full, POWER_SUPPLY_CURRENT_NOW=0, POWER_SUPPLY_PRESENT=1, POWER_SUPPLY_POWER_WATT=2, POWER_SUPPLY_CHARGE_FULL=4833000, POWER_SUPPLY_TIME_TO_FULL_NOW=0, SUBSYSTEM=power_supply, POWER_SUPPLY_TEMP=280, ACTION=change, POWER_SUPPLY_AGE=90, POWER_SUPPLY_NAME=battery, POWER_SUPPLY_LPD_PRESENT=false, POWER_SUPPLY_CHARGE_COUNTER=4833000}
08-18 16:56:06.603  1553  2059 D BatteryService: uevent={POWER_SUPPLY_VOLTAGE_NOW=4395000, POWER_SUPPLY_VBUS_PRESENT=true, POWER_SUPPLY_TYPE=Battery, POWER_SUPPLY_HEALTH=Good, POWER_SUPPLY_TECHNOLOGY=Li-ion, POWER_SUPPLY_CHARGE_FULL_DESIGN=4945000, POWER_SUPPLY_CONSTANT_CHARGE_VOLTAGE=4710, SEQNUM=12477, POWER_SUPPLY_STATUS=Full, POWER_SUPPLY_CYCLE_COUNT=285, POWER_SUPPLY_CAPACITY=100, DEVPATH=/devices/platform/11b20000.i2c/i2c-5/5-0034/11b20000.i2c:mt6375@34:mtk_gauge/power_supply/battery, POWER_SUPPLY_CHARGE_RATE=Normal, POWER_SUPPLY_CURRENT_AVG=-300, POWER_SUPPLY_CAPACITY_LEVEL=Full, POWER_SUPPLY_CURRENT_NOW=0, POWER_SUPPLY_PRESENT=1, POWER_SUPPLY_POWER_WATT=2, POWER_SUPPLY_CHARGE_FULL=4833000, POWER_SUPPLY_TIME_TO_FULL_NOW=0, SUBSYSTEM=power_supply, POWER_SUPPLY_TEMP=280, ACTION=change, POWER_SUPPLY_AGE=90, POWER_SUPPLY_NAME=battery, POWER_SUPPLY_LPD_PRESENT=false, POWER_SUPPLY_CHARGE_COUNTER=4833000}
08-18 16:56:06.614  1553  1553 V UiModeManager: updateLocked: null action, mDockState=0, category=null
08-18 16:56:06.615  1553  1553 D UiModeManager: updateConfigurationLocked: mDockState=0; mCarMode=false; mNightMode=2; mNightModeCustomType=-1; uiMode=33
08-18 16:56:06.617  2451  3632 D PowerUI : can't show warning due to - plugged: true status unknown: false
08-18 16:56:06.631  1553  1553 V UiModeManager: updateLocked: null action, mDockState=0, category=null
08-18 16:56:06.632  1553  1553 D UiModeManager: updateConfigurationLocked: mDockState=0; mCarMode=false; mNightMode=2; mNightModeCustomType=-1; uiMode=33
08-18 16:56:06.636  2451  3622 D PowerUI : can't show warning due to - plugged: true status unknown: false
08-18 16:56:26.636  1553  2059 D BatteryService: uevent={POWER_SUPPLY_VOLTAGE_NOW=4395000, POWER_SUPPLY_VBUS_PRESENT=true, POWER_SUPPLY_TYPE=Battery, POWER_SUPPLY_HEALTH=Good, POWER_SUPPLY_TECHNOLOGY=Li-ion, POWER_SUPPLY_CHARGE_FULL_DESIGN=4945000, POWER_SUPPLY_CONSTANT_CHARGE_VOLTAGE=4710, SEQNUM=12478, POWER_SUPPLY_STATUS=Full, POWER_SUPPLY_CYCLE_COUNT=285, POWER_SUPPLY_CAPACITY=100, DEVPATH=/devices/platform/11b20000.i2c/i2c-5/5-0034/11b20000.i2c:mt6375@34:mtk_gauge/power_supply/battery, POWER_SUPPLY_CHARGE_RATE=Normal, POWER_SUPPLY_CURRENT_AVG=300, POWER_SUPPLY_CAPACITY_LEVEL=Full, POWER_SUPPLY_CURRENT_NOW=1800, POWER_SUPPLY_PRESENT=1, POWER_SUPPLY_POWER_WATT=2, POWER_SUPPLY_CHARGE_FULL=4833000, POWER_SUPPLY_TIME_TO_FULL_NOW=0, SUBSYSTEM=power_supply, POWER_SUPPLY_TEMP=280, ACTION=change, POWER_SUPPLY_AGE=90, POWER_SUPPLY_NAME=battery, POWER_SUPPLY_LPD_PRESENT=false, POWER_SUPPLY_CHARGE_COUNTER=4833000}
08-18 16:56:26.637  1553  2059 D BatteryService: uevent={POWER_SUPPLY_VOLTAGE_NOW=4395000, POWER_SUPPLY_VBUS_PRESENT=true, POWER_SUPPLY_TYPE=Battery, POWER_SUPPLY_HEALTH=Good, POWER_SUPPLY_TECHNOLOGY=Li-ion, POWER_SUPPLY_CHARGE_FULL_DESIGN=4945000, POWER_SUPPLY_CONSTANT_CHARGE_VOLTAGE=4710, SEQNUM=12478, POWER_SUPPLY_STATUS=Full, POWER_SUPPLY_CYCLE_COUNT=285, POWER_SUPPLY_CAPACITY=100, DEVPATH=/devices/platform/11b20000.i2c/i2c-5/5-0034/11b20000.i2c:mt6375@34:mtk_gauge/power_supply/battery, POWER_SUPPLY_CHARGE_RATE=Normal, POWER_SUPPLY_CURRENT_AVG=300, POWER_SUPPLY_CAPACITY_LEVEL=Full, POWER_SUPPLY_CURRENT_NOW=1800, POWER_SUPPLY_PRESENT=1, POWER_SUPPLY_POWER_WATT=2, POWER_SUPPLY_CHARGE_FULL=4833000, POWER_SUPPLY_TIME_TO_FULL_NOW=0, SUBSYSTEM=power_supply, POWER_SUPPLY_TEMP=280, ACTION=change, POWER_SUPPLY_AGE=90, POWER_SUPPLY_NAME=battery, POWER_SUPPLY_LPD_PRESENT=false, POWER_SUPPLY_CHARGE_COUNTER=4833000}
08-18 16:56:26.650  2451  3620 D PowerUI : can't show warning due to - plugged: true status unknown: false
08-18 16:56:26.651  1553  1553 V UiModeManager: updateLocked: null action, mDockState=0, category=null
08-18 16:56:26.652  1553  1553 D UiModeManager: updateConfigurationLocked: mDockState=0; mCarMode=false; mNightMode=2; mNightModeCustomType=-1; uiMode=33
08-18 16:56:26.655  1553  1553 V UiModeManager: updateLocked: null action, mDockState=0, category=null
08-18 16:56:26.655  1553  1553 D UiModeManager: updateConfigurationLocked: mDockState=0; mCarMode=false; mNightMode=2; mNightModeCustomType=-1; uiMode=33
08-18 16:56:26.657  2451  3634 D PowerUI : can't show warning due to - plugged: true status unknown: false
08-18 16:56:26.665  1553  1553 V UiModeManager: updateLocked: null action, mDockState=0, category=null
08-18 16:56:26.665  1553  1553 D UiModeManager: updateConfigurationLocked: mDockState=0; mCarMode=false; mNightMode=2; mNightModeCustomType=-1; uiMode=33
08-18 16:56:26.667  2451  3623 D PowerUI : can't show warning due to - plugged: true status unknown: false
08-18 16:56:46.178  1553 12761 D CompatibilityChangeReporter: Compat change id reported: 218533173; UID 10200; state: ENABLED
08-18 16:56:46.185  1553 12761 W ProcessStats: Tracking association SourceState{ea758b3 com.google.android.gms.persistent/10200 BTop #46683} whose proc state 2 is better than process ProcessState{fc6c545 com.google.android.gms.unstable/10200 pkg=com.google.android.gms} proc state 14 (1 skipped)
08-18 16:56:46.667  1553  2059 D BatteryService: uevent={POWER_SUPPLY_VOLTAGE_NOW=4396000, POWER_SUPPLY_VBUS_PRESENT=true, POWER_SUPPLY_TYPE=Battery, POWER_SUPPLY_HEALTH=Good, POWER_SUPPLY_TECHNOLOGY=Li-ion, POWER_SUPPLY_CHARGE_FULL_DESIGN=4945000, POWER_SUPPLY_CONSTANT_CHARGE_VOLTAGE=4710, SEQNUM=12479, POWER_SUPPLY_STATUS=Full, POWER_SUPPLY_CYCLE_COUNT=285, POWER_SUPPLY_CAPACITY=100, DEVPATH=/devices/platform/11b20000.i2c/i2c-5/5-0034/11b20000.i2c:mt6375@34:mtk_gauge/power_supply/battery, POWER_SUPPLY_CHARGE_RATE=Normal, POWER_SUPPLY_CURRENT_AVG=0, POWER_SUPPLY_CAPACITY_LEVEL=Full, POWER_SUPPLY_CURRENT_NOW=-600, POWER_SUPPLY_PRESENT=1, POWER_SUPPLY_POWER_WATT=2, POWER_SUPPLY_CHARGE_FULL=4833000, POWER_SUPPLY_TIME_TO_FULL_NOW=0, SUBSYSTEM=power_supply, POWER_SUPPLY_TEMP=280, ACTION=change, POWER_SUPPLY_AGE=90, POWER_SUPPLY_NAME=battery, POWER_SUPPLY_LPD_PRESENT=false, POWER_SUPPLY_CHARGE_COUNTER=4833000}
08-18 16:56:46.668  1553  2059 D BatteryService: uevent={POWER_SUPPLY_VOLTAGE_NOW=4396000, POWER_SUPPLY_VBUS_PRESENT=true, POWER_SUPPLY_TYPE=Battery, POWER_SUPPLY_HEALTH=Good, POWER_SUPPLY_TECHNOLOGY=Li-ion, POWER_SUPPLY_CHARGE_FULL_DESIGN=4945000, POWER_SUPPLY_CONSTANT_CHARGE_VOLTAGE=4710, SEQNUM=12479, POWER_SUPPLY_STATUS=Full, POWER_SUPPLY_CYCLE_COUNT=285, POWER_SUPPLY_CAPACITY=100, DEVPATH=/devices/platform/11b20000.i2c/i2c-5/5-0034/11b20000.i2c:mt6375@34:mtk_gauge/power_supply/battery, POWER_SUPPLY_CHARGE_RATE=Normal, POWER_SUPPLY_CURRENT_AVG=0, POWER_SUPPLY_CAPACITY_LEVEL=Full, POWER_SUPPLY_CURRENT_NOW=-600, POWER_SUPPLY_PRESENT=1, POWER_SUPPLY_POWER_WATT=2, POWER_SUPPLY_CHARGE_FULL=4833000, POWER_SUPPLY_TIME_TO_FULL_NOW=0, SUBSYSTEM=power_supply, POWER_SUPPLY_TEMP=280, ACTION=change, POWER_SUPPLY_AGE=90, POWER_SUPPLY_NAME=battery, POWER_SUPPLY_LPD_PRESENT=false, POWER_SUPPLY_CHARGE_COUNTER=4833000}
08-18 16:56:46.678  2451  3621 D PowerUI : can't show warning due to - plugged: true status unknown: false
08-18 16:56:46.684  1553  1553 V UiModeManager: updateLocked: null action, mDockState=0, category=null
08-18 16:56:46.685  1553  1553 D UiModeManager: updateConfigurationLocked: mDockState=0; mCarMode=false; mNightMode=2; mNightModeCustomType=-1; uiMode=33
08-18 16:56:46.687  2451  2872 D PowerUI : can't show warning due to - plugged: true status unknown: false
08-18 16:57:01.267  1553 12761 W ProcessStats: Tracking association SourceState{ea758b3 com.google.android.gms.persistent/10200 BTop #46684} whose proc state 2 is better than process ProcessState{fc6c545 com.google.android.gms.unstable/10200 pkg=com.google.android.gms} proc state 14 (1 skipped)
08-18 16:57:06.700  1553  2059 D BatteryService: uevent={POWER_SUPPLY_VOLTAGE_NOW=4396000, POWER_SUPPLY_VBUS_PRESENT=true, POWER_SUPPLY_TYPE=Battery, POWER_SUPPLY_HEALTH=Good, POWER_SUPPLY_TECHNOLOGY=Li-ion, POWER_SUPPLY_CHARGE_FULL_DESIGN=4945000, POWER_SUPPLY_CONSTANT_CHARGE_VOLTAGE=4710, SEQNUM=12480, POWER_SUPPLY_STATUS=Full, POWER_SUPPLY_CYCLE_COUNT=285, POWER_SUPPLY_CAPACITY=100, DEVPATH=/devices/platform/11b20000.i2c/i2c-5/5-0034/11b20000.i2c:mt6375@34:mtk_gauge/power_supply/battery, POWER_SUPPLY_CHARGE_RATE=Normal, POWER_SUPPLY_CURRENT_AVG=-900, POWER_SUPPLY_CAPACITY_LEVEL=Full, POWER_SUPPLY_CURRENT_NOW=1200, POWER_SUPPLY_PRESENT=1, POWER_SUPPLY_POWER_WATT=2, POWER_SUPPLY_CHARGE_FULL=4833000, POWER_SUPPLY_TIME_TO_FULL_NOW=0, SUBSYSTEM=power_supply, POWER_SUPPLY_TEMP=280, ACTION=change, POWER_SUPPLY_AGE=90, POWER_SUPPLY_NAME=battery, POWER_SUPPLY_LPD_PRESENT=false, POWER_SUPPLY_CHARGE_COUNTER=4833000}
08-18 16:57:06.700  1553  2059 D BatteryService: uevent={POWER_SUPPLY_VOLTAGE_NOW=4396000, POWER_SUPPLY_VBUS_PRESENT=true, POWER_SUPPLY_TYPE=Battery, POWER_SUPPLY_HEALTH=Good, POWER_SUPPLY_TECHNOLOGY=Li-ion, POWER_SUPPLY_CHARGE_FULL_DESIGN=4945000, POWER_SUPPLY_CONSTANT_CHARGE_VOLTAGE=4710, SEQNUM=12480, POWER_SUPPLY_STATUS=Full, POWER_SUPPLY_CYCLE_COUNT=285, POWER_SUPPLY_CAPACITY=100, DEVPATH=/devices/platform/11b20000.i2c/i2c-5/5-0034/11b20000.i2c:mt6375@34:mtk_gauge/power_supply/battery, POWER_SUPPLY_CHARGE_RATE=Normal, POWER_SUPPLY_CURRENT_AVG=-900, POWER_SUPPLY_CAPACITY_LEVEL=Full, POWER_SUPPLY_CURRENT_NOW=1200, POWER_SUPPLY_PRESENT=1, POWER_SUPPLY_POWER_WATT=2, POWER_SUPPLY_CHARGE_FULL=4833000, POWER_SUPPLY_TIME_TO_FULL_NOW=0, SUBSYSTEM=power_supply, POWER_SUPPLY_TEMP=280, ACTION=change, POWER_SUPPLY_AGE=90, POWER_SUPPLY_NAME=battery, POWER_SUPPLY_LPD_PRESENT=false, POWER_SUPPLY_CHARGE_COUNTER=4833000}
08-18 16:57:06.714  1553  1553 V UiModeManager: updateLocked: null action, mDockState=0, category=null
08-18 16:57:06.714  1553  1553 D UiModeManager: updateConfigurationLocked: mDockState=0; mCarMode=false; mNightMode=2; mNightModeCustomType=-1; uiMode=33
08-18 16:57:06.716  2451  3624 D PowerUI : can't show warning due to - plugged: true status unknown: false
08-18 16:57:06.717  1553  1553 V UiModeManager: updateLocked: null action, mDockState=0, category=null
08-18 16:57:06.717  1553  1553 D UiModeManager: updateConfigurationLocked: mDockState=0; mCarMode=false; mNightMode=2; mNightModeCustomType=-1; uiMode=33
08-18 16:57:26.731  1553  2059 D BatteryService: uevent={POWER_SUPPLY_VOLTAGE_NOW=4396000, POWER_SUPPLY_VBUS_PRESENT=true, POWER_SUPPLY_TYPE=Battery, POWER_SUPPLY_HEALTH=Good, POWER_SUPPLY_TECHNOLOGY=Li-ion, POWER_SUPPLY_CHARGE_FULL_DESIGN=4945000, POWER_SUPPLY_CONSTANT_CHARGE_VOLTAGE=4710, SEQNUM=12481, POWER_SUPPLY_STATUS=Full, POWER_SUPPLY_CYCLE_COUNT=285, POWER_SUPPLY_CAPACITY=100, DEVPATH=/devices/platform/11b20000.i2c/i2c-5/5-0034/11b20000.i2c:mt6375@34:mtk_gauge/power_supply/battery, POWER_SUPPLY_CHARGE_RATE=Normal, POWER_SUPPLY_CURRENT_AVG=-600, POWER_SUPPLY_CAPACITY_LEVEL=Full, POWER_SUPPLY_CURRENT_NOW=0, POWER_SUPPLY_PRESENT=1, POWER_SUPPLY_POWER_WATT=2, POWER_SUPPLY_CHARGE_FULL=4833000, POWER_SUPPLY_TIME_TO_FULL_NOW=0, SUBSYSTEM=power_supply, POWER_SUPPLY_TEMP=280, ACTION=change, POWER_SUPPLY_AGE=90, POWER_SUPPLY_NAME=battery, POWER_SUPPLY_LPD_PRESENT=false, POWER_SUPPLY_CHARGE_COUNTER=4833000}
08-18 16:57:26.732  1553  2059 D BatteryService: uevent={POWER_SUPPLY_VOLTAGE_NOW=4396000, POWER_SUPPLY_VBUS_PRESENT=true, POWER_SUPPLY_TYPE=Battery, POWER_SUPPLY_HEALTH=Good, POWER_SUPPLY_TECHNOLOGY=Li-ion, POWER_SUPPLY_CHARGE_FULL_DESIGN=4945000, POWER_SUPPLY_CONSTANT_CHARGE_VOLTAGE=4710, SEQNUM=12481, POWER_SUPPLY_STATUS=Full, POWER_SUPPLY_CYCLE_COUNT=285, POWER_SUPPLY_CAPACITY=100, DEVPATH=/devices/platform/11b20000.i2c/i2c-5/5-0034/11b20000.i2c:mt6375@34:mtk_gauge/power_supply/battery, POWER_SUPPLY_CHARGE_RATE=Normal, POWER_SUPPLY_CURRENT_AVG=-600, POWER_SUPPLY_CAPACITY_LEVEL=Full, POWER_SUPPLY_CURRENT_NOW=0, POWER_SUPPLY_PRESENT=1, POWER_SUPPLY_POWER_WATT=2, POWER_SUPPLY_CHARGE_FULL=4833000, POWER_SUPPLY_TIME_TO_FULL_NOW=0, SUBSYSTEM=power_supply, POWER_SUPPLY_TEMP=280, ACTION=change, POWER_SUPPLY_AGE=90, POWER_SUPPLY_NAME=battery, POWER_SUPPLY_LPD_PRESENT=false, POWER_SUPPLY_CHARGE_COUNTER=4833000}
08-18 16:57:26.742  2451  3632 D PowerUI : can't show warning due to - plugged: true status unknown: false
08-18 16:57:26.749  1553  1553 V UiModeManager: updateLocked: null action, mDockState=0, category=null
08-18 16:57:26.750  1553  1553 D UiModeManager: updateConfigurationLocked: mDockState=0; mCarMode=false; mNightMode=2; mNightModeCustomType=-1; uiMode=33
08-18 16:57:26.752  2451  3622 D PowerUI : can't show warning due to - plugged: true status unknown: false
08-18 16:57:31.531  1553 12205 W BatteryExternalStatsWorker: error reading Bluetooth stats: 11
08-18 16:57:44.464  1553 12761 I DreamManagerService: awaken by com.android.systemui callingUid=10337 callingPid=2451
08-18 16:57:44.466  1553 12761 V PowerManager: userActivity when=19813026 event=0 flags=0 displayId=0 by (android) callers=android.os.PowerManager.userActivity:1464 com.android.server.dreams.DreamManagerService.requestAwakenInternal:452 com.android.server.dreams.DreamManagerService.-$$Nest$mrequestAwakenInternal:0 
08-18 16:57:44.471  1553  1873 I WindowManager: awakenDreams callers=com.android.server.policy.PhoneWindowManager.startDockOrHome:8111 com.android.server.policy.PhoneWindowManager.startDockOrHome:8145 com.android.server.policy.PhoneWindowManager.launchHomeFromHotKey:5234 com.android.server.policy.PhoneWindowManager.launchHomeFromHotKey:5186 com.android.server.policy.PhoneWindowManager.handleShortPressOnHome:2418 
08-18 16:57:44.472  1553  1873 I DreamManagerService: awaken by com.mediatek.location.lppe.main callingUid=1000 callingPid=1553
08-18 16:57:44.472  1553  1873 V PowerManager: userActivity when=19813034 event=0 flags=0 displayId=0 by (android) callers=android.os.PowerManager.userActivity:1464 com.android.server.dreams.DreamManagerService.requestAwakenInternal:452 com.android.server.dreams.DreamManagerService.-$$Nest$mrequestAwakenInternal:0 
08-18 16:57:44.490  1553  1873 I SettingsAccessControlPolicy: isDeviceSettingsChangeDisabled: value -> false
08-18 16:57:44.496  1553  1873 D ActivityTaskManager: getPreferredLaunchDisplay userset_displayid true user set display id 0, current focus display 0
08-18 16:57:44.496  1553  1873 D ActivityTaskManager: getPreferredLaunchDisplay userset_displayid true user set display id 0, current focus display 0
08-18 16:57:44.497  1553  1873 D ActivityTaskManager: getPreferredLaunchDisplay userset_displayid true user set display id 0, current focus display 0
08-18 16:57:44.497  1553  1873 D ActivityTaskManager: getPreferredLaunchDisplay userset_displayid true user set display id 0, current focus display 0
08-18 16:57:44.497  1553  1873 D ActivityTaskManager: [GlobalFreeform] use default Rect(162, 162 - 1242, 1929) scale=0.7 for ActivityRecord{bd1b2ae u0 com.motorola.launcher3/com.android.launcher3.CustomizationPanelLauncher t359}
08-18 16:57:44.499  1553  1873 D PowerManagerService: nativeSetPowerMode ret:true mode:5 enabled:true duration ms: 0
08-18 16:57:44.516  2451  2483 V WindowManagerShell: Transition requested: android.os.BinderProxy@dd1e303 TransitionRequestInfo { type = 1, triggerTask = TaskInfo{userId=0 taskId=359 displayId=0 isRunning=true baseIntent=Intent { act=android.intent.action.MAIN cat=[android.intent.category.HOME] flg=0x10000100 cmp=com.motorola.launcher3/com.android.launcher3.CustomizationPanelLauncher } baseActivity=ComponentInfo{com.motorola.launcher3/com.android.launcher3.uioverrides.QuickstepLauncher} topActivity=ComponentInfo{com.motorola.launcher3/com.android.launcher3.uioverrides.QuickstepLauncher} origActivity=ComponentInfo{com.motorola.launcher3/com.android.launcher3.CustomizationPanelLauncher} realActivity=ComponentInfo{com.motorola.launcher3/com.android.launcher3.uioverrides.QuickstepLauncher} numActivities=1 lastActiveTime=59626856 supportsMultiWindow=true supportsGlobalFreeform=true resizeMode=2 isResizeable=true isAppLocked=false canKillAndRestart=false isShowDecorCaptionWindowRequest=false minWidth=-1 minHeight=-1 defaultMinSize=200 token=WCT{android.window.IWindowContainerToken$Stub$Proxy@cdac280} topActivityType=2 pictureInPictureParams=null shouldDockBigOverlays=false launchIntoPipHostTaskId=-1 lastParentTaskIdBeforePip=-1 displayCutoutSafeInsets=null topActivityInfo=ActivityInfo{f6800b9 com.android.launcher3.CustomizationPanelLauncher} launchCookies=[] positionInParent=Point(0, 0) parentTaskId=-1 isFocused=true isVisible=false isVisibleRequested=true isSleeping=false topActivityInSizeCompat=false topActivityEligibleForLetterboxEducation= false topActivityLetterboxed= false isFromDoubleTap= false topActivityLetterboxVerticalPosition= -1 topActivityLetterboxHorizontalPosition= -1 topActivityLetterboxWidth=-1 topActivityLetterboxHeight=-1 locusId=LocusId[17_chars] displayAreaFeatureId=1 cameraCompatControlState=hidden}, remoteTransition = null, displayChange = null, flags = 0 }
08-18 16:57:44.518  1553  1873 I ActivityTaskManager: START u0 {act=android.intent.action.MAIN cat=[android.intent.category.HOME] flg=0x10000100 cmp=com.motorola.launcher3/com.android.launcher3.CustomizationPanelLauncher (has extras)} with LAUNCH_SINGLE_TASK from uid 0 (startHomeActivity: startDockOrHome:0:0:0) (BAL_ALLOW_ALLOWLISTED_UID) result code=2
08-18 16:57:44.520  1553  1873 W ActivityTaskManager:   Force finishing activity com.example.integra_date/.MainActivity
08-18 16:57:44.521  1553  1873 I ActivityManager: Killing 17210:com.example.integra_date/u0a462 (adj 0, setSvc -10000): user request after error
08-18 16:57:44.526  1553  1873 D CoreBackPreview: Window{f049a42 u0 Application Not Responding: com.example.integra_date}: Setting back callback null
08-18 16:57:44.529  1553  1875 W ProcessStats: Tracking association SourceState{47ddecb com.google.android.gms.persistent/1110200 Service #46690} whose proc state 8 is better than process ProcessState{1af92d9 com.google.android.gms.unstable/1110200 pkg=com.google.android.gms} proc state 14 (1 skipped)
08-18 16:57:44.549  2728  2728 D VRI[CustomizationPanelLauncher]: update {(0,0)(fillxfill) sim={adjust=nothing forwardNavigation} layoutInDisplayCutoutMode=always ty=BASE_APPLICATION fmt=TRANSPARENT wanim=0x10302f2
08-18 16:57:44.549  2728  2728 D VRI[CustomizationPanelLauncher]:   fl=BLUR_BEHIND LAYOUT_IN_SCREEN LAYOUT_INSET_DECOR SHOW_WALLPAPER SPLIT_TOUCH HARDWARE_ACCELERATED DRAWS_SYSTEM_BAR_BACKGROUNDS
08-18 16:57:44.549  2728  2728 D VRI[CustomizationPanelLauncher]:   pfl=NO_MOVE_ANIMATION OPTIMIZE_MEASURE FORCE_DRAW_STATUS_BAR_BACKGROUND USE_BLAST FIT_INSETS_CONTROLLED
08-18 16:57:44.549  2728  2728 D VRI[CustomizationPanelLauncher]:   vsysui=LAYOUT_STABLE LAYOUT_HIDE_NAVIGATION LAYOUT_FULLSCREEN
08-18 16:57:44.549  2728  2728 D VRI[CustomizationPanelLauncher]:   bhv=DEFAULT
08-18 16:57:44.549  2728  2728 D VRI[CustomizationPanelLauncher]:   fitSides=} by setLayoutParams
08-18 16:57:44.555  2451  2483 D WindowManagerShell: onActivityRestartAttempt: ComponentInfo{com.motorola.launcher3/com.android.launcher3.uioverrides.QuickstepLauncher}
08-18 16:57:44.613  1553  1875 V WindowManager: Unknown focus tokens, dropping reportFocusChanged
08-18 16:57:44.645  1553  2065 D CompatibilityChangeReporter: Compat change id reported: 265195908; UID 10462; state: ENABLED
08-18 16:57:44.669  1553  1876 I LaunchCheckinHandler: MotoDisplayed com.motorola.launcher3/com.android.launcher3.CustomizationPanelLauncher,wp,wa,188
08-18 16:57:44.673  1553 12218 D ActivityManager: unfreezing ProcessRecord{3c548b8 29348:com.google.android.gms/u0a200}, reason = shouldNotFreeze_service_1: ProcessRecord{c853363 27085:com.google.android.googlequicksearchbox:googleapp/u0a247}, adj = 100, adjType = service, adjSource = ProcessRecord{c853363 27085:com.google.android.googlequicksearchbox:googleapp/u0a247}
08-18 16:57:44.676  1553 12218 D ActivityManager: sync unfroze 29348 com.google.android.gms for 4
08-18 16:57:44.679  1553 12205 I ActivityManager: appDiedLocked: app=ProcessRecord{1e049cb 17210:com.example.integra_date/u0a462} thread=android.os.BinderProxy@f454511 fromBinderDied=true isKilledByAm=true reason=null
08-18 16:57:44.682  1553  2555 W JobScheduler: Job didn't exist in JobStore: a8ae731 #u0a306/0 com.motorola.bach.modemstats/.nrcheckin.NRCheckinJobService
08-18 16:57:44.685  1553  2052 D PowerManagerService: nativeSetPowerMode ret:true mode:5 enabled:false duration ms: 0
08-18 16:57:44.688  1553 12205 D RestartModeController: markWaitRestartAppIsSuicided null processName=com.example.integra_date
08-18 16:57:44.691  1553 11758 I WindowManager: WIN DEATH: Window{e6db6fa u0 com.example.integra_date/com.example.integra_date.MainActivity}
08-18 16:57:44.691  1553  1873 D DisplayManagerService: Drop pending events for gone uid 10462
08-18 16:57:44.703  1553 12205 D ActivityTaskManager: handleAppDied: uid=10462,diedCount=1,lastDiedTime=18413374,forceStopUids=false
08-18 16:57:44.771  2451  2483 V WindowManagerShell: onTransitionReady android.os.BinderProxy@dd1e303: {id=64 t=OPEN f=0x0 trk=0 r=[0@Point(0, 0)] c=[{WCT{android.window.IWindowContainerToken$Stub$Proxy@ffcb0a} m=TO_FRONT f=SHOW_WALLPAPER|MOVE_TO_TOP pTaskId=-1 leash=Surface(name=Task=1)/@0x796dcfe sb=Rect(0, 0 - 1080, 2400) eb=Rect(0, 0 - 1080, 2400) d=0},{WCT{android.window.IWindowContainerToken$Stub$Proxy@82af7b} m=TO_BACK f=NONE pTaskId=-1 leash=Surface(name=Task=381)/@0xd05ac5f sb=Rect(0, 0 - 1080, 2400) eb=Rect(0, 0 - 1080, 2400) d=0},{null m=TO_FRONT f=IS_WALLPAPER leash=Surface(name=WallpaperWindowToken{9fd761c token=android.os.Binder@b1ef38f})/@0x66986ac sb=Rect(0, 0 - 1080, 2400) eb=Rect(0, 0 - 1080, 2400) d=0}]}
08-18 16:57:44.771  2451  2483 V WindowManagerShell: Playing animation for (#64)android.os.BinderProxy@dd1e303@0
08-18 16:57:44.772  2451  2483 V WindowManagerShell:  try handler com.android.wm.shell.transition.DefaultMixedHandler@3b36ba5
08-18 16:57:44.772  2451  2483 V WindowManagerShell:  try handler com.android.wm.shell.keyguard.KeyguardTransitionHandler@4cf4b7a
08-18 16:57:44.772  2451  2483 V WindowManagerShell:  try handler com.android.wm.shell.activityembedding.ActivityEmbeddingController@f9e7f2b
08-18 16:57:44.773  2451  2483 V WindowManagerShell:  try handler com.android.wm.shell.recents.RecentsTransitionHandler@77d6f88
08-18 16:57:44.773  2451  2483 V ShellRecents: RecentsTransitionHandler.startAnimation: no controller found
08-18 16:57:44.773  2451  2483 V WindowManagerShell:  try handler com.android.wm.shell.pip.PipTransition@3941d21
08-18 16:57:44.783  2451  2483 V WindowManagerShell:  try handler com.android.wm.shell.splitscreen.StageCoordinator@f76a546
08-18 16:57:44.783  2451  2483 V WindowManagerShell:  try handler com.android.wm.shell.transition.RemoteTransitionHandler@603e307
08-18 16:57:44.784  2451  2483 V WindowManagerShell: Transition doesn't have explicit remote, search filters for match for {id=64 t=OPEN f=0x0 trk=0 r=[0@Point(0, 0)] c=[{WCT{android.window.IWindowContainerToken$Stub$Proxy@ffcb0a} m=TO_FRONT f=SHOW_WALLPAPER|MOVE_TO_TOP pTaskId=-1 leash=Surface(name=Task=1)/@0x796dcfe sb=Rect(0, 0 - 1080, 2400) eb=Rect(0, 0 - 1080, 2400) d=0},{WCT{android.window.IWindowContainerToken$Stub$Proxy@82af7b} m=TO_BACK f=NONE pTaskId=-1 leash=Surface(name=Task=381)/@0xd05ac5f sb=Rect(0, 0 - 1080, 2400) eb=Rect(0, 0 - 1080, 2400) d=0},{null m=TO_FRONT f=IS_WALLPAPER leash=Surface(name=WallpaperWindowToken{9fd761c token=android.os.Binder@b1ef38f})/@0x66986ac sb=Rect(0, 0 - 1080, 2400) eb=Rect(0, 0 - 1080, 2400) d=0}]}
